Archive member included because of file (symbol)

/usr/local/Cellar/avr-gcc/4.7.2/lib/gcc/avr/4.7.2/avr5/libgcc.a(_exit.o)
                              /usr/local/Cellar/avr-gcc/4.7.2/lib/gcc/avr/4.7.2/../../../../avr/lib/avr5/crtm32u4.o (exit)
/usr/local/Cellar/avr-gcc/4.7.2/lib/gcc/avr/4.7.2/avr5/libgcc.a(_tablejump.o)
                              lib-vimyak/modes/normal-mode.o (__tablejump2__)
/usr/local/Cellar/avr-gcc/4.7.2/lib/gcc/avr/4.7.2/avr5/libgcc.a(_copy_data.o)
                              main.o (__do_copy_data)
/usr/local/Cellar/avr-gcc/4.7.2/lib/gcc/avr/4.7.2/avr5/libgcc.a(_clear_bss.o)
                              main.o (__do_clear_bss)

Allocating common symbols
Common symbol       size              file

main_loop_row       0x1               main.o
_keypress_message_sent
                    0x1               lib-vimyak/vimyak.o
_exit_function      0x2               lib-vimyak/vimyak.o
__modifier          0x1               lib-vimyak/modes/normal-mode.o
main_layers_pressed
                    0x54              main.o
_repeating_key      0x1               lib-vimyak/vimyak.o
main_arg_row        0x1               main.o
_command_function   0x2               lib-vimyak/vimyak.o
main_arg_layer      0x1               main.o
my_modifiers        0x1               lib-vimyak/modes/mode-utilities.o
layers              0x28              main.o
main_arg_was_pressed
                    0x1               main.o
_visual_mode_line_count
                    0x2               lib-vimyak/modes/visual-mode.o
_repeating_modified_key
                    0x1               lib-vimyak/vimyak.o
_flush_keys         0x1               lib-vimyak/vimyak.o
__key               0x1               lib-vimyak/modes/normal-mode.o
_keyboard_state     0x1               lib-vimyak/vimyak.o
main_arg_is_pressed
                    0x1               main.o
repeater_index      0x1               lib-vimyak/modes/normal-mode.o
_repeater           0x1               lib-vimyak/modes/mode-utilities.o
_ignore_rest_of_keys
                    0x1               lib-vimyak/vimyak.o
main_loop_col       0x1               main.o
main_arg_layer_offset
                    0x1               main.o
_previous_state     0x1               lib-vimyak/vimyak.o
main_arg_col        0x1               main.o

Discarded input sections

 .bss           0x0000000000000000        0x0 /usr/local/Cellar/avr-gcc/4.7.2/lib/gcc/avr/4.7.2/../../../../avr/lib/avr5/crtm32u4.o
 .text          0x0000000000000000        0x0 main.o
 .bss           0x0000000000000000        0x0 main.o
 .text.main_layers_get_offset_id
                0x0000000000000000       0x2a main.o
 .text          0x0000000000000000        0x0 keyboard/ergodox/controller.o
 .bss           0x0000000000000000        0x0 keyboard/ergodox/controller.o
 .text          0x0000000000000000        0x0 keyboard/ergodox/controller/mcp23018.o
 .bss           0x0000000000000000        0x0 keyboard/ergodox/controller/mcp23018.o
 .text          0x0000000000000000        0x0 keyboard/ergodox/controller/teensy-2-0.o
 .bss           0x0000000000000000        0x0 keyboard/ergodox/controller/teensy-2-0.o
 .text          0x0000000000000000        0x0 keyboard/ergodox/layout/default--layout.o
 .bss           0x0000000000000000        0x0 keyboard/ergodox/layout/default--layout.o
 .text          0x0000000000000000        0x0 lib/key-functions/private.o
 .bss           0x0000000000000000        0x0 lib/key-functions/private.o
 .text._kbfun_is_pressed
                0x0000000000000000       0x7c lib/key-functions/private.o
 .text          0x0000000000000000        0x0 lib/twi/teensy-2-0.o
 .bss           0x0000000000000000        0x0 lib/twi/teensy-2-0.o
 .text          0x0000000000000000        0x0 lib/usb/TODO.o
 .bss           0x0000000000000000        0x0 lib/usb/TODO.o
 .text          0x0000000000000000        0x0 lib/key-functions/public/basic.o
 .bss           0x0000000000000000        0x0 lib/key-functions/public/basic.o
 .text.kbfun_toggle
                0x0000000000000000       0x50 lib/key-functions/public/basic.o
 .text.kbfun_layer_push_2
                0x0000000000000000        0x6 lib/key-functions/public/basic.o
 .text.kbfun_layer_push_3
                0x0000000000000000        0x6 lib/key-functions/public/basic.o
 .text.kbfun_layer_push_4
                0x0000000000000000        0x6 lib/key-functions/public/basic.o
 .text.kbfun_layer_push_5
                0x0000000000000000        0x6 lib/key-functions/public/basic.o
 .text.kbfun_layer_push_6
                0x0000000000000000        0x6 lib/key-functions/public/basic.o
 .text.kbfun_layer_push_7
                0x0000000000000000        0x6 lib/key-functions/public/basic.o
 .text.kbfun_layer_push_8
                0x0000000000000000        0x6 lib/key-functions/public/basic.o
 .text.kbfun_layer_push_9
                0x0000000000000000        0x6 lib/key-functions/public/basic.o
 .text.kbfun_layer_push_10
                0x0000000000000000        0x6 lib/key-functions/public/basic.o
 .text          0x0000000000000000        0x0 lib/key-functions/public/device.o
 .bss           0x0000000000000000        0x0 lib/key-functions/public/device.o
 .text          0x0000000000000000        0x0 lib/key-functions/public/special.o
 .bss           0x0000000000000000        0x0 lib/key-functions/public/special.o
 .text.numpad_toggle_numlock
                0x0000000000000000       0x18 lib/key-functions/public/special.o
 .text.kbfun_shift_press_release
                0x0000000000000000        0xe lib/key-functions/public/special.o
 .text.kbfun_2_keys_capslock_press_release
                0x0000000000000000       0xbe lib/key-functions/public/special.o
 .text.kbfun_layer_push_numpad
                0x0000000000000000       0x42 lib/key-functions/public/special.o
 .text.kbfun_layer_pop_numpad
                0x0000000000000000       0x10 lib/key-functions/public/special.o
 .bss.keys_pressed.1654
                0x0000000000000000        0x1 lib/key-functions/public/special.o
 .bss.lshift_pressed.1655
                0x0000000000000000        0x1 lib/key-functions/public/special.o
 .bss.rshift_pressed.1656
                0x0000000000000000        0x1 lib/key-functions/public/special.o
 .bss.numpad_layer_id
                0x0000000000000000        0x1 lib/key-functions/public/special.o
 .text          0x0000000000000000        0x0 lib-other/pjrc/usb_keyboard/usb_keyboard.o
 .bss           0x0000000000000000        0x0 lib-other/pjrc/usb_keyboard/usb_keyboard.o
 .text.usb_keyboard_press
                0x0000000000000000       0x1e lib-other/pjrc/usb_keyboard/usb_keyboard.o
 .text          0x0000000000000000        0x0 lib-vimyak/vimyak.o
 .bss           0x0000000000000000        0x0 lib-vimyak/vimyak.o
 .text.set_clear_buffer
                0x0000000000000000        0x8 lib-vimyak/vimyak.o
 .text          0x0000000000000000        0x0 lib-vimyak/modes/insert-mode.o
 .bss           0x0000000000000000        0x0 lib-vimyak/modes/insert-mode.o
 .text          0x0000000000000000        0x0 lib-vimyak/modes/mode-utilities.o
 .bss           0x0000000000000000        0x0 lib-vimyak/modes/mode-utilities.o
 .text.__debug_it
                0x0000000000000000       0x34 lib-vimyak/modes/mode-utilities.o
 .text.__debug_num
                0x0000000000000000       0x3c lib-vimyak/modes/mode-utilities.o
 .text.__do_delay
                0x0000000000000000        0xe lib-vimyak/modes/mode-utilities.o
 .text.__go_soft_beginning_of_lineNONScrivener
                0x0000000000000000        0xe lib-vimyak/modes/mode-utilities.o
 .text.__go_end_of_file
                0x0000000000000000       0x1a lib-vimyak/modes/mode-utilities.o
 .text.__go_beginning_of_file
                0x0000000000000000       0x1a lib-vimyak/modes/mode-utilities.o
 .rodata.CSWTCH.65
                0x0000000000000000        0xa lib-vimyak/modes/mode-utilities.o
 .rodata.CSWTCH.68
                0x0000000000000000        0xa lib-vimyak/modes/mode-utilities.o
 .text          0x0000000000000000        0x0 lib-vimyak/modes/normal-mode.o
 .bss           0x0000000000000000        0x0 lib-vimyak/modes/normal-mode.o
 .text._do_visual_mode_line_exit_function
                0x0000000000000000        0x4 lib-vimyak/modes/normal-mode.o
 .text          0x0000000000000000        0x0 lib-vimyak/modes/visual-mode.o
 .bss           0x0000000000000000        0x0 lib-vimyak/modes/visual-mode.o
 .text          0x0000000000000000        0x0 /usr/local/Cellar/avr-gcc/4.7.2/lib/gcc/avr/4.7.2/avr5/libgcc.a(_exit.o)
 .bss           0x0000000000000000        0x0 /usr/local/Cellar/avr-gcc/4.7.2/lib/gcc/avr/4.7.2/avr5/libgcc.a(_exit.o)
 .text.libgcc.mul
                0x0000000000000000        0x0 /usr/local/Cellar/avr-gcc/4.7.2/lib/gcc/avr/4.7.2/avr5/libgcc.a(_exit.o)
 .text.libgcc.div
                0x0000000000000000        0x0 /usr/local/Cellar/avr-gcc/4.7.2/lib/gcc/avr/4.7.2/avr5/libgcc.a(_exit.o)
 .text.libgcc   0x0000000000000000        0x0 /usr/local/Cellar/avr-gcc/4.7.2/lib/gcc/avr/4.7.2/avr5/libgcc.a(_exit.o)
 .text.libgcc.prologue
                0x0000000000000000        0x0 /usr/local/Cellar/avr-gcc/4.7.2/lib/gcc/avr/4.7.2/avr5/libgcc.a(_exit.o)
 .text.libgcc.builtins
                0x0000000000000000        0x0 /usr/local/Cellar/avr-gcc/4.7.2/lib/gcc/avr/4.7.2/avr5/libgcc.a(_exit.o)
 .text.libgcc.fmul
                0x0000000000000000        0x0 /usr/local/Cellar/avr-gcc/4.7.2/lib/gcc/avr/4.7.2/avr5/libgcc.a(_exit.o)
 .text          0x0000000000000000        0x0 /usr/local/Cellar/avr-gcc/4.7.2/lib/gcc/avr/4.7.2/avr5/libgcc.a(_tablejump.o)
 .bss           0x0000000000000000        0x0 /usr/local/Cellar/avr-gcc/4.7.2/lib/gcc/avr/4.7.2/avr5/libgcc.a(_tablejump.o)
 .text.libgcc.mul
                0x0000000000000000        0x0 /usr/local/Cellar/avr-gcc/4.7.2/lib/gcc/avr/4.7.2/avr5/libgcc.a(_tablejump.o)
 .text.libgcc.div
                0x0000000000000000        0x0 /usr/local/Cellar/avr-gcc/4.7.2/lib/gcc/avr/4.7.2/avr5/libgcc.a(_tablejump.o)
 .text.libgcc.prologue
                0x0000000000000000        0x0 /usr/local/Cellar/avr-gcc/4.7.2/lib/gcc/avr/4.7.2/avr5/libgcc.a(_tablejump.o)
 .text.libgcc.builtins
                0x0000000000000000        0x0 /usr/local/Cellar/avr-gcc/4.7.2/lib/gcc/avr/4.7.2/avr5/libgcc.a(_tablejump.o)
 .text.libgcc.fmul
                0x0000000000000000        0x0 /usr/local/Cellar/avr-gcc/4.7.2/lib/gcc/avr/4.7.2/avr5/libgcc.a(_tablejump.o)
 .text          0x0000000000000000        0x0 /usr/local/Cellar/avr-gcc/4.7.2/lib/gcc/avr/4.7.2/avr5/libgcc.a(_copy_data.o)
 .bss           0x0000000000000000        0x0 /usr/local/Cellar/avr-gcc/4.7.2/lib/gcc/avr/4.7.2/avr5/libgcc.a(_copy_data.o)
 .text.libgcc.mul
                0x0000000000000000        0x0 /usr/local/Cellar/avr-gcc/4.7.2/lib/gcc/avr/4.7.2/avr5/libgcc.a(_copy_data.o)
 .text.libgcc.div
                0x0000000000000000        0x0 /usr/local/Cellar/avr-gcc/4.7.2/lib/gcc/avr/4.7.2/avr5/libgcc.a(_copy_data.o)
 .text.libgcc   0x0000000000000000        0x0 /usr/local/Cellar/avr-gcc/4.7.2/lib/gcc/avr/4.7.2/avr5/libgcc.a(_copy_data.o)
 .text.libgcc.prologue
                0x0000000000000000        0x0 /usr/local/Cellar/avr-gcc/4.7.2/lib/gcc/avr/4.7.2/avr5/libgcc.a(_copy_data.o)
 .text.libgcc.builtins
                0x0000000000000000        0x0 /usr/local/Cellar/avr-gcc/4.7.2/lib/gcc/avr/4.7.2/avr5/libgcc.a(_copy_data.o)
 .text.libgcc.fmul
                0x0000000000000000        0x0 /usr/local/Cellar/avr-gcc/4.7.2/lib/gcc/avr/4.7.2/avr5/libgcc.a(_copy_data.o)
 .text          0x0000000000000000        0x0 /usr/local/Cellar/avr-gcc/4.7.2/lib/gcc/avr/4.7.2/avr5/libgcc.a(_clear_bss.o)
 .bss           0x0000000000000000        0x0 /usr/local/Cellar/avr-gcc/4.7.2/lib/gcc/avr/4.7.2/avr5/libgcc.a(_clear_bss.o)
 .text.libgcc.mul
                0x0000000000000000        0x0 /usr/local/Cellar/avr-gcc/4.7.2/lib/gcc/avr/4.7.2/avr5/libgcc.a(_clear_bss.o)
 .text.libgcc.div
                0x0000000000000000        0x0 /usr/local/Cellar/avr-gcc/4.7.2/lib/gcc/avr/4.7.2/avr5/libgcc.a(_clear_bss.o)
 .text.libgcc   0x0000000000000000        0x0 /usr/local/Cellar/avr-gcc/4.7.2/lib/gcc/avr/4.7.2/avr5/libgcc.a(_clear_bss.o)
 .text.libgcc.prologue
                0x0000000000000000        0x0 /usr/local/Cellar/avr-gcc/4.7.2/lib/gcc/avr/4.7.2/avr5/libgcc.a(_clear_bss.o)
 .text.libgcc.builtins
                0x0000000000000000        0x0 /usr/local/Cellar/avr-gcc/4.7.2/lib/gcc/avr/4.7.2/avr5/libgcc.a(_clear_bss.o)
 .text.libgcc.fmul
                0x0000000000000000        0x0 /usr/local/Cellar/avr-gcc/4.7.2/lib/gcc/avr/4.7.2/avr5/libgcc.a(_clear_bss.o)

Memory Configuration

Name             Origin             Length             Attributes
text             0x0000000000000000 0x0000000000020000 xr
data             0x0000000000800060 0x000000000000ffa0 rw !x
eeprom           0x0000000000810000 0x0000000000010000 rw !x
fuse             0x0000000000820000 0x0000000000000400 rw !x
lock             0x0000000000830000 0x0000000000000400 rw !x
signature        0x0000000000840000 0x0000000000000400 rw !x
*default*        0x0000000000000000 0xffffffffffffffff

Linker script and memory map

Address of section .data set to 0x800100
LOAD /usr/local/Cellar/avr-gcc/4.7.2/lib/gcc/avr/4.7.2/../../../../avr/lib/avr5/crtm32u4.o
LOAD main.o
LOAD keyboard/ergodox/controller.o
LOAD keyboard/ergodox/controller/mcp23018.o
LOAD keyboard/ergodox/controller/teensy-2-0.o
LOAD keyboard/ergodox/layout/default--layout.o
LOAD lib/key-functions/private.o
LOAD lib/twi/teensy-2-0.o
LOAD lib/usb/TODO.o
LOAD lib/key-functions/public/basic.o
LOAD lib/key-functions/public/device.o
LOAD lib/key-functions/public/special.o
LOAD lib-other/pjrc/usb_keyboard/usb_keyboard.o
LOAD lib-vimyak/vimyak.o
LOAD lib-vimyak/modes/insert-mode.o
LOAD lib-vimyak/modes/mode-utilities.o
LOAD lib-vimyak/modes/normal-mode.o
LOAD lib-vimyak/modes/visual-mode.o
LOAD /usr/local/Cellar/avr-gcc/4.7.2/lib/gcc/avr/4.7.2/avr5/libgcc.a
LOAD /usr/local/Cellar/avr-gcc/4.7.2/lib/gcc/avr/4.7.2/../../../../avr/lib/avr5/libc.a
LOAD /usr/local/Cellar/avr-gcc/4.7.2/lib/gcc/avr/4.7.2/avr5/libgcc.a

.hash
 *(.hash)

.dynsym
 *(.dynsym)

.dynstr
 *(.dynstr)

.gnu.version
 *(.gnu.version)

.gnu.version_d
 *(.gnu.version_d)

.gnu.version_r
 *(.gnu.version_r)

.rel.init
 *(.rel.init)

.rela.init
 *(.rela.init)

.rel.text
 *(.rel.text)
 *(.rel.text.*)
 *(.rel.gnu.linkonce.t*)

.rela.text
 *(.rela.text)
 *(.rela.text.*)
 *(.rela.gnu.linkonce.t*)

.rel.fini
 *(.rel.fini)

.rela.fini
 *(.rela.fini)

.rel.rodata
 *(.rel.rodata)
 *(.rel.rodata.*)
 *(.rel.gnu.linkonce.r*)

.rela.rodata
 *(.rela.rodata)
 *(.rela.rodata.*)
 *(.rela.gnu.linkonce.r*)

.rel.data
 *(.rel.data)
 *(.rel.data.*)
 *(.rel.gnu.linkonce.d*)

.rela.data
 *(.rela.data)
 *(.rela.data.*)
 *(.rela.gnu.linkonce.d*)

.rel.ctors
 *(.rel.ctors)

.rela.ctors
 *(.rela.ctors)

.rel.dtors
 *(.rel.dtors)

.rela.dtors
 *(.rela.dtors)

.rel.got
 *(.rel.got)

.rela.got
 *(.rela.got)

.rel.bss
 *(.rel.bss)

.rela.bss
 *(.rela.bss)

.rel.plt
 *(.rel.plt)

.rela.plt
 *(.rela.plt)

.text           0x0000000000000000     0x2ef6
 *(.vectors)
 .vectors       0x0000000000000000       0xac /usr/local/Cellar/avr-gcc/4.7.2/lib/gcc/avr/4.7.2/../../../../avr/lib/avr5/crtm32u4.o
                0x0000000000000000                __vectors
                0x0000000000000000                __vector_default
 *(.vectors)
 *(.progmem.gcc*)
 .progmem.gcc_sw_table._empty_command
                0x00000000000000ac       0xde lib-vimyak/modes/normal-mode.o
 *(.progmem*)
 .progmem.data._kb_layout_release
                0x000000000000018a      0x690 keyboard/ergodox/layout/default--layout.o
                0x000000000000018a                _kb_layout_release
 .progmem.data._kb_layout_press
                0x000000000000081a      0x690 keyboard/ergodox/layout/default--layout.o
                0x000000000000081a                _kb_layout_press
 .progmem.data._kb_layout
                0x0000000000000eaa      0x348 keyboard/ergodox/layout/default--layout.o
                0x0000000000000eaa                _kb_layout
 .progmem.data.descriptor_list
                0x00000000000011f2       0x31 lib-other/pjrc/usb_keyboard/usb_keyboard.o
 .progmem.data.endpoint_config_table
                0x0000000000001223        0x6 lib-other/pjrc/usb_keyboard/usb_keyboard.o
 .progmem.data.device_descriptor
                0x0000000000001229       0x12 lib-other/pjrc/usb_keyboard/usb_keyboard.o
 .progmem.data.config1_descriptor
                0x000000000000123b       0x22 lib-other/pjrc/usb_keyboard/usb_keyboard.o
 .progmem.data.keyboard_hid_report_desc
                0x000000000000125d       0x3f lib-other/pjrc/usb_keyboard/usb_keyboard.o
 .progmem.data.string0
                0x000000000000129c        0x4 lib-other/pjrc/usb_keyboard/usb_keyboard.o
 .progmem.data.string1
                0x00000000000012a0       0x1a lib-other/pjrc/usb_keyboard/usb_keyboard.o
 .progmem.data.string2
                0x00000000000012ba       0x38 lib-other/pjrc/usb_keyboard/usb_keyboard.o
                0x00000000000012f2                . = ALIGN (0x2)
                0x00000000000012f2                __trampolines_start = .
 *(.trampolines)
 .trampolines   0x00000000000012f2        0x0 linker stubs
 *(.trampolines*)
                0x00000000000012f2                __trampolines_end = .
 *(.jumptables)
 *(.jumptables*)
 *(.lowtext)
 *(.lowtext*)
                0x00000000000012f2                __ctors_start = .
 *(.ctors)
                0x00000000000012f2                __ctors_end = .
                0x00000000000012f2                __dtors_start = .
 *(.dtors)
                0x00000000000012f2                __dtors_end = .
 SORT(*)(.ctors)
 SORT(*)(.dtors)
 *(.init0)
 .init0         0x00000000000012f2        0x0 /usr/local/Cellar/avr-gcc/4.7.2/lib/gcc/avr/4.7.2/../../../../avr/lib/avr5/crtm32u4.o
                0x00000000000012f2                __init
 *(.init0)
 *(.init1)
 *(.init1)
 *(.init2)
 .init2         0x00000000000012f2        0xc /usr/local/Cellar/avr-gcc/4.7.2/lib/gcc/avr/4.7.2/../../../../avr/lib/avr5/crtm32u4.o
 *(.init2)
 *(.init3)
 *(.init3)
 *(.init4)
 .init4         0x00000000000012fe       0x16 /usr/local/Cellar/avr-gcc/4.7.2/lib/gcc/avr/4.7.2/avr5/libgcc.a(_copy_data.o)
                0x00000000000012fe                __do_copy_data
 .init4         0x0000000000001314       0x10 /usr/local/Cellar/avr-gcc/4.7.2/lib/gcc/avr/4.7.2/avr5/libgcc.a(_clear_bss.o)
                0x0000000000001314                __do_clear_bss
 *(.init4)
 *(.init5)
 *(.init5)
 *(.init6)
 *(.init6)
 *(.init7)
 *(.init7)
 *(.init8)
 *(.init8)
 *(.init9)
 .init9         0x0000000000001324        0x6 /usr/local/Cellar/avr-gcc/4.7.2/lib/gcc/avr/4.7.2/../../../../avr/lib/avr5/crtm32u4.o
 *(.init9)
 *(.text)
 .text          0x000000000000132a        0x4 /usr/local/Cellar/avr-gcc/4.7.2/lib/gcc/avr/4.7.2/../../../../avr/lib/avr5/crtm32u4.o
                0x000000000000132a                __vector_42
                0x000000000000132a                __vector_22
                0x000000000000132a                __vector_28
                0x000000000000132a                __vector_1
                0x000000000000132a                __vector_32
                0x000000000000132a                __vector_34
                0x000000000000132a                __vector_24
                0x000000000000132a                __vector_12
                0x000000000000132a                __bad_interrupt
                0x000000000000132a                __vector_6
                0x000000000000132a                __vector_31
                0x000000000000132a                __vector_35
                0x000000000000132a                __vector_39
                0x000000000000132a                __vector_3
                0x000000000000132a                __vector_23
                0x000000000000132a                __vector_30
                0x000000000000132a                __vector_25
                0x000000000000132a                __vector_13
                0x000000000000132a                __vector_17
                0x000000000000132a                __vector_19
                0x000000000000132a                __vector_7
                0x000000000000132a                __vector_41
                0x000000000000132a                __vector_27
                0x000000000000132a                __vector_5
                0x000000000000132a                __vector_33
                0x000000000000132a                __vector_37
                0x000000000000132a                __vector_4
                0x000000000000132a                __vector_9
                0x000000000000132a                __vector_2
                0x000000000000132a                __vector_21
                0x000000000000132a                __vector_15
                0x000000000000132a                __vector_36
                0x000000000000132a                __vector_29
                0x000000000000132a                __vector_40
                0x000000000000132a                __vector_8
                0x000000000000132a                __vector_26
                0x000000000000132a                __vector_14
                0x000000000000132a                __vector_16
                0x000000000000132a                __vector_18
                0x000000000000132a                __vector_20
                0x000000000000132a                __vector_38
                0x000000000000132e                . = ALIGN (0x2)
 *(.text.*)
 .text.main_exec_key
                0x000000000000132e       0x60 main.o
                0x000000000000132e                main_exec_key
 .text.main_layers_peek
                0x000000000000138e       0x1e main.o
                0x000000000000138e                main_layers_peek
 .text.startup.main
                0x00000000000013ac      0x156 main.o
                0x00000000000013ac                main
 .text.main_layers_push
                0x0000000000001502       0x44 main.o
                0x0000000000001502                main_layers_push
 .text.main_layers_pop_id
                0x0000000000001546       0x70 main.o
                0x0000000000001546                main_layers_pop_id
 .text.kb_init  0x00000000000015b6       0x18 keyboard/ergodox/controller.o
                0x00000000000015b6                kb_init
 .text.kb_update_matrix
                0x00000000000015ce       0x24 keyboard/ergodox/controller.o
                0x00000000000015ce                kb_update_matrix
 .text.mcp23018_init
                0x00000000000015f2       0x56 keyboard/ergodox/controller/mcp23018.o
                0x00000000000015f2                mcp23018_init
 .text.mcp23018_update_matrix
                0x0000000000001648       0xf4 keyboard/ergodox/controller/mcp23018.o
                0x0000000000001648                mcp23018_update_matrix
 .text.teensy_init
                0x000000000000173c      0x192 keyboard/ergodox/controller/teensy-2-0.o
                0x000000000000173c                teensy_init
 .text.teensy_update_matrix
                0x00000000000018ce      0x29e keyboard/ergodox/controller/teensy-2-0.o
                0x00000000000018ce                teensy_update_matrix
 .text.kbfun_layer_pop_all
                0x0000000000001b6c       0x14 keyboard/ergodox/layout/default--layout.o
                0x0000000000001b6c                kbfun_layer_pop_all
 .text._kbfun_press_release
                0x0000000000001b80       0xe8 lib/key-functions/private.o
                0x0000000000001b80                _kbfun_press_release
 .text.twi_init
                0x0000000000001c68       0x12 lib/twi/teensy-2-0.o
                0x0000000000001c68                twi_init
 .text.twi_start
                0x0000000000001c7a       0x2e lib/twi/teensy-2-0.o
                0x0000000000001c7a                twi_start
 .text.twi_stop
                0x0000000000001ca8       0x10 lib/twi/teensy-2-0.o
                0x0000000000001ca8                twi_stop
 .text.twi_send
                0x0000000000001cb8       0x3c lib/twi/teensy-2-0.o
                0x0000000000001cb8                twi_send
 .text.twi_read
                0x0000000000001cf4       0x2c lib/twi/teensy-2-0.o
                0x0000000000001cf4                twi_read
 .text.layer_pop
                0x0000000000001d20       0x1e lib/key-functions/public/basic.o
 .text.layer_push
                0x0000000000001d3e       0x4e lib/key-functions/public/basic.o
 .text.kbfun_press_release
                0x0000000000001d8c       0x2e lib/key-functions/public/basic.o
                0x0000000000001d8c                kbfun_press_release
 .text.kbfun_transparent
                0x0000000000001dba       0x2c lib/key-functions/public/basic.o
                0x0000000000001dba                kbfun_transparent
 .text.kbfun_layer_push_1
                0x0000000000001de6        0x4 lib/key-functions/public/basic.o
                0x0000000000001de6                kbfun_layer_push_1
 .text.kbfun_layer_pop_1
                0x0000000000001dea        0x4 lib/key-functions/public/basic.o
                0x0000000000001dea                kbfun_layer_pop_1
 .text.kbfun_layer_pop_2
                0x0000000000001dee        0x4 lib/key-functions/public/basic.o
                0x0000000000001dee                kbfun_layer_pop_2
 .text.kbfun_layer_pop_3
                0x0000000000001df2        0x4 lib/key-functions/public/basic.o
                0x0000000000001df2                kbfun_layer_pop_3
 .text.kbfun_layer_pop_4
                0x0000000000001df6        0x4 lib/key-functions/public/basic.o
                0x0000000000001df6                kbfun_layer_pop_4
 .text.kbfun_layer_pop_5
                0x0000000000001dfa        0x4 lib/key-functions/public/basic.o
                0x0000000000001dfa                kbfun_layer_pop_5
 .text.kbfun_layer_pop_6
                0x0000000000001dfe        0x4 lib/key-functions/public/basic.o
                0x0000000000001dfe                kbfun_layer_pop_6
 .text.kbfun_layer_pop_7
                0x0000000000001e02        0x4 lib/key-functions/public/basic.o
                0x0000000000001e02                kbfun_layer_pop_7
 .text.kbfun_layer_pop_8
                0x0000000000001e06        0x4 lib/key-functions/public/basic.o
                0x0000000000001e06                kbfun_layer_pop_8
 .text.kbfun_layer_pop_9
                0x0000000000001e0a        0x4 lib/key-functions/public/basic.o
                0x0000000000001e0a                kbfun_layer_pop_9
 .text.kbfun_layer_pop_10
                0x0000000000001e0e        0x4 lib/key-functions/public/basic.o
                0x0000000000001e0e                kbfun_layer_pop_10
 .text.kbfun_jump_to_bootloader
                0x0000000000001e12       0x64 lib/key-functions/public/device.o
                0x0000000000001e12                kbfun_jump_to_bootloader
 .text.usb_wait_in_ready
                0x0000000000001e76        0xa lib-other/pjrc/usb_keyboard/usb_keyboard.o
 .text.usb_init
                0x0000000000001e80       0x2e lib-other/pjrc/usb_keyboard/usb_keyboard.o
                0x0000000000001e80                usb_init
 .text.usb_configured
                0x0000000000001eae        0x6 lib-other/pjrc/usb_keyboard/usb_keyboard.o
                0x0000000000001eae                usb_configured
 .text.usb_keyboard_send
                0x0000000000001eb4       0x70 lib-other/pjrc/usb_keyboard/usb_keyboard.o
                0x0000000000001eb4                usb_keyboard_send
 .text.__vector_10
                0x0000000000001f24       0xb4 lib-other/pjrc/usb_keyboard/usb_keyboard.o
                0x0000000000001f24                __vector_10
 .text.__vector_11
                0x0000000000001fd8      0x2ca lib-other/pjrc/usb_keyboard/usb_keyboard.o
                0x0000000000001fd8                __vector_11
 .text.get_keyboard_state
                0x00000000000022a2        0x6 lib-vimyak/vimyak.o
                0x00000000000022a2                get_keyboard_state
 .text.set_keyboard_state
                0x00000000000022a8        0x6 lib-vimyak/vimyak.o
                0x00000000000022a8                set_keyboard_state
 .text.set_skip_further_commands
                0x00000000000022ae        0x8 lib-vimyak/vimyak.o
                0x00000000000022ae                set_skip_further_commands
 .text.set_repeatable_key
                0x00000000000022b6        0x8 lib-vimyak/vimyak.o
                0x00000000000022b6                set_repeatable_key
 .text.set_repeatable_modified_key
                0x00000000000022be        0x8 lib-vimyak/vimyak.o
                0x00000000000022be                set_repeatable_modified_key
 .text._handle_sending_of_keys
                0x00000000000022c6       0x70 lib-vimyak/vimyak.o
                0x00000000000022c6                _handle_sending_of_keys
 .text._LEDhandler
                0x0000000000002336       0x4a lib-vimyak/vimyak.o
                0x0000000000002336                _LEDhandler
 .text._vimyak_reset
                0x0000000000002380        0xa lib-vimyak/vimyak.o
                0x0000000000002380                _vimyak_reset
 .text.vimyak_init
                0x000000000000238a        0x2 lib-vimyak/vimyak.o
                0x000000000000238a                vimyak_init
 .text._key_handler
                0x000000000000238c       0x2a lib-vimyak/vimyak.o
                0x000000000000238c                _key_handler
 .text._pre_command_handler
                0x00000000000023b6        0xe lib-vimyak/vimyak.o
                0x00000000000023b6                _pre_command_handler
 .text.vimyak_keyhandler
                0x00000000000023c4       0x64 lib-vimyak/vimyak.o
                0x00000000000023c4                vimyak_keyhandler
 .text.insert_mode_loop
                0x0000000000002428       0x8a lib-vimyak/modes/insert-mode.o
                0x0000000000002428                insert_mode_loop
 .text._set_command_function
                0x00000000000024b2        0xa lib-vimyak/modes/mode-utilities.o
                0x00000000000024b2                _set_command_function
 .text._set_state
                0x00000000000024bc       0x3a lib-vimyak/modes/mode-utilities.o
                0x00000000000024bc                _set_state
 .text._do_command_reset
                0x00000000000024f6        0x4 lib-vimyak/modes/mode-utilities.o
                0x00000000000024f6                _do_command_reset
 .text._repeater_addition
                0x00000000000024fa       0x1a lib-vimyak/modes/mode-utilities.o
                0x00000000000024fa                _repeater_addition
 .text._reset_repeater
                0x0000000000002514        0x6 lib-vimyak/modes/mode-utilities.o
                0x0000000000002514                _reset_repeater
 .text._get_repeater
                0x000000000000251a        0x6 lib-vimyak/modes/mode-utilities.o
                0x000000000000251a                _get_repeater
 .text.__do_send
                0x0000000000002520       0x28 lib-vimyak/modes/mode-utilities.o
                0x0000000000002520                __do_send
 .text.__go_beginning_of_line
                0x0000000000002548       0x16 lib-vimyak/modes/mode-utilities.o
                0x0000000000002548                __go_beginning_of_line
 .text.__go_end_of_line
                0x000000000000255e       0x16 lib-vimyak/modes/mode-utilities.o
                0x000000000000255e                __go_end_of_line
 .text.__go_soft_beginning_of_line
                0x0000000000002574        0x4 lib-vimyak/modes/mode-utilities.o
                0x0000000000002574                __go_soft_beginning_of_line
 .text.__do_select_all_word
                0x0000000000002578        0xc lib-vimyak/modes/mode-utilities.o
                0x0000000000002578                __do_select_all_word
 .text.__do_copy_selection
                0x0000000000002584        0xc lib-vimyak/modes/mode-utilities.o
                0x0000000000002584                __do_copy_selection
 .text.__do_paste
                0x0000000000002590        0xc lib-vimyak/modes/mode-utilities.o
                0x0000000000002590                __do_paste
 .text.__do_delete_backwards
                0x000000000000259c        0xa lib-vimyak/modes/mode-utilities.o
                0x000000000000259c                __do_delete_backwards
 .text.__do_set_mark
                0x00000000000025a6        0xc lib-vimyak/modes/mode-utilities.o
                0x00000000000025a6                __do_set_mark
 .text.__do_swap_with_mark
                0x00000000000025b2        0xc lib-vimyak/modes/mode-utilities.o
                0x00000000000025b2                __do_swap_with_mark
 .text.__do_select_line
                0x00000000000025be        0xc lib-vimyak/modes/mode-utilities.o
                0x00000000000025be                __do_select_line
 .text.__do_up  0x00000000000025ca       0x18 lib-vimyak/modes/mode-utilities.o
                0x00000000000025ca                __do_up
 .text.__do_down
                0x00000000000025e2       0x18 lib-vimyak/modes/mode-utilities.o
                0x00000000000025e2                __do_down
 .text.__do_left
                0x00000000000025fa       0x18 lib-vimyak/modes/mode-utilities.o
                0x00000000000025fa                __do_left
 .text.__do_right
                0x0000000000002612       0x18 lib-vimyak/modes/mode-utilities.o
                0x0000000000002612                __do_right
 .text.__do_left_word
                0x000000000000262a       0x1e lib-vimyak/modes/mode-utilities.o
                0x000000000000262a                __do_left_word
 .text.__do_right_word
                0x0000000000002648       0x1e lib-vimyak/modes/mode-utilities.o
                0x0000000000002648                __do_right_word
 .text.__do_scroll_up
                0x0000000000002666        0xc lib-vimyak/modes/mode-utilities.o
                0x0000000000002666                __do_scroll_up
 .text.__do_scroll_down
                0x0000000000002672        0xc lib-vimyak/modes/mode-utilities.o
                0x0000000000002672                __do_scroll_down
 .text.__do_insert_space
                0x000000000000267e        0x6 lib-vimyak/modes/mode-utilities.o
                0x000000000000267e                __do_insert_space
 .text.__go_page_down
                0x0000000000002684       0x18 lib-vimyak/modes/mode-utilities.o
                0x0000000000002684                __go_page_down
 .text.__go_page_up
                0x000000000000269c       0x18 lib-vimyak/modes/mode-utilities.o
                0x000000000000269c                __go_page_up
 .text.__do_select_all_file
                0x00000000000026b4        0xc lib-vimyak/modes/mode-utilities.o
                0x00000000000026b4                __do_select_all_file
 .text._do_command_space
                0x00000000000026c0        0xc lib-vimyak/modes/mode-utilities.o
                0x00000000000026c0                _do_command_space
 .text._single_key_handler_hack
                0x00000000000026cc        0xa lib-vimyak/modes/normal-mode.o
                0x00000000000026cc                _single_key_handler_hack
 .text._do_command_option_f
                0x00000000000026d6        0xc lib-vimyak/modes/normal-mode.o
                0x00000000000026d6                _do_command_option_f
 .text._do_save
                0x00000000000026e2        0xc lib-vimyak/modes/normal-mode.o
                0x00000000000026e2                _do_save
 .text._do_quit
                0x00000000000026ee        0xc lib-vimyak/modes/normal-mode.o
                0x00000000000026ee                _do_quit
 .text._do_end_of_line
                0x00000000000026fa        0xc lib-vimyak/modes/normal-mode.o
                0x00000000000026fa                _do_end_of_line
 .text._do_hard_beginning_of_line
                0x0000000000002706        0xc lib-vimyak/modes/normal-mode.o
                0x0000000000002706                _do_hard_beginning_of_line
 .text._do_find
                0x0000000000002712        0xc lib-vimyak/modes/normal-mode.o
                0x0000000000002712                _do_find
 .text._do_undo
                0x000000000000271e        0xc lib-vimyak/modes/normal-mode.o
                0x000000000000271e                _do_undo
 .text._subst_char
                0x000000000000272a        0xa lib-vimyak/modes/normal-mode.o
                0x000000000000272a                _subst_char
 .text._do_back_one_char
                0x0000000000002734        0xa lib-vimyak/modes/normal-mode.o
                0x0000000000002734                _do_back_one_char
 .text._do_select_next_char
                0x000000000000273e        0xc lib-vimyak/modes/normal-mode.o
                0x000000000000273e                _do_select_next_char
 .text._do_paste_previous_line
                0x000000000000274a       0x2e lib-vimyak/modes/normal-mode.o
                0x000000000000274a                _do_paste_previous_line
 .text._do_paste
                0x0000000000002778       0x2e lib-vimyak/modes/normal-mode.o
                0x0000000000002778                _do_paste
 .text._do_open_line_below
                0x00000000000027a6       0x16 lib-vimyak/modes/normal-mode.o
                0x00000000000027a6                _do_open_line_below
 .text._do_next_find_backward
                0x00000000000027bc        0xa lib-vimyak/modes/normal-mode.o
                0x00000000000027bc                _do_next_find_backward
 .text._do_next_find_forward
                0x00000000000027c6        0xc lib-vimyak/modes/normal-mode.o
                0x00000000000027c6                _do_next_find_forward
 .text._do_append_eol
                0x00000000000027d2        0xc lib-vimyak/modes/normal-mode.o
                0x00000000000027d2                _do_append_eol
 .text._do_append
                0x00000000000027de        0xa lib-vimyak/modes/normal-mode.o
                0x00000000000027de                _do_append
 .text._do_soft_beginning_of_line
                0x00000000000027e8        0x2 lib-vimyak/modes/normal-mode.o
                0x00000000000027e8                _do_soft_beginning_of_line
 .text._do_open_line_above
                0x00000000000027ea       0x16 lib-vimyak/modes/normal-mode.o
                0x00000000000027ea                _do_open_line_above
 .text._do_insert_soft_beginning_of_line
                0x0000000000002800        0x2 lib-vimyak/modes/normal-mode.o
                0x0000000000002800                _do_insert_soft_beginning_of_line
 .text._do_copy_selection
                0x0000000000002802        0x2 lib-vimyak/modes/normal-mode.o
                0x0000000000002802                _do_copy_selection
 .text._do_next_word
                0x0000000000002804        0x4 lib-vimyak/modes/normal-mode.o
                0x0000000000002804                _do_next_word
 .text._do_copy_word
                0x0000000000002808        0xa lib-vimyak/modes/normal-mode.o
                0x0000000000002808                _do_copy_word
 .text._do_end_word
                0x0000000000002812        0xc lib-vimyak/modes/normal-mode.o
                0x0000000000002812                _do_end_word
 .text._do_delete_all_word
                0x000000000000281e        0xc lib-vimyak/modes/normal-mode.o
                0x000000000000281e                _do_delete_all_word
 .text._do_copy_all_word
                0x000000000000282a        0x8 lib-vimyak/modes/normal-mode.o
                0x000000000000282a                _do_copy_all_word
 .text._do_copy_line
                0x0000000000002832       0x38 lib-vimyak/modes/normal-mode.o
                0x0000000000002832                _do_copy_line
 .text._do_scroll_down
                0x000000000000286a        0x2 lib-vimyak/modes/normal-mode.o
                0x000000000000286a                _do_scroll_down
 .text._do_scroll_up
                0x000000000000286c        0x2 lib-vimyak/modes/normal-mode.o
                0x000000000000286c                _do_scroll_up
 .text._do_beginning_of_file
                0x000000000000286e        0x6 lib-vimyak/modes/normal-mode.o
                0x000000000000286e                _do_beginning_of_file
 .text._do_end_of_file
                0x0000000000002874        0x6 lib-vimyak/modes/normal-mode.o
                0x0000000000002874                _do_end_of_file
 .text._do_page_up
                0x000000000000287a        0x4 lib-vimyak/modes/normal-mode.o
                0x000000000000287a                _do_page_up
 .text._do_delete_word
                0x000000000000287e        0x6 lib-vimyak/modes/normal-mode.o
                0x000000000000287e                _do_delete_word
 .text._do_change_word
                0x0000000000002884        0x6 lib-vimyak/modes/normal-mode.o
                0x0000000000002884                _do_change_word
 .text._do_change_all_word
                0x000000000000288a        0x6 lib-vimyak/modes/normal-mode.o
                0x000000000000288a                _do_change_all_word
 .text._do_change_line
                0x0000000000002890       0x36 lib-vimyak/modes/normal-mode.o
                0x0000000000002890                _do_change_line
 .text._do_delete_line
                0x00000000000028c6       0x72 lib-vimyak/modes/normal-mode.o
                0x00000000000028c6                _do_delete_line
 .text._do_page_down
                0x0000000000002938        0x4 lib-vimyak/modes/normal-mode.o
                0x0000000000002938                _do_page_down
 .text._do_previous_word
                0x000000000000293c        0x4 lib-vimyak/modes/normal-mode.o
                0x000000000000293c                _do_previous_word
 .text.__colon  0x0000000000002940       0x20 lib-vimyak/modes/normal-mode.o
                0x0000000000002940                __colon
 .text._command_handler
                0x0000000000002960       0x14 lib-vimyak/modes/normal-mode.o
                0x0000000000002960                _command_handler
 .text.__colon_w
                0x0000000000002974       0x10 lib-vimyak/modes/normal-mode.o
                0x0000000000002974                __colon_w
 .text.__colon_q
                0x0000000000002984       0x10 lib-vimyak/modes/normal-mode.o
                0x0000000000002984                __colon_q
 .text.__y      0x0000000000002994       0x2c lib-vimyak/modes/normal-mode.o
                0x0000000000002994                __y
 .text.__ya     0x00000000000029c0       0x10 lib-vimyak/modes/normal-mode.o
                0x00000000000029c0                __ya
 .text.__g      0x00000000000029d0       0x10 lib-vimyak/modes/normal-mode.o
                0x00000000000029d0                __g
 .text.__d      0x00000000000029e0       0x2c lib-vimyak/modes/normal-mode.o
                0x00000000000029e0                __d
 .text.__da     0x0000000000002a0c       0x10 lib-vimyak/modes/normal-mode.o
                0x0000000000002a0c                __da
 .text.__c      0x0000000000002a1c       0x30 lib-vimyak/modes/normal-mode.o
                0x0000000000002a1c                __c
 .text.__ca     0x0000000000002a4c       0x14 lib-vimyak/modes/normal-mode.o
                0x0000000000002a4c                __ca
 .text._single_key_command
                0x0000000000002a60        0xe lib-vimyak/modes/normal-mode.o
                0x0000000000002a60                _single_key_command
 .text._empty_command
                0x0000000000002a6e      0x300 lib-vimyak/modes/normal-mode.o
                0x0000000000002a6e                _empty_command
 .text.normal_mode_loop
                0x0000000000002d6e        0xa lib-vimyak/modes/normal-mode.o
                0x0000000000002d6e                normal_mode_loop
 .text.normal_mode_setup
                0x0000000000002d78        0xe lib-vimyak/modes/normal-mode.o
                0x0000000000002d78                normal_mode_setup
 .text._do_visual_mode_exit_function
                0x0000000000002d86        0x2 lib-vimyak/modes/visual-mode.o
                0x0000000000002d86                _do_visual_mode_exit_function
 .text._empty_line_command
                0x0000000000002d88       0x8e lib-vimyak/modes/visual-mode.o
                0x0000000000002d88                _empty_line_command
 .text._empty_char_command
                0x0000000000002e16       0x66 lib-vimyak/modes/visual-mode.o
                0x0000000000002e16                _empty_char_command
 .text._visual_mode_reset
                0x0000000000002e7c        0xa lib-vimyak/modes/visual-mode.o
                0x0000000000002e7c                _visual_mode_reset
 .text.visual_mode_char_loop
                0x0000000000002e86        0xa lib-vimyak/modes/visual-mode.o
                0x0000000000002e86                visual_mode_char_loop
 .text.visual_mode_char_setup
                0x0000000000002e90       0x20 lib-vimyak/modes/visual-mode.o
                0x0000000000002e90                visual_mode_char_setup
 .text.visual_mode_line_loop
                0x0000000000002eb0        0xa lib-vimyak/modes/visual-mode.o
                0x0000000000002eb0                visual_mode_line_loop
 .text.visual_mode_line_setup
                0x0000000000002eba       0x2c lib-vimyak/modes/visual-mode.o
                0x0000000000002eba                visual_mode_line_setup
 .text.libgcc   0x0000000000002ee6        0xc /usr/local/Cellar/avr-gcc/4.7.2/lib/gcc/avr/4.7.2/avr5/libgcc.a(_tablejump.o)
                0x0000000000002ee6                __tablejump2__
                0x0000000000002eea                __tablejump__
                0x0000000000002ef2                . = ALIGN (0x2)
 *(.fini9)
 .fini9         0x0000000000002ef2        0x0 /usr/local/Cellar/avr-gcc/4.7.2/lib/gcc/avr/4.7.2/avr5/libgcc.a(_exit.o)
                0x0000000000002ef2                exit
                0x0000000000002ef2                _exit
 *(.fini9)
 *(.fini8)
 *(.fini8)
 *(.fini7)
 *(.fini7)
 *(.fini6)
 *(.fini6)
 *(.fini5)
 *(.fini5)
 *(.fini4)
 *(.fini4)
 *(.fini3)
 *(.fini3)
 *(.fini2)
 *(.fini2)
 *(.fini1)
 *(.fini1)
 *(.fini0)
 .fini0         0x0000000000002ef2        0x4 /usr/local/Cellar/avr-gcc/4.7.2/lib/gcc/avr/4.7.2/avr5/libgcc.a(_exit.o)
 *(.fini0)
                0x0000000000002ef6                _etext = .

.data           0x0000000000800100       0x1a load address 0x0000000000002ef6
                0x0000000000800100                PROVIDE (__data_start, .)
 *(.data)
 .data          0x0000000000800100        0x0 /usr/local/Cellar/avr-gcc/4.7.2/lib/gcc/avr/4.7.2/../../../../avr/lib/avr5/crtm32u4.o
 .data          0x0000000000800100        0x0 main.o
 .data          0x0000000000800100        0x0 keyboard/ergodox/controller.o
 .data          0x0000000000800100        0x0 keyboard/ergodox/controller/mcp23018.o
 .data          0x0000000000800100        0x0 keyboard/ergodox/controller/teensy-2-0.o
 .data          0x0000000000800100        0x0 keyboard/ergodox/layout/default--layout.o
 .data          0x0000000000800100        0x0 lib/key-functions/private.o
 .data          0x0000000000800100        0x0 lib/twi/teensy-2-0.o
 .data          0x0000000000800100        0x0 lib/usb/TODO.o
 .data          0x0000000000800100        0x0 lib/key-functions/public/basic.o
 .data          0x0000000000800100        0x0 lib/key-functions/public/device.o
 .data          0x0000000000800100        0x0 lib/key-functions/public/special.o
 .data          0x0000000000800100        0x0 lib-other/pjrc/usb_keyboard/usb_keyboard.o
 .data          0x0000000000800100        0x0 lib-vimyak/vimyak.o
 .data          0x0000000000800100        0x0 lib-vimyak/modes/insert-mode.o
 .data          0x0000000000800100        0x0 lib-vimyak/modes/mode-utilities.o
 .data          0x0000000000800100        0x0 lib-vimyak/modes/normal-mode.o
 .data          0x0000000000800100        0x0 lib-vimyak/modes/visual-mode.o
 .data          0x0000000000800100        0x0 /usr/local/Cellar/avr-gcc/4.7.2/lib/gcc/avr/4.7.2/avr5/libgcc.a(_exit.o)
 .data          0x0000000000800100        0x0 /usr/local/Cellar/avr-gcc/4.7.2/lib/gcc/avr/4.7.2/avr5/libgcc.a(_tablejump.o)
 .data          0x0000000000800100        0x0 /usr/local/Cellar/avr-gcc/4.7.2/lib/gcc/avr/4.7.2/avr5/libgcc.a(_copy_data.o)
 .data          0x0000000000800100        0x0 /usr/local/Cellar/avr-gcc/4.7.2/lib/gcc/avr/4.7.2/avr5/libgcc.a(_clear_bss.o)
 *(.data*)
 .data.layers_ids_in_use
                0x0000000000800100       0x14 main.o
                0x0000000000800100                layers_ids_in_use
 .data.main_kb_was_pressed
                0x0000000000800114        0x2 main.o
                0x0000000000800114                main_kb_was_pressed
 .data.main_kb_is_pressed
                0x0000000000800116        0x2 main.o
                0x0000000000800116                main_kb_is_pressed
 .data.keyboard_idle_config
                0x0000000000800118        0x1 lib-other/pjrc/usb_keyboard/usb_keyboard.o
 .data.keyboard_protocol
                0x0000000000800119        0x1 lib-other/pjrc/usb_keyboard/usb_keyboard.o
 *(.rodata)
 *(.rodata*)
 *(.gnu.linkonce.d*)
                0x000000000080011a                . = ALIGN (0x2)
                0x000000000080011a                _edata = .
                0x000000000080011a                PROVIDE (__data_end, .)

.bss            0x000000000080011a      0x165
                0x000000000080011a                PROVIDE (__bss_start, .)
 *(.bss)
 *(.bss*)
 .bss.layers_head
                0x000000000080011a        0x1 main.o
                0x000000000080011a                layers_head
 .bss.keyboard_keys_temp
                0x000000000080011b        0x6 main.o
                0x000000000080011b                keyboard_keys_temp
 .bss.keyboard_modifier_keys_temp
                0x0000000000800121        0x1 main.o
                0x0000000000800121                keyboard_modifier_keys_temp
 .bss._main_kb_was_pressed
                0x0000000000800122       0x54 main.o
 .bss._main_kb_is_pressed
                0x0000000000800176       0x54 main.o
 .bss.layer_ids
                0x00000000008001ca       0x14 lib/key-functions/public/basic.o
 .bss.keyboard_leds
                0x00000000008001de        0x1 lib-other/pjrc/usb_keyboard/usb_keyboard.o
                0x00000000008001de                keyboard_leds
 .bss.keyboard_keys
                0x00000000008001df        0x6 lib-other/pjrc/usb_keyboard/usb_keyboard.o
                0x00000000008001df                keyboard_keys
 .bss.keyboard_modifier_keys
                0x00000000008001e5        0x1 lib-other/pjrc/usb_keyboard/usb_keyboard.o
                0x00000000008001e5                keyboard_modifier_keys
 .bss.usb_configuration
                0x00000000008001e6        0x1 lib-other/pjrc/usb_keyboard/usb_keyboard.o
 .bss.keyboard_idle_count
                0x00000000008001e7        0x1 lib-other/pjrc/usb_keyboard/usb_keyboard.o
 .bss.div4.1611
                0x00000000008001e8        0x1 lib-other/pjrc/usb_keyboard/usb_keyboard.o
 *(COMMON)
 COMMON         0x00000000008001e9       0x84 main.o
                0x00000000008001e9                main_loop_row
                0x00000000008001ea                main_layers_pressed
                0x000000000080023e                main_arg_row
                0x000000000080023f                main_arg_layer
                0x0000000000800240                layers
                0x0000000000800268                main_arg_was_pressed
                0x0000000000800269                main_arg_is_pressed
                0x000000000080026a                main_loop_col
                0x000000000080026b                main_arg_layer_offset
                0x000000000080026c                main_arg_col
 COMMON         0x000000000080026d        0xb lib-vimyak/vimyak.o
                0x000000000080026d                _keypress_message_sent
                0x000000000080026e                _exit_function
                0x0000000000800270                _repeating_key
                0x0000000000800271                _command_function
                0x0000000000800273                _repeating_modified_key
                0x0000000000800274                _flush_keys
                0x0000000000800275                _keyboard_state
                0x0000000000800276                _ignore_rest_of_keys
                0x0000000000800277                _previous_state
 COMMON         0x0000000000800278        0x2 lib-vimyak/modes/mode-utilities.o
                0x0000000000800278                my_modifiers
                0x0000000000800279                _repeater
 COMMON         0x000000000080027a        0x3 lib-vimyak/modes/normal-mode.o
                0x000000000080027a                __modifier
                0x000000000080027b                __key
                0x000000000080027c                repeater_index
 COMMON         0x000000000080027d        0x2 lib-vimyak/modes/visual-mode.o
                0x000000000080027d                _visual_mode_line_count
                0x000000000080027f                PROVIDE (__bss_end, .)
                0x0000000000002ef6                __data_load_start = LOADADDR (.data)
                0x0000000000002f10                __data_load_end = (__data_load_start + SIZEOF (.data))

.noinit         0x000000000080027f        0x0
                0x000000000080027f                PROVIDE (__noinit_start, .)
 *(.noinit*)
                0x000000000080027f                PROVIDE (__noinit_end, .)
                0x000000000080027f                _end = .
                0x000000000080027f                PROVIDE (__heap_start, .)

.eeprom         0x0000000000810000        0x0
 *(.eeprom*)
                0x0000000000810000                __eeprom_end = .

.fuse
 *(.fuse)
 *(.lfuse)
 *(.hfuse)
 *(.efuse)

.lock
 *(.lock*)

.signature
 *(.signature*)

.stab           0x0000000000000000      0x6cc
 *(.stab)
 .stab          0x0000000000000000      0x6cc /usr/local/Cellar/avr-gcc/4.7.2/lib/gcc/avr/4.7.2/../../../../avr/lib/avr5/crtm32u4.o

.stabstr        0x0000000000000000       0x81
 *(.stabstr)
 .stabstr       0x0000000000000000       0x81 /usr/local/Cellar/avr-gcc/4.7.2/lib/gcc/avr/4.7.2/../../../../avr/lib/avr5/crtm32u4.o

.stab.excl
 *(.stab.excl)

.stab.exclstr
 *(.stab.exclstr)

.stab.index
 *(.stab.index)

.stab.indexstr
 *(.stab.indexstr)

.comment        0x0000000000000000       0x11
 *(.comment)
 .comment       0x0000000000000000       0x11 main.o
                                         0x12 (size before relaxing)
 .comment       0x0000000000000000       0x12 keyboard/ergodox/controller.o
 .comment       0x0000000000000000       0x12 keyboard/ergodox/controller/mcp23018.o
 .comment       0x0000000000000000       0x12 keyboard/ergodox/controller/teensy-2-0.o
 .comment       0x0000000000000000       0x12 keyboard/ergodox/layout/default--layout.o
 .comment       0x0000000000000000       0x12 lib/key-functions/private.o
 .comment       0x0000000000000000       0x12 lib/twi/teensy-2-0.o
 .comment       0x0000000000000000       0x12 lib/usb/TODO.o
 .comment       0x0000000000000000       0x12 lib/key-functions/public/basic.o
 .comment       0x0000000000000000       0x12 lib/key-functions/public/device.o
 .comment       0x0000000000000000       0x12 lib/key-functions/public/special.o
 .comment       0x0000000000000000       0x12 lib-other/pjrc/usb_keyboard/usb_keyboard.o
 .comment       0x0000000000000000       0x12 lib-vimyak/vimyak.o
 .comment       0x0000000000000000       0x12 lib-vimyak/modes/insert-mode.o
 .comment       0x0000000000000000       0x12 lib-vimyak/modes/mode-utilities.o
 .comment       0x0000000000000000       0x12 lib-vimyak/modes/normal-mode.o
 .comment       0x0000000000000000       0x12 lib-vimyak/modes/visual-mode.o

.debug
 *(.debug)

.line
 *(.line)

.debug_srcinfo
 *(.debug_srcinfo)

.debug_sfnames
 *(.debug_sfnames)

.debug_aranges  0x0000000000000000       0x80
 *(.debug_aranges)
 .debug_aranges
                0x0000000000000000       0x20 /usr/local/Cellar/avr-gcc/4.7.2/lib/gcc/avr/4.7.2/avr5/libgcc.a(_exit.o)
 .debug_aranges
                0x0000000000000020       0x20 /usr/local/Cellar/avr-gcc/4.7.2/lib/gcc/avr/4.7.2/avr5/libgcc.a(_tablejump.o)
 .debug_aranges
                0x0000000000000040       0x20 /usr/local/Cellar/avr-gcc/4.7.2/lib/gcc/avr/4.7.2/avr5/libgcc.a(_copy_data.o)
 .debug_aranges
                0x0000000000000060       0x20 /usr/local/Cellar/avr-gcc/4.7.2/lib/gcc/avr/4.7.2/avr5/libgcc.a(_clear_bss.o)

.debug_pubnames
 *(.debug_pubnames)

.debug_info     0x0000000000000000      0x230
 *(.debug_info)
 .debug_info    0x0000000000000000       0x8c /usr/local/Cellar/avr-gcc/4.7.2/lib/gcc/avr/4.7.2/avr5/libgcc.a(_exit.o)
 .debug_info    0x000000000000008c       0x8c /usr/local/Cellar/avr-gcc/4.7.2/lib/gcc/avr/4.7.2/avr5/libgcc.a(_tablejump.o)
 .debug_info    0x0000000000000118       0x8c /usr/local/Cellar/avr-gcc/4.7.2/lib/gcc/avr/4.7.2/avr5/libgcc.a(_copy_data.o)
 .debug_info    0x00000000000001a4       0x8c /usr/local/Cellar/avr-gcc/4.7.2/lib/gcc/avr/4.7.2/avr5/libgcc.a(_clear_bss.o)
 *(.gnu.linkonce.wi.*)

.debug_abbrev   0x0000000000000000       0x50
 *(.debug_abbrev)
 .debug_abbrev  0x0000000000000000       0x14 /usr/local/Cellar/avr-gcc/4.7.2/lib/gcc/avr/4.7.2/avr5/libgcc.a(_exit.o)
 .debug_abbrev  0x0000000000000014       0x14 /usr/local/Cellar/avr-gcc/4.7.2/lib/gcc/avr/4.7.2/avr5/libgcc.a(_tablejump.o)
 .debug_abbrev  0x0000000000000028       0x14 /usr/local/Cellar/avr-gcc/4.7.2/lib/gcc/avr/4.7.2/avr5/libgcc.a(_copy_data.o)
 .debug_abbrev  0x000000000000003c       0x14 /usr/local/Cellar/avr-gcc/4.7.2/lib/gcc/avr/4.7.2/avr5/libgcc.a(_clear_bss.o)

.debug_line     0x0000000000000000      0x17f
 *(.debug_line)
 .debug_line    0x0000000000000000       0x5b /usr/local/Cellar/avr-gcc/4.7.2/lib/gcc/avr/4.7.2/avr5/libgcc.a(_exit.o)
 .debug_line    0x000000000000005b       0x5f /usr/local/Cellar/avr-gcc/4.7.2/lib/gcc/avr/4.7.2/avr5/libgcc.a(_tablejump.o)
 .debug_line    0x00000000000000ba       0x64 /usr/local/Cellar/avr-gcc/4.7.2/lib/gcc/avr/4.7.2/avr5/libgcc.a(_copy_data.o)
 .debug_line    0x000000000000011e       0x61 /usr/local/Cellar/avr-gcc/4.7.2/lib/gcc/avr/4.7.2/avr5/libgcc.a(_clear_bss.o)

.debug_frame
 *(.debug_frame)

.debug_str
 *(.debug_str)

.debug_loc
 *(.debug_loc)

.debug_macinfo
 *(.debug_macinfo)

.debug_pubtypes
 *(.debug_pubtypes)

.debug_ranges
 *(.debug_ranges)

.debug_macro
 *(.debug_macro)
OUTPUT(firmware.elf elf32-avr)
LOAD linker stubs

Cross Reference Table

Symbol                                            File
_LEDhandler                                       lib-vimyak/vimyak.o
__bad_interrupt                                   /usr/local/Cellar/avr-gcc/4.7.2/lib/gcc/avr/4.7.2/../../../../avr/lib/avr5/crtm32u4.o
__bss_end                                         /usr/local/Cellar/avr-gcc/4.7.2/lib/gcc/avr/4.7.2/avr5/libgcc.a(_clear_bss.o)
__bss_start                                       /usr/local/Cellar/avr-gcc/4.7.2/lib/gcc/avr/4.7.2/avr5/libgcc.a(_clear_bss.o)
__c                                               lib-vimyak/modes/normal-mode.o
__ca                                              lib-vimyak/modes/normal-mode.o
__colon                                           lib-vimyak/modes/normal-mode.o
__colon_q                                         lib-vimyak/modes/normal-mode.o
__colon_w                                         lib-vimyak/modes/normal-mode.o
__d                                               lib-vimyak/modes/normal-mode.o
__da                                              lib-vimyak/modes/normal-mode.o
__data_end                                        /usr/local/Cellar/avr-gcc/4.7.2/lib/gcc/avr/4.7.2/avr5/libgcc.a(_copy_data.o)
__data_load_start                                 /usr/local/Cellar/avr-gcc/4.7.2/lib/gcc/avr/4.7.2/avr5/libgcc.a(_copy_data.o)
__data_start                                      /usr/local/Cellar/avr-gcc/4.7.2/lib/gcc/avr/4.7.2/avr5/libgcc.a(_copy_data.o)
__debug_it                                        lib-vimyak/modes/mode-utilities.o
__debug_num                                       lib-vimyak/modes/mode-utilities.o
__do_clear_bss                                    /usr/local/Cellar/avr-gcc/4.7.2/lib/gcc/avr/4.7.2/avr5/libgcc.a(_clear_bss.o)
                                                  lib-vimyak/modes/visual-mode.o
                                                  lib-vimyak/modes/normal-mode.o
                                                  lib-vimyak/modes/mode-utilities.o
                                                  lib-vimyak/modes/insert-mode.o
                                                  lib-vimyak/vimyak.o
                                                  lib-other/pjrc/usb_keyboard/usb_keyboard.o
                                                  lib/key-functions/public/special.o
                                                  lib/key-functions/public/basic.o
                                                  main.o
__do_copy_data                                    /usr/local/Cellar/avr-gcc/4.7.2/lib/gcc/avr/4.7.2/avr5/libgcc.a(_copy_data.o)
                                                  lib-vimyak/modes/mode-utilities.o
                                                  lib-other/pjrc/usb_keyboard/usb_keyboard.o
                                                  main.o
__do_copy_selection                               lib-vimyak/modes/mode-utilities.o
                                                  lib-vimyak/modes/visual-mode.o
                                                  lib-vimyak/modes/normal-mode.o
__do_delay                                        lib-vimyak/modes/mode-utilities.o
__do_delete_backwards                             lib-vimyak/modes/mode-utilities.o
                                                  lib-vimyak/modes/visual-mode.o
                                                  lib-vimyak/modes/normal-mode.o
__do_down                                         lib-vimyak/modes/mode-utilities.o
                                                  lib-vimyak/modes/visual-mode.o
                                                  lib-vimyak/modes/normal-mode.o
__do_insert_space                                 lib-vimyak/modes/mode-utilities.o
                                                  lib-vimyak/modes/normal-mode.o
__do_left                                         lib-vimyak/modes/mode-utilities.o
                                                  lib-vimyak/modes/visual-mode.o
                                                  lib-vimyak/modes/normal-mode.o
__do_left_word                                    lib-vimyak/modes/mode-utilities.o
                                                  lib-vimyak/modes/visual-mode.o
                                                  lib-vimyak/modes/normal-mode.o
__do_paste                                        lib-vimyak/modes/mode-utilities.o
                                                  lib-vimyak/modes/normal-mode.o
                                                  lib-vimyak/modes/insert-mode.o
__do_right                                        lib-vimyak/modes/mode-utilities.o
                                                  lib-vimyak/modes/visual-mode.o
                                                  lib-vimyak/modes/normal-mode.o
__do_right_word                                   lib-vimyak/modes/mode-utilities.o
                                                  lib-vimyak/modes/visual-mode.o
                                                  lib-vimyak/modes/normal-mode.o
__do_scroll_down                                  lib-vimyak/modes/mode-utilities.o
                                                  lib-vimyak/modes/normal-mode.o
__do_scroll_up                                    lib-vimyak/modes/mode-utilities.o
                                                  lib-vimyak/modes/normal-mode.o
__do_select_all_file                              lib-vimyak/modes/mode-utilities.o
                                                  lib-vimyak/modes/normal-mode.o
__do_select_all_word                              lib-vimyak/modes/mode-utilities.o
                                                  lib-vimyak/modes/normal-mode.o
__do_select_line                                  lib-vimyak/modes/mode-utilities.o
                                                  lib-vimyak/modes/visual-mode.o
__do_send                                         lib-vimyak/modes/mode-utilities.o
                                                  lib-vimyak/modes/visual-mode.o
                                                  lib-vimyak/modes/normal-mode.o
                                                  lib-vimyak/modes/insert-mode.o
__do_set_mark                                     lib-vimyak/modes/mode-utilities.o
                                                  lib-vimyak/modes/visual-mode.o
                                                  lib-vimyak/modes/normal-mode.o
__do_swap_with_mark                               lib-vimyak/modes/mode-utilities.o
                                                  lib-vimyak/modes/visual-mode.o
                                                  lib-vimyak/modes/normal-mode.o
__do_up                                           lib-vimyak/modes/mode-utilities.o
                                                  lib-vimyak/modes/visual-mode.o
__g                                               lib-vimyak/modes/normal-mode.o
__go_beginning_of_file                            lib-vimyak/modes/mode-utilities.o
__go_beginning_of_line                            lib-vimyak/modes/mode-utilities.o
                                                  lib-vimyak/modes/normal-mode.o
__go_end_of_file                                  lib-vimyak/modes/mode-utilities.o
__go_end_of_line                                  lib-vimyak/modes/mode-utilities.o
                                                  lib-vimyak/modes/normal-mode.o
__go_page_down                                    lib-vimyak/modes/mode-utilities.o
                                                  lib-vimyak/modes/normal-mode.o
__go_page_up                                      lib-vimyak/modes/mode-utilities.o
                                                  lib-vimyak/modes/normal-mode.o
__go_soft_beginning_of_line                       lib-vimyak/modes/mode-utilities.o
                                                  lib-vimyak/modes/normal-mode.o
__go_soft_beginning_of_lineNONScrivener           lib-vimyak/modes/mode-utilities.o
__heap_end                                        /usr/local/Cellar/avr-gcc/4.7.2/lib/gcc/avr/4.7.2/../../../../avr/lib/avr5/crtm32u4.o
__init                                            /usr/local/Cellar/avr-gcc/4.7.2/lib/gcc/avr/4.7.2/../../../../avr/lib/avr5/crtm32u4.o
__key                                             lib-vimyak/modes/normal-mode.o
__modifier                                        lib-vimyak/modes/normal-mode.o
__stack                                           /usr/local/Cellar/avr-gcc/4.7.2/lib/gcc/avr/4.7.2/../../../../avr/lib/avr5/crtm32u4.o
__tablejump2__                                    /usr/local/Cellar/avr-gcc/4.7.2/lib/gcc/avr/4.7.2/avr5/libgcc.a(_tablejump.o)
                                                  lib-vimyak/modes/normal-mode.o
__tablejump__                                     /usr/local/Cellar/avr-gcc/4.7.2/lib/gcc/avr/4.7.2/avr5/libgcc.a(_tablejump.o)
__vector_1                                        /usr/local/Cellar/avr-gcc/4.7.2/lib/gcc/avr/4.7.2/../../../../avr/lib/avr5/crtm32u4.o
__vector_10                                       lib-other/pjrc/usb_keyboard/usb_keyboard.o
                                                  /usr/local/Cellar/avr-gcc/4.7.2/lib/gcc/avr/4.7.2/../../../../avr/lib/avr5/crtm32u4.o
__vector_11                                       lib-other/pjrc/usb_keyboard/usb_keyboard.o
                                                  /usr/local/Cellar/avr-gcc/4.7.2/lib/gcc/avr/4.7.2/../../../../avr/lib/avr5/crtm32u4.o
__vector_12                                       /usr/local/Cellar/avr-gcc/4.7.2/lib/gcc/avr/4.7.2/../../../../avr/lib/avr5/crtm32u4.o
__vector_13                                       /usr/local/Cellar/avr-gcc/4.7.2/lib/gcc/avr/4.7.2/../../../../avr/lib/avr5/crtm32u4.o
__vector_14                                       /usr/local/Cellar/avr-gcc/4.7.2/lib/gcc/avr/4.7.2/../../../../avr/lib/avr5/crtm32u4.o
__vector_15                                       /usr/local/Cellar/avr-gcc/4.7.2/lib/gcc/avr/4.7.2/../../../../avr/lib/avr5/crtm32u4.o
__vector_16                                       /usr/local/Cellar/avr-gcc/4.7.2/lib/gcc/avr/4.7.2/../../../../avr/lib/avr5/crtm32u4.o
__vector_17                                       /usr/local/Cellar/avr-gcc/4.7.2/lib/gcc/avr/4.7.2/../../../../avr/lib/avr5/crtm32u4.o
__vector_18                                       /usr/local/Cellar/avr-gcc/4.7.2/lib/gcc/avr/4.7.2/../../../../avr/lib/avr5/crtm32u4.o
__vector_19                                       /usr/local/Cellar/avr-gcc/4.7.2/lib/gcc/avr/4.7.2/../../../../avr/lib/avr5/crtm32u4.o
__vector_2                                        /usr/local/Cellar/avr-gcc/4.7.2/lib/gcc/avr/4.7.2/../../../../avr/lib/avr5/crtm32u4.o
__vector_20                                       /usr/local/Cellar/avr-gcc/4.7.2/lib/gcc/avr/4.7.2/../../../../avr/lib/avr5/crtm32u4.o
__vector_21                                       /usr/local/Cellar/avr-gcc/4.7.2/lib/gcc/avr/4.7.2/../../../../avr/lib/avr5/crtm32u4.o
__vector_22                                       /usr/local/Cellar/avr-gcc/4.7.2/lib/gcc/avr/4.7.2/../../../../avr/lib/avr5/crtm32u4.o
__vector_23                                       /usr/local/Cellar/avr-gcc/4.7.2/lib/gcc/avr/4.7.2/../../../../avr/lib/avr5/crtm32u4.o
__vector_24                                       /usr/local/Cellar/avr-gcc/4.7.2/lib/gcc/avr/4.7.2/../../../../avr/lib/avr5/crtm32u4.o
__vector_25                                       /usr/local/Cellar/avr-gcc/4.7.2/lib/gcc/avr/4.7.2/../../../../avr/lib/avr5/crtm32u4.o
__vector_26                                       /usr/local/Cellar/avr-gcc/4.7.2/lib/gcc/avr/4.7.2/../../../../avr/lib/avr5/crtm32u4.o
__vector_27                                       /usr/local/Cellar/avr-gcc/4.7.2/lib/gcc/avr/4.7.2/../../../../avr/lib/avr5/crtm32u4.o
__vector_28                                       /usr/local/Cellar/avr-gcc/4.7.2/lib/gcc/avr/4.7.2/../../../../avr/lib/avr5/crtm32u4.o
__vector_29                                       /usr/local/Cellar/avr-gcc/4.7.2/lib/gcc/avr/4.7.2/../../../../avr/lib/avr5/crtm32u4.o
__vector_3                                        /usr/local/Cellar/avr-gcc/4.7.2/lib/gcc/avr/4.7.2/../../../../avr/lib/avr5/crtm32u4.o
__vector_30                                       /usr/local/Cellar/avr-gcc/4.7.2/lib/gcc/avr/4.7.2/../../../../avr/lib/avr5/crtm32u4.o
__vector_31                                       /usr/local/Cellar/avr-gcc/4.7.2/lib/gcc/avr/4.7.2/../../../../avr/lib/avr5/crtm32u4.o
__vector_32                                       /usr/local/Cellar/avr-gcc/4.7.2/lib/gcc/avr/4.7.2/../../../../avr/lib/avr5/crtm32u4.o
__vector_33                                       /usr/local/Cellar/avr-gcc/4.7.2/lib/gcc/avr/4.7.2/../../../../avr/lib/avr5/crtm32u4.o
__vector_34                                       /usr/local/Cellar/avr-gcc/4.7.2/lib/gcc/avr/4.7.2/../../../../avr/lib/avr5/crtm32u4.o
__vector_35                                       /usr/local/Cellar/avr-gcc/4.7.2/lib/gcc/avr/4.7.2/../../../../avr/lib/avr5/crtm32u4.o
__vector_36                                       /usr/local/Cellar/avr-gcc/4.7.2/lib/gcc/avr/4.7.2/../../../../avr/lib/avr5/crtm32u4.o
__vector_37                                       /usr/local/Cellar/avr-gcc/4.7.2/lib/gcc/avr/4.7.2/../../../../avr/lib/avr5/crtm32u4.o
__vector_38                                       /usr/local/Cellar/avr-gcc/4.7.2/lib/gcc/avr/4.7.2/../../../../avr/lib/avr5/crtm32u4.o
__vector_39                                       /usr/local/Cellar/avr-gcc/4.7.2/lib/gcc/avr/4.7.2/../../../../avr/lib/avr5/crtm32u4.o
__vector_4                                        /usr/local/Cellar/avr-gcc/4.7.2/lib/gcc/avr/4.7.2/../../../../avr/lib/avr5/crtm32u4.o
__vector_40                                       /usr/local/Cellar/avr-gcc/4.7.2/lib/gcc/avr/4.7.2/../../../../avr/lib/avr5/crtm32u4.o
__vector_41                                       /usr/local/Cellar/avr-gcc/4.7.2/lib/gcc/avr/4.7.2/../../../../avr/lib/avr5/crtm32u4.o
__vector_42                                       /usr/local/Cellar/avr-gcc/4.7.2/lib/gcc/avr/4.7.2/../../../../avr/lib/avr5/crtm32u4.o
__vector_5                                        /usr/local/Cellar/avr-gcc/4.7.2/lib/gcc/avr/4.7.2/../../../../avr/lib/avr5/crtm32u4.o
__vector_6                                        /usr/local/Cellar/avr-gcc/4.7.2/lib/gcc/avr/4.7.2/../../../../avr/lib/avr5/crtm32u4.o
__vector_7                                        /usr/local/Cellar/avr-gcc/4.7.2/lib/gcc/avr/4.7.2/../../../../avr/lib/avr5/crtm32u4.o
__vector_8                                        /usr/local/Cellar/avr-gcc/4.7.2/lib/gcc/avr/4.7.2/../../../../avr/lib/avr5/crtm32u4.o
__vector_9                                        /usr/local/Cellar/avr-gcc/4.7.2/lib/gcc/avr/4.7.2/../../../../avr/lib/avr5/crtm32u4.o
__vector_default                                  /usr/local/Cellar/avr-gcc/4.7.2/lib/gcc/avr/4.7.2/../../../../avr/lib/avr5/crtm32u4.o
__vectors                                         /usr/local/Cellar/avr-gcc/4.7.2/lib/gcc/avr/4.7.2/../../../../avr/lib/avr5/crtm32u4.o
__y                                               lib-vimyak/modes/normal-mode.o
__ya                                              lib-vimyak/modes/normal-mode.o
_command_function                                 lib-vimyak/modes/visual-mode.o
                                                  lib-vimyak/modes/normal-mode.o
                                                  lib-vimyak/modes/mode-utilities.o
                                                  lib-vimyak/modes/insert-mode.o
                                                  lib-vimyak/vimyak.o
_command_handler                                  lib-vimyak/modes/normal-mode.o
_do_append                                        lib-vimyak/modes/normal-mode.o
_do_append_eol                                    lib-vimyak/modes/normal-mode.o
_do_back_one_char                                 lib-vimyak/modes/normal-mode.o
_do_beginning_of_file                             lib-vimyak/modes/normal-mode.o
_do_change_all_word                               lib-vimyak/modes/normal-mode.o
_do_change_line                                   lib-vimyak/modes/normal-mode.o
_do_change_word                                   lib-vimyak/modes/normal-mode.o
_do_command_option_f                              lib-vimyak/modes/normal-mode.o
_do_command_reset                                 lib-vimyak/modes/mode-utilities.o
                                                  lib-vimyak/modes/normal-mode.o
                                                  lib-vimyak/modes/insert-mode.o
                                                  lib-vimyak/vimyak.o
_do_command_space                                 lib-vimyak/modes/mode-utilities.o
                                                  lib-vimyak/modes/normal-mode.o
                                                  lib-vimyak/modes/insert-mode.o
_do_copy_all_word                                 lib-vimyak/modes/normal-mode.o
_do_copy_line                                     lib-vimyak/modes/normal-mode.o
_do_copy_selection                                lib-vimyak/modes/normal-mode.o
_do_copy_word                                     lib-vimyak/modes/normal-mode.o
_do_delete_all_word                               lib-vimyak/modes/normal-mode.o
_do_delete_line                                   lib-vimyak/modes/normal-mode.o
_do_delete_word                                   lib-vimyak/modes/normal-mode.o
_do_end_of_file                                   lib-vimyak/modes/normal-mode.o
_do_end_of_line                                   lib-vimyak/modes/normal-mode.o
_do_end_word                                      lib-vimyak/modes/normal-mode.o
_do_find                                          lib-vimyak/modes/normal-mode.o
_do_hard_beginning_of_line                        lib-vimyak/modes/normal-mode.o
_do_insert_soft_beginning_of_line                 lib-vimyak/modes/normal-mode.o
_do_next_find_backward                            lib-vimyak/modes/normal-mode.o
_do_next_find_forward                             lib-vimyak/modes/normal-mode.o
_do_next_word                                     lib-vimyak/modes/normal-mode.o
_do_open_line_above                               lib-vimyak/modes/normal-mode.o
_do_open_line_below                               lib-vimyak/modes/normal-mode.o
_do_page_down                                     lib-vimyak/modes/normal-mode.o
_do_page_up                                       lib-vimyak/modes/normal-mode.o
_do_paste                                         lib-vimyak/modes/normal-mode.o
_do_paste_previous_line                           lib-vimyak/modes/normal-mode.o
_do_previous_word                                 lib-vimyak/modes/normal-mode.o
_do_quit                                          lib-vimyak/modes/normal-mode.o
_do_save                                          lib-vimyak/modes/normal-mode.o
_do_scroll_down                                   lib-vimyak/modes/normal-mode.o
_do_scroll_up                                     lib-vimyak/modes/normal-mode.o
_do_select_next_char                              lib-vimyak/modes/normal-mode.o
_do_soft_beginning_of_line                        lib-vimyak/modes/normal-mode.o
_do_undo                                          lib-vimyak/modes/normal-mode.o
_do_visual_mode_exit_function                     lib-vimyak/modes/visual-mode.o
_do_visual_mode_line_exit_function                lib-vimyak/modes/normal-mode.o
_empty_char_command                               lib-vimyak/modes/visual-mode.o
_empty_command                                    lib-vimyak/modes/normal-mode.o
_empty_line_command                               lib-vimyak/modes/visual-mode.o
_exit                                             /usr/local/Cellar/avr-gcc/4.7.2/lib/gcc/avr/4.7.2/avr5/libgcc.a(_exit.o)
_exit_function                                    lib-vimyak/modes/visual-mode.o
                                                  lib-vimyak/modes/normal-mode.o
                                                  lib-vimyak/modes/mode-utilities.o
                                                  lib-vimyak/modes/insert-mode.o
                                                  lib-vimyak/vimyak.o
_flush_keys                                       lib-vimyak/vimyak.o
_get_repeater                                     lib-vimyak/modes/mode-utilities.o
                                                  lib-vimyak/modes/normal-mode.o
_handle_sending_of_keys                           lib-vimyak/vimyak.o
_ignore_rest_of_keys                              lib-vimyak/vimyak.o
_kb_layout                                        keyboard/ergodox/layout/default--layout.o
                                                  lib/key-functions/public/special.o
                                                  lib/key-functions/public/basic.o
_kb_layout_press                                  keyboard/ergodox/layout/default--layout.o
                                                  main.o
_kb_layout_release                                keyboard/ergodox/layout/default--layout.o
                                                  main.o
_kbfun_is_pressed                                 lib/key-functions/private.o
                                                  lib/key-functions/public/special.o
                                                  lib/key-functions/public/basic.o
_kbfun_press_release                              lib/key-functions/private.o
                                                  lib/key-functions/public/special.o
                                                  lib/key-functions/public/basic.o
_key_handler                                      lib-vimyak/vimyak.o
_keyboard_state                                   lib-vimyak/vimyak.o
_keypress_message_sent                            lib-vimyak/vimyak.o
_pre_command_handler                              lib-vimyak/vimyak.o
_previous_state                                   lib-vimyak/vimyak.o
_repeater                                         lib-vimyak/modes/mode-utilities.o
_repeater_addition                                lib-vimyak/modes/mode-utilities.o
                                                  lib-vimyak/modes/normal-mode.o
_repeating_key                                    lib-vimyak/vimyak.o
_repeating_modified_key                           lib-vimyak/vimyak.o
_reset_repeater                                   lib-vimyak/modes/mode-utilities.o
                                                  lib-vimyak/modes/normal-mode.o
                                                  lib-vimyak/vimyak.o
_set_command_function                             lib-vimyak/modes/mode-utilities.o
                                                  lib-vimyak/modes/normal-mode.o
_set_state                                        lib-vimyak/modes/mode-utilities.o
                                                  lib-vimyak/modes/visual-mode.o
                                                  lib-vimyak/modes/normal-mode.o
                                                  lib-vimyak/modes/insert-mode.o
_single_key_command                               lib-vimyak/modes/normal-mode.o
_single_key_handler_hack                          lib-vimyak/modes/normal-mode.o
_subst_char                                       lib-vimyak/modes/normal-mode.o
_vimyak_reset                                     lib-vimyak/vimyak.o
_visual_mode_line_count                           lib-vimyak/modes/visual-mode.o
_visual_mode_reset                                lib-vimyak/modes/visual-mode.o
                                                  lib-vimyak/vimyak.o
exit                                              /usr/local/Cellar/avr-gcc/4.7.2/lib/gcc/avr/4.7.2/avr5/libgcc.a(_exit.o)
                                                  /usr/local/Cellar/avr-gcc/4.7.2/lib/gcc/avr/4.7.2/../../../../avr/lib/avr5/crtm32u4.o
get_keyboard_state                                lib-vimyak/vimyak.o
                                                  lib-vimyak/modes/insert-mode.o
insert_mode_loop                                  lib-vimyak/modes/insert-mode.o
                                                  lib-vimyak/vimyak.o
kb_init                                           keyboard/ergodox/controller.o
                                                  main.o
kb_update_matrix                                  keyboard/ergodox/controller.o
                                                  main.o
kbfun_2_keys_capslock_press_release               lib/key-functions/public/special.o
kbfun_jump_to_bootloader                          lib/key-functions/public/device.o
                                                  keyboard/ergodox/layout/default--layout.o
kbfun_layer_pop_1                                 lib/key-functions/public/basic.o
                                                  keyboard/ergodox/layout/default--layout.o
kbfun_layer_pop_10                                lib/key-functions/public/basic.o
                                                  keyboard/ergodox/layout/default--layout.o
kbfun_layer_pop_2                                 lib/key-functions/public/basic.o
                                                  keyboard/ergodox/layout/default--layout.o
kbfun_layer_pop_3                                 lib/key-functions/public/basic.o
                                                  keyboard/ergodox/layout/default--layout.o
kbfun_layer_pop_4                                 lib/key-functions/public/basic.o
                                                  keyboard/ergodox/layout/default--layout.o
kbfun_layer_pop_5                                 lib/key-functions/public/basic.o
                                                  keyboard/ergodox/layout/default--layout.o
kbfun_layer_pop_6                                 lib/key-functions/public/basic.o
                                                  keyboard/ergodox/layout/default--layout.o
kbfun_layer_pop_7                                 lib/key-functions/public/basic.o
                                                  keyboard/ergodox/layout/default--layout.o
kbfun_layer_pop_8                                 lib/key-functions/public/basic.o
                                                  keyboard/ergodox/layout/default--layout.o
kbfun_layer_pop_9                                 lib/key-functions/public/basic.o
                                                  keyboard/ergodox/layout/default--layout.o
kbfun_layer_pop_all                               keyboard/ergodox/layout/default--layout.o
kbfun_layer_pop_numpad                            lib/key-functions/public/special.o
kbfun_layer_push_1                                lib/key-functions/public/basic.o
                                                  keyboard/ergodox/layout/default--layout.o
kbfun_layer_push_10                               lib/key-functions/public/basic.o
kbfun_layer_push_2                                lib/key-functions/public/basic.o
kbfun_layer_push_3                                lib/key-functions/public/basic.o
kbfun_layer_push_4                                lib/key-functions/public/basic.o
kbfun_layer_push_5                                lib/key-functions/public/basic.o
kbfun_layer_push_6                                lib/key-functions/public/basic.o
kbfun_layer_push_7                                lib/key-functions/public/basic.o
kbfun_layer_push_8                                lib/key-functions/public/basic.o
kbfun_layer_push_9                                lib/key-functions/public/basic.o
kbfun_layer_push_numpad                           lib/key-functions/public/special.o
kbfun_press_release                               lib/key-functions/public/basic.o
                                                  lib/key-functions/public/special.o
                                                  keyboard/ergodox/layout/default--layout.o
kbfun_shift_press_release                         lib/key-functions/public/special.o
kbfun_toggle                                      lib/key-functions/public/basic.o
kbfun_transparent                                 lib/key-functions/public/basic.o
                                                  keyboard/ergodox/layout/default--layout.o
keyboard_keys                                     lib-other/pjrc/usb_keyboard/usb_keyboard.o
                                                  lib-vimyak/modes/mode-utilities.o
                                                  lib-vimyak/vimyak.o
keyboard_keys_temp                                main.o
                                                  lib-vimyak/vimyak.o
                                                  lib/key-functions/private.o
keyboard_leds                                     lib-other/pjrc/usb_keyboard/usb_keyboard.o
keyboard_modifier_keys                            lib-other/pjrc/usb_keyboard/usb_keyboard.o
                                                  lib-vimyak/modes/mode-utilities.o
                                                  lib-vimyak/vimyak.o
keyboard_modifier_keys_temp                       main.o
                                                  lib-vimyak/vimyak.o
                                                  lib/key-functions/private.o
layers                                            main.o
layers_head                                       main.o
layers_ids_in_use                                 main.o
main                                              main.o
                                                  /usr/local/Cellar/avr-gcc/4.7.2/lib/gcc/avr/4.7.2/../../../../avr/lib/avr5/crtm32u4.o
main_arg_col                                      lib/key-functions/public/special.o
                                                  lib/key-functions/public/basic.o
                                                  main.o
main_arg_is_pressed                               lib/key-functions/public/special.o
                                                  lib/key-functions/public/basic.o
                                                  main.o
main_arg_layer                                    lib/key-functions/public/special.o
                                                  lib/key-functions/public/basic.o
                                                  main.o
main_arg_layer_offset                             lib/key-functions/public/basic.o
                                                  main.o
main_arg_row                                      lib/key-functions/public/special.o
                                                  lib/key-functions/public/basic.o
                                                  main.o
main_arg_was_pressed                              main.o
main_exec_key                                     main.o
                                                  lib/key-functions/public/basic.o
main_kb_is_pressed                                main.o
main_kb_was_pressed                               main.o
main_layers_get_offset_id                         main.o
main_layers_peek                                  main.o
                                                  lib/key-functions/public/basic.o
main_layers_pop_id                                main.o
                                                  lib/key-functions/public/special.o
                                                  lib/key-functions/public/basic.o
main_layers_pressed                               lib/key-functions/public/basic.o
                                                  main.o
main_layers_push                                  main.o
                                                  lib/key-functions/public/special.o
                                                  lib/key-functions/public/basic.o
main_loop_col                                     main.o
main_loop_row                                     main.o
mcp23018_init                                     keyboard/ergodox/controller/mcp23018.o
                                                  keyboard/ergodox/controller.o
mcp23018_update_matrix                            keyboard/ergodox/controller/mcp23018.o
                                                  keyboard/ergodox/controller.o
my_modifiers                                      lib-vimyak/modes/normal-mode.o
                                                  lib-vimyak/modes/mode-utilities.o
normal_mode_loop                                  lib-vimyak/modes/normal-mode.o
                                                  lib-vimyak/vimyak.o
normal_mode_setup                                 lib-vimyak/modes/normal-mode.o
                                                  lib-vimyak/modes/mode-utilities.o
repeater_index                                    lib-vimyak/modes/normal-mode.o
set_clear_buffer                                  lib-vimyak/vimyak.o
set_keyboard_state                                lib-vimyak/vimyak.o
                                                  lib-vimyak/modes/mode-utilities.o
set_repeatable_key                                lib-vimyak/vimyak.o
                                                  lib-vimyak/modes/normal-mode.o
                                                  lib-vimyak/modes/insert-mode.o
set_repeatable_modified_key                       lib-vimyak/vimyak.o
                                                  lib-vimyak/modes/visual-mode.o
                                                  lib-vimyak/modes/normal-mode.o
set_skip_further_commands                         lib-vimyak/vimyak.o
                                                  lib-vimyak/modes/insert-mode.o
teensy_init                                       keyboard/ergodox/controller/teensy-2-0.o
                                                  keyboard/ergodox/controller.o
teensy_update_matrix                              keyboard/ergodox/controller/teensy-2-0.o
                                                  keyboard/ergodox/controller.o
twi_init                                          lib/twi/teensy-2-0.o
                                                  keyboard/ergodox/controller/teensy-2-0.o
twi_read                                          lib/twi/teensy-2-0.o
                                                  keyboard/ergodox/controller/mcp23018.o
twi_send                                          lib/twi/teensy-2-0.o
                                                  keyboard/ergodox/controller/mcp23018.o
twi_start                                         lib/twi/teensy-2-0.o
                                                  keyboard/ergodox/controller/mcp23018.o
twi_stop                                          lib/twi/teensy-2-0.o
                                                  keyboard/ergodox/controller/mcp23018.o
usb_configured                                    lib-other/pjrc/usb_keyboard/usb_keyboard.o
                                                  main.o
usb_init                                          lib-other/pjrc/usb_keyboard/usb_keyboard.o
                                                  main.o
usb_keyboard_press                                lib-other/pjrc/usb_keyboard/usb_keyboard.o
usb_keyboard_send                                 lib-other/pjrc/usb_keyboard/usb_keyboard.o
                                                  lib-vimyak/modes/mode-utilities.o
                                                  lib-vimyak/vimyak.o
                                                  lib/key-functions/public/special.o
vimyak_init                                       lib-vimyak/vimyak.o
                                                  main.o
vimyak_keyhandler                                 lib-vimyak/vimyak.o
                                                  main.o
visual_mode_char_loop                             lib-vimyak/modes/visual-mode.o
                                                  lib-vimyak/vimyak.o
visual_mode_char_setup                            lib-vimyak/modes/visual-mode.o
                                                  lib-vimyak/modes/mode-utilities.o
visual_mode_line_loop                             lib-vimyak/modes/visual-mode.o
                                                  lib-vimyak/vimyak.o
visual_mode_line_setup                            lib-vimyak/modes/visual-mode.o
                                                  lib-vimyak/modes/mode-utilities.o
