Archive member included because of file (symbol)

/usr/local/Cellar/avr-gcc/4.7.2/lib/gcc/avr/4.7.2/avr5/libgcc.a(_exit.o)
                              /usr/local/Cellar/avr-gcc/4.7.2/lib/gcc/avr/4.7.2/../../../../avr/lib/avr5/crtm32u4.o (exit)
/usr/local/Cellar/avr-gcc/4.7.2/lib/gcc/avr/4.7.2/avr5/libgcc.a(_tablejump.o)
                              lib-vimyak/modes/normal-mode.o (__tablejump2__)
/usr/local/Cellar/avr-gcc/4.7.2/lib/gcc/avr/4.7.2/avr5/libgcc.a(_copy_data.o)
                              main.o (__do_copy_data)
/usr/local/Cellar/avr-gcc/4.7.2/lib/gcc/avr/4.7.2/avr5/libgcc.a(_clear_bss.o)
                              main.o (__do_clear_bss)

Allocating common symbols
Common symbol       size              file

main_loop_row       0x1               main.o
_keypress_message_sent
                    0x1               lib-vimyak/vimyak.o
_exit_function      0x2               lib-vimyak/vimyak.o
__modifier          0x1               lib-vimyak/modes/normal-mode.o
_cmd_array          0x28              lib-vimyak/modes/mode-utilities.o
main_layers_pressed
                    0x54              main.o
_repeating_key      0x1               lib-vimyak/vimyak.o
main_arg_row        0x1               main.o
_command_function   0x2               lib-vimyak/vimyak.o
main_arg_layer      0x1               main.o
my_modifiers        0x1               lib-vimyak/modes/mode-utilities.o
layers              0x28              main.o
main_arg_was_pressed
                    0x1               main.o
_visual_mode_line_count
                    0x2               lib-vimyak/modes/visual-mode.o
_repeating_modified_key
                    0x1               lib-vimyak/vimyak.o
_flush_keys         0x1               lib-vimyak/vimyak.o
__key               0x1               lib-vimyak/modes/normal-mode.o
_cmd_array_index    0x1               lib-vimyak/modes/mode-utilities.o
_keyboard_state     0x1               lib-vimyak/vimyak.o
main_arg_is_pressed
                    0x1               main.o
repeater_index      0x1               lib-vimyak/modes/normal-mode.o
_repeater           0x1               lib-vimyak/modes/mode-utilities.o
_ignore_rest_of_keys
                    0x1               lib-vimyak/vimyak.o
main_loop_col       0x1               main.o
main_arg_layer_offset
                    0x1               main.o
_previous_state     0x1               lib-vimyak/vimyak.o
main_arg_col        0x1               main.o

Discarded input sections

 .bss           0x0000000000000000        0x0 /usr/local/Cellar/avr-gcc/4.7.2/lib/gcc/avr/4.7.2/../../../../avr/lib/avr5/crtm32u4.o
 .text          0x0000000000000000        0x0 main.o
 .bss           0x0000000000000000        0x0 main.o
 .text.main_layers_get_offset_id
                0x0000000000000000       0x2a main.o
 .text          0x0000000000000000        0x0 keyboard/ergodox/controller.o
 .bss           0x0000000000000000        0x0 keyboard/ergodox/controller.o
 .text          0x0000000000000000        0x0 keyboard/ergodox/controller/mcp23018.o
 .bss           0x0000000000000000        0x0 keyboard/ergodox/controller/mcp23018.o
 .text          0x0000000000000000        0x0 keyboard/ergodox/controller/teensy-2-0.o
 .bss           0x0000000000000000        0x0 keyboard/ergodox/controller/teensy-2-0.o
 .text          0x0000000000000000        0x0 keyboard/ergodox/layout/default--layout.o
 .bss           0x0000000000000000        0x0 keyboard/ergodox/layout/default--layout.o
 .text.kbfun_layer_pop_all
                0x0000000000000000       0x28 keyboard/ergodox/layout/default--layout.o
 .text          0x0000000000000000        0x0 lib/key-functions/private.o
 .bss           0x0000000000000000        0x0 lib/key-functions/private.o
 .text._kbfun_is_pressed
                0x0000000000000000       0x7c lib/key-functions/private.o
 .text          0x0000000000000000        0x0 lib/twi/teensy-2-0.o
 .bss           0x0000000000000000        0x0 lib/twi/teensy-2-0.o
 .text          0x0000000000000000        0x0 lib/usb/TODO.o
 .bss           0x0000000000000000        0x0 lib/usb/TODO.o
 .text          0x0000000000000000        0x0 lib/key-functions/public/basic.o
 .bss           0x0000000000000000        0x0 lib/key-functions/public/basic.o
 .text.kbfun_toggle
                0x0000000000000000       0x50 lib/key-functions/public/basic.o
 .text.kbfun_layer_push_2
                0x0000000000000000        0x6 lib/key-functions/public/basic.o
 .text.kbfun_layer_pop_2
                0x0000000000000000        0x6 lib/key-functions/public/basic.o
 .text.kbfun_layer_push_3
                0x0000000000000000        0x6 lib/key-functions/public/basic.o
 .text.kbfun_layer_pop_3
                0x0000000000000000        0x6 lib/key-functions/public/basic.o
 .text.kbfun_layer_push_4
                0x0000000000000000        0x6 lib/key-functions/public/basic.o
 .text.kbfun_layer_pop_4
                0x0000000000000000        0x6 lib/key-functions/public/basic.o
 .text.kbfun_layer_push_5
                0x0000000000000000        0x6 lib/key-functions/public/basic.o
 .text.kbfun_layer_pop_5
                0x0000000000000000        0x6 lib/key-functions/public/basic.o
 .text.kbfun_layer_push_6
                0x0000000000000000        0x6 lib/key-functions/public/basic.o
 .text.kbfun_layer_pop_6
                0x0000000000000000        0x6 lib/key-functions/public/basic.o
 .text.kbfun_layer_push_7
                0x0000000000000000        0x6 lib/key-functions/public/basic.o
 .text.kbfun_layer_pop_7
                0x0000000000000000        0x6 lib/key-functions/public/basic.o
 .text.kbfun_layer_push_8
                0x0000000000000000        0x6 lib/key-functions/public/basic.o
 .text.kbfun_layer_pop_8
                0x0000000000000000        0x6 lib/key-functions/public/basic.o
 .text.kbfun_layer_push_9
                0x0000000000000000        0x6 lib/key-functions/public/basic.o
 .text.kbfun_layer_pop_9
                0x0000000000000000        0x6 lib/key-functions/public/basic.o
 .text.kbfun_layer_push_10
                0x0000000000000000        0x6 lib/key-functions/public/basic.o
 .text.kbfun_layer_pop_10
                0x0000000000000000        0x6 lib/key-functions/public/basic.o
 .text          0x0000000000000000        0x0 lib/key-functions/public/device.o
 .bss           0x0000000000000000        0x0 lib/key-functions/public/device.o
 .text          0x0000000000000000        0x0 lib/key-functions/public/special.o
 .bss           0x0000000000000000        0x0 lib/key-functions/public/special.o
 .text.numpad_toggle_numlock
                0x0000000000000000       0x18 lib/key-functions/public/special.o
 .text.kbfun_shift_press_release
                0x0000000000000000        0xe lib/key-functions/public/special.o
 .text.kbfun_2_keys_capslock_press_release
                0x0000000000000000       0xbe lib/key-functions/public/special.o
 .text.kbfun_layer_push_numpad
                0x0000000000000000       0x42 lib/key-functions/public/special.o
 .text.kbfun_layer_pop_numpad
                0x0000000000000000       0x10 lib/key-functions/public/special.o
 .bss.keys_pressed.1654
                0x0000000000000000        0x1 lib/key-functions/public/special.o
 .bss.lshift_pressed.1655
                0x0000000000000000        0x1 lib/key-functions/public/special.o
 .bss.rshift_pressed.1656
                0x0000000000000000        0x1 lib/key-functions/public/special.o
 .bss.numpad_layer_id
                0x0000000000000000        0x1 lib/key-functions/public/special.o
 .text          0x0000000000000000        0x0 lib-other/pjrc/usb_keyboard/usb_keyboard.o
 .bss           0x0000000000000000        0x0 lib-other/pjrc/usb_keyboard/usb_keyboard.o
 .text.usb_keyboard_press
                0x0000000000000000       0x1e lib-other/pjrc/usb_keyboard/usb_keyboard.o
 .text          0x0000000000000000        0x0 lib-vimyak/vimyak.o
 .bss           0x0000000000000000        0x0 lib-vimyak/vimyak.o
 .text          0x0000000000000000        0x0 lib-vimyak/modes/insert-mode.o
 .bss           0x0000000000000000        0x0 lib-vimyak/modes/insert-mode.o
 .text          0x0000000000000000        0x0 lib-vimyak/modes/mode-utilities.o
 .bss           0x0000000000000000        0x0 lib-vimyak/modes/mode-utilities.o
 .text.__do_delay
                0x0000000000000000        0xe lib-vimyak/modes/mode-utilities.o
 .text.__go_soft_beginning_of_lineNONScrivener
                0x0000000000000000        0xe lib-vimyak/modes/mode-utilities.o
 .text.__go_scroll_page_down
                0x0000000000000000       0x1a lib-vimyak/modes/mode-utilities.o
 .text.__go_scroll_page_up
                0x0000000000000000       0x1a lib-vimyak/modes/mode-utilities.o
 .text.__go_end_of_file
                0x0000000000000000       0x1a lib-vimyak/modes/mode-utilities.o
 .text.__go_beginning_of_file
                0x0000000000000000       0x1a lib-vimyak/modes/mode-utilities.o
 .text._reset_repeat
                0x0000000000000000       0x1c lib-vimyak/modes/mode-utilities.o
 .text._add_command
                0x0000000000000000       0x1c lib-vimyak/modes/mode-utilities.o
 .text._do_repeat
                0x0000000000000000       0x50 lib-vimyak/modes/mode-utilities.o
 .text          0x0000000000000000        0x0 lib-vimyak/modes/normal-mode.o
 .bss           0x0000000000000000        0x0 lib-vimyak/modes/normal-mode.o
 .text._do_visual_mode_line_exit_function
                0x0000000000000000        0x4 lib-vimyak/modes/normal-mode.o
 .text          0x0000000000000000        0x0 lib-vimyak/modes/visual-mode.o
 .bss           0x0000000000000000        0x0 lib-vimyak/modes/visual-mode.o
 .text          0x0000000000000000        0x0 /usr/local/Cellar/avr-gcc/4.7.2/lib/gcc/avr/4.7.2/avr5/libgcc.a(_exit.o)
 .bss           0x0000000000000000        0x0 /usr/local/Cellar/avr-gcc/4.7.2/lib/gcc/avr/4.7.2/avr5/libgcc.a(_exit.o)
 .text.libgcc.mul
                0x0000000000000000        0x0 /usr/local/Cellar/avr-gcc/4.7.2/lib/gcc/avr/4.7.2/avr5/libgcc.a(_exit.o)
 .text.libgcc.div
                0x0000000000000000        0x0 /usr/local/Cellar/avr-gcc/4.7.2/lib/gcc/avr/4.7.2/avr5/libgcc.a(_exit.o)
 .text.libgcc   0x0000000000000000        0x0 /usr/local/Cellar/avr-gcc/4.7.2/lib/gcc/avr/4.7.2/avr5/libgcc.a(_exit.o)
 .text.libgcc.prologue
                0x0000000000000000        0x0 /usr/local/Cellar/avr-gcc/4.7.2/lib/gcc/avr/4.7.2/avr5/libgcc.a(_exit.o)
 .text.libgcc.builtins
                0x0000000000000000        0x0 /usr/local/Cellar/avr-gcc/4.7.2/lib/gcc/avr/4.7.2/avr5/libgcc.a(_exit.o)
 .text.libgcc.fmul
                0x0000000000000000        0x0 /usr/local/Cellar/avr-gcc/4.7.2/lib/gcc/avr/4.7.2/avr5/libgcc.a(_exit.o)
 .text          0x0000000000000000        0x0 /usr/local/Cellar/avr-gcc/4.7.2/lib/gcc/avr/4.7.2/avr5/libgcc.a(_tablejump.o)
 .bss           0x0000000000000000        0x0 /usr/local/Cellar/avr-gcc/4.7.2/lib/gcc/avr/4.7.2/avr5/libgcc.a(_tablejump.o)
 .text.libgcc.mul
                0x0000000000000000        0x0 /usr/local/Cellar/avr-gcc/4.7.2/lib/gcc/avr/4.7.2/avr5/libgcc.a(_tablejump.o)
 .text.libgcc.div
                0x0000000000000000        0x0 /usr/local/Cellar/avr-gcc/4.7.2/lib/gcc/avr/4.7.2/avr5/libgcc.a(_tablejump.o)
 .text.libgcc.prologue
                0x0000000000000000        0x0 /usr/local/Cellar/avr-gcc/4.7.2/lib/gcc/avr/4.7.2/avr5/libgcc.a(_tablejump.o)
 .text.libgcc.builtins
                0x0000000000000000        0x0 /usr/local/Cellar/avr-gcc/4.7.2/lib/gcc/avr/4.7.2/avr5/libgcc.a(_tablejump.o)
 .text.libgcc.fmul
                0x0000000000000000        0x0 /usr/local/Cellar/avr-gcc/4.7.2/lib/gcc/avr/4.7.2/avr5/libgcc.a(_tablejump.o)
 .text          0x0000000000000000        0x0 /usr/local/Cellar/avr-gcc/4.7.2/lib/gcc/avr/4.7.2/avr5/libgcc.a(_copy_data.o)
 .bss           0x0000000000000000        0x0 /usr/local/Cellar/avr-gcc/4.7.2/lib/gcc/avr/4.7.2/avr5/libgcc.a(_copy_data.o)
 .text.libgcc.mul
                0x0000000000000000        0x0 /usr/local/Cellar/avr-gcc/4.7.2/lib/gcc/avr/4.7.2/avr5/libgcc.a(_copy_data.o)
 .text.libgcc.div
                0x0000000000000000        0x0 /usr/local/Cellar/avr-gcc/4.7.2/lib/gcc/avr/4.7.2/avr5/libgcc.a(_copy_data.o)
 .text.libgcc   0x0000000000000000        0x0 /usr/local/Cellar/avr-gcc/4.7.2/lib/gcc/avr/4.7.2/avr5/libgcc.a(_copy_data.o)
 .text.libgcc.prologue
                0x0000000000000000        0x0 /usr/local/Cellar/avr-gcc/4.7.2/lib/gcc/avr/4.7.2/avr5/libgcc.a(_copy_data.o)
 .text.libgcc.builtins
                0x0000000000000000        0x0 /usr/local/Cellar/avr-gcc/4.7.2/lib/gcc/avr/4.7.2/avr5/libgcc.a(_copy_data.o)
 .text.libgcc.fmul
                0x0000000000000000        0x0 /usr/local/Cellar/avr-gcc/4.7.2/lib/gcc/avr/4.7.2/avr5/libgcc.a(_copy_data.o)
 .text          0x0000000000000000        0x0 /usr/local/Cellar/avr-gcc/4.7.2/lib/gcc/avr/4.7.2/avr5/libgcc.a(_clear_bss.o)
 .bss           0x0000000000000000        0x0 /usr/local/Cellar/avr-gcc/4.7.2/lib/gcc/avr/4.7.2/avr5/libgcc.a(_clear_bss.o)
 .text.libgcc.mul
                0x0000000000000000        0x0 /usr/local/Cellar/avr-gcc/4.7.2/lib/gcc/avr/4.7.2/avr5/libgcc.a(_clear_bss.o)
 .text.libgcc.div
                0x0000000000000000        0x0 /usr/local/Cellar/avr-gcc/4.7.2/lib/gcc/avr/4.7.2/avr5/libgcc.a(_clear_bss.o)
 .text.libgcc   0x0000000000000000        0x0 /usr/local/Cellar/avr-gcc/4.7.2/lib/gcc/avr/4.7.2/avr5/libgcc.a(_clear_bss.o)
 .text.libgcc.prologue
                0x0000000000000000        0x0 /usr/local/Cellar/avr-gcc/4.7.2/lib/gcc/avr/4.7.2/avr5/libgcc.a(_clear_bss.o)
 .text.libgcc.builtins
                0x0000000000000000        0x0 /usr/local/Cellar/avr-gcc/4.7.2/lib/gcc/avr/4.7.2/avr5/libgcc.a(_clear_bss.o)
 .text.libgcc.fmul
                0x0000000000000000        0x0 /usr/local/Cellar/avr-gcc/4.7.2/lib/gcc/avr/4.7.2/avr5/libgcc.a(_clear_bss.o)

Memory Configuration

Name             Origin             Length             Attributes
text             0x0000000000000000 0x0000000000020000 xr
data             0x0000000000800060 0x000000000000ffa0 rw !x
eeprom           0x0000000000810000 0x0000000000010000 rw !x
fuse             0x0000000000820000 0x0000000000000400 rw !x
lock             0x0000000000830000 0x0000000000000400 rw !x
signature        0x0000000000840000 0x0000000000000400 rw !x
*default*        0x0000000000000000 0xffffffffffffffff

Linker script and memory map

Address of section .data set to 0x800100
LOAD /usr/local/Cellar/avr-gcc/4.7.2/lib/gcc/avr/4.7.2/../../../../avr/lib/avr5/crtm32u4.o
LOAD main.o
LOAD keyboard/ergodox/controller.o
LOAD keyboard/ergodox/controller/mcp23018.o
LOAD keyboard/ergodox/controller/teensy-2-0.o
LOAD keyboard/ergodox/layout/default--layout.o
LOAD lib/key-functions/private.o
LOAD lib/twi/teensy-2-0.o
LOAD lib/usb/TODO.o
LOAD lib/key-functions/public/basic.o
LOAD lib/key-functions/public/device.o
LOAD lib/key-functions/public/special.o
LOAD lib-other/pjrc/usb_keyboard/usb_keyboard.o
LOAD lib-vimyak/vimyak.o
LOAD lib-vimyak/modes/insert-mode.o
LOAD lib-vimyak/modes/mode-utilities.o
LOAD lib-vimyak/modes/normal-mode.o
LOAD lib-vimyak/modes/visual-mode.o
LOAD /usr/local/Cellar/avr-gcc/4.7.2/lib/gcc/avr/4.7.2/avr5/libgcc.a
LOAD /usr/local/Cellar/avr-gcc/4.7.2/lib/gcc/avr/4.7.2/../../../../avr/lib/avr5/libc.a
LOAD /usr/local/Cellar/avr-gcc/4.7.2/lib/gcc/avr/4.7.2/avr5/libgcc.a

.hash
 *(.hash)

.dynsym
 *(.dynsym)

.dynstr
 *(.dynstr)

.gnu.version
 *(.gnu.version)

.gnu.version_d
 *(.gnu.version_d)

.gnu.version_r
 *(.gnu.version_r)

.rel.init
 *(.rel.init)

.rela.init
 *(.rela.init)

.rel.text
 *(.rel.text)
 *(.rel.text.*)
 *(.rel.gnu.linkonce.t*)

.rela.text
 *(.rela.text)
 *(.rela.text.*)
 *(.rela.gnu.linkonce.t*)

.rel.fini
 *(.rel.fini)

.rela.fini
 *(.rela.fini)

.rel.rodata
 *(.rel.rodata)
 *(.rel.rodata.*)
 *(.rel.gnu.linkonce.r*)

.rela.rodata
 *(.rela.rodata)
 *(.rela.rodata.*)
 *(.rela.gnu.linkonce.r*)

.rel.data
 *(.rel.data)
 *(.rel.data.*)
 *(.rel.gnu.linkonce.d*)

.rela.data
 *(.rela.data)
 *(.rela.data.*)
 *(.rela.gnu.linkonce.d*)

.rel.ctors
 *(.rel.ctors)

.rela.ctors
 *(.rela.ctors)

.rel.dtors
 *(.rel.dtors)

.rela.dtors
 *(.rela.dtors)

.rel.got
 *(.rel.got)

.rela.got
 *(.rela.got)

.rel.bss
 *(.rel.bss)

.rela.bss
 *(.rela.bss)

.rel.plt
 *(.rel.plt)

.rela.plt
 *(.rela.plt)

.text           0x0000000000000000     0x30c4
 *(.vectors)
 .vectors       0x0000000000000000       0xac /usr/local/Cellar/avr-gcc/4.7.2/lib/gcc/avr/4.7.2/../../../../avr/lib/avr5/crtm32u4.o
                0x0000000000000000                __vectors
                0x0000000000000000                __vector_default
 *(.vectors)
 *(.progmem.gcc*)
 .progmem.gcc_sw_table._empty_command
                0x00000000000000ac       0xe0 lib-vimyak/modes/normal-mode.o
 *(.progmem*)
 .progmem.data._kb_layout_release
                0x000000000000018c      0x690 keyboard/ergodox/layout/default--layout.o
                0x000000000000018c                _kb_layout_release
 .progmem.data._kb_layout_press
                0x000000000000081c      0x690 keyboard/ergodox/layout/default--layout.o
                0x000000000000081c                _kb_layout_press
 .progmem.data._kb_layout
                0x0000000000000eac      0x348 keyboard/ergodox/layout/default--layout.o
                0x0000000000000eac                _kb_layout
 .progmem.data.descriptor_list
                0x00000000000011f4       0x31 lib-other/pjrc/usb_keyboard/usb_keyboard.o
 .progmem.data.endpoint_config_table
                0x0000000000001225        0x6 lib-other/pjrc/usb_keyboard/usb_keyboard.o
 .progmem.data.device_descriptor
                0x000000000000122b       0x12 lib-other/pjrc/usb_keyboard/usb_keyboard.o
 .progmem.data.config1_descriptor
                0x000000000000123d       0x22 lib-other/pjrc/usb_keyboard/usb_keyboard.o
 .progmem.data.keyboard_hid_report_desc
                0x000000000000125f       0x3f lib-other/pjrc/usb_keyboard/usb_keyboard.o
 .progmem.data.string0
                0x000000000000129e        0x4 lib-other/pjrc/usb_keyboard/usb_keyboard.o
 .progmem.data.string1
                0x00000000000012a2       0x1a lib-other/pjrc/usb_keyboard/usb_keyboard.o
 .progmem.data.string2
                0x00000000000012bc       0x38 lib-other/pjrc/usb_keyboard/usb_keyboard.o
                0x00000000000012f4                . = ALIGN (0x2)
                0x00000000000012f4                __trampolines_start = .
 *(.trampolines)
 .trampolines   0x00000000000012f4        0x0 linker stubs
 *(.trampolines*)
                0x00000000000012f4                __trampolines_end = .
 *(.jumptables)
 *(.jumptables*)
 *(.lowtext)
 *(.lowtext*)
                0x00000000000012f4                __ctors_start = .
 *(.ctors)
                0x00000000000012f4                __ctors_end = .
                0x00000000000012f4                __dtors_start = .
 *(.dtors)
                0x00000000000012f4                __dtors_end = .
 SORT(*)(.ctors)
 SORT(*)(.dtors)
 *(.init0)
 .init0         0x00000000000012f4        0x0 /usr/local/Cellar/avr-gcc/4.7.2/lib/gcc/avr/4.7.2/../../../../avr/lib/avr5/crtm32u4.o
                0x00000000000012f4                __init
 *(.init0)
 *(.init1)
 *(.init1)
 *(.init2)
 .init2         0x00000000000012f4        0xc /usr/local/Cellar/avr-gcc/4.7.2/lib/gcc/avr/4.7.2/../../../../avr/lib/avr5/crtm32u4.o
 *(.init2)
 *(.init3)
 *(.init3)
 *(.init4)
 .init4         0x0000000000001300       0x16 /usr/local/Cellar/avr-gcc/4.7.2/lib/gcc/avr/4.7.2/avr5/libgcc.a(_copy_data.o)
                0x0000000000001300                __do_copy_data
 .init4         0x0000000000001316       0x10 /usr/local/Cellar/avr-gcc/4.7.2/lib/gcc/avr/4.7.2/avr5/libgcc.a(_clear_bss.o)
                0x0000000000001316                __do_clear_bss
 *(.init4)
 *(.init5)
 *(.init5)
 *(.init6)
 *(.init6)
 *(.init7)
 *(.init7)
 *(.init8)
 *(.init8)
 *(.init9)
 .init9         0x0000000000001326        0x6 /usr/local/Cellar/avr-gcc/4.7.2/lib/gcc/avr/4.7.2/../../../../avr/lib/avr5/crtm32u4.o
 *(.init9)
 *(.text)
 .text          0x000000000000132c        0x4 /usr/local/Cellar/avr-gcc/4.7.2/lib/gcc/avr/4.7.2/../../../../avr/lib/avr5/crtm32u4.o
                0x000000000000132c                __vector_42
                0x000000000000132c                __vector_22
                0x000000000000132c                __vector_28
                0x000000000000132c                __vector_1
                0x000000000000132c                __vector_32
                0x000000000000132c                __vector_34
                0x000000000000132c                __vector_24
                0x000000000000132c                __vector_12
                0x000000000000132c                __bad_interrupt
                0x000000000000132c                __vector_6
                0x000000000000132c                __vector_31
                0x000000000000132c                __vector_35
                0x000000000000132c                __vector_39
                0x000000000000132c                __vector_3
                0x000000000000132c                __vector_23
                0x000000000000132c                __vector_30
                0x000000000000132c                __vector_25
                0x000000000000132c                __vector_13
                0x000000000000132c                __vector_17
                0x000000000000132c                __vector_19
                0x000000000000132c                __vector_7
                0x000000000000132c                __vector_41
                0x000000000000132c                __vector_27
                0x000000000000132c                __vector_5
                0x000000000000132c                __vector_33
                0x000000000000132c                __vector_37
                0x000000000000132c                __vector_4
                0x000000000000132c                __vector_9
                0x000000000000132c                __vector_2
                0x000000000000132c                __vector_21
                0x000000000000132c                __vector_15
                0x000000000000132c                __vector_36
                0x000000000000132c                __vector_29
                0x000000000000132c                __vector_40
                0x000000000000132c                __vector_8
                0x000000000000132c                __vector_26
                0x000000000000132c                __vector_14
                0x000000000000132c                __vector_16
                0x000000000000132c                __vector_18
                0x000000000000132c                __vector_20
                0x000000000000132c                __vector_38
                0x0000000000001330                . = ALIGN (0x2)
 *(.text.*)
 .text.main_exec_key
                0x0000000000001330       0x60 main.o
                0x0000000000001330                main_exec_key
 .text.main_layers_peek
                0x0000000000001390       0x1e main.o
                0x0000000000001390                main_layers_peek
 .text.startup.main
                0x00000000000013ae      0x156 main.o
                0x00000000000013ae                main
 .text.main_layers_push
                0x0000000000001504       0x44 main.o
                0x0000000000001504                main_layers_push
 .text.main_layers_pop_id
                0x0000000000001548       0x70 main.o
                0x0000000000001548                main_layers_pop_id
 .text.kb_init  0x00000000000015b8       0x18 keyboard/ergodox/controller.o
                0x00000000000015b8                kb_init
 .text.kb_update_matrix
                0x00000000000015d0       0x24 keyboard/ergodox/controller.o
                0x00000000000015d0                kb_update_matrix
 .text.mcp23018_init
                0x00000000000015f4       0x56 keyboard/ergodox/controller/mcp23018.o
                0x00000000000015f4                mcp23018_init
 .text.mcp23018_update_matrix
                0x000000000000164a       0xf4 keyboard/ergodox/controller/mcp23018.o
                0x000000000000164a                mcp23018_update_matrix
 .text.teensy_init
                0x000000000000173e      0x192 keyboard/ergodox/controller/teensy-2-0.o
                0x000000000000173e                teensy_init
 .text.teensy_update_matrix
                0x00000000000018d0      0x29e keyboard/ergodox/controller/teensy-2-0.o
                0x00000000000018d0                teensy_update_matrix
 .text._kbfun_press_release
                0x0000000000001b6e       0xe8 lib/key-functions/private.o
                0x0000000000001b6e                _kbfun_press_release
 .text.twi_init
                0x0000000000001c56       0x12 lib/twi/teensy-2-0.o
                0x0000000000001c56                twi_init
 .text.twi_start
                0x0000000000001c68       0x2e lib/twi/teensy-2-0.o
                0x0000000000001c68                twi_start
 .text.twi_stop
                0x0000000000001c96       0x10 lib/twi/teensy-2-0.o
                0x0000000000001c96                twi_stop
 .text.twi_send
                0x0000000000001ca6       0x3c lib/twi/teensy-2-0.o
                0x0000000000001ca6                twi_send
 .text.twi_read
                0x0000000000001ce2       0x2c lib/twi/teensy-2-0.o
                0x0000000000001ce2                twi_read
 .text.layer_pop
                0x0000000000001d0e       0x1e lib/key-functions/public/basic.o
 .text.layer_push
                0x0000000000001d2c       0x4e lib/key-functions/public/basic.o
 .text.kbfun_press_release
                0x0000000000001d7a       0x2e lib/key-functions/public/basic.o
                0x0000000000001d7a                kbfun_press_release
 .text.kbfun_transparent
                0x0000000000001da8       0x2c lib/key-functions/public/basic.o
                0x0000000000001da8                kbfun_transparent
 .text.kbfun_layer_push_1
                0x0000000000001dd4        0x4 lib/key-functions/public/basic.o
                0x0000000000001dd4                kbfun_layer_push_1
 .text.kbfun_layer_pop_1
                0x0000000000001dd8        0x4 lib/key-functions/public/basic.o
                0x0000000000001dd8                kbfun_layer_pop_1
 .text.kbfun_jump_to_bootloader
                0x0000000000001ddc       0x64 lib/key-functions/public/device.o
                0x0000000000001ddc                kbfun_jump_to_bootloader
 .text.usb_wait_in_ready
                0x0000000000001e40        0xa lib-other/pjrc/usb_keyboard/usb_keyboard.o
 .text.usb_init
                0x0000000000001e4a       0x2e lib-other/pjrc/usb_keyboard/usb_keyboard.o
                0x0000000000001e4a                usb_init
 .text.usb_configured
                0x0000000000001e78        0x6 lib-other/pjrc/usb_keyboard/usb_keyboard.o
                0x0000000000001e78                usb_configured
 .text.usb_keyboard_send
                0x0000000000001e7e       0x70 lib-other/pjrc/usb_keyboard/usb_keyboard.o
                0x0000000000001e7e                usb_keyboard_send
 .text.__vector_10
                0x0000000000001eee       0xb4 lib-other/pjrc/usb_keyboard/usb_keyboard.o
                0x0000000000001eee                __vector_10
 .text.__vector_11
                0x0000000000001fa2      0x2ca lib-other/pjrc/usb_keyboard/usb_keyboard.o
                0x0000000000001fa2                __vector_11
 .text.get_keyboard_state
                0x000000000000226c        0x6 lib-vimyak/vimyak.o
                0x000000000000226c                get_keyboard_state
 .text.set_keyboard_state
                0x0000000000002272        0x6 lib-vimyak/vimyak.o
                0x0000000000002272                set_keyboard_state
 .text.set_clear_buffer
                0x0000000000002278        0x8 lib-vimyak/vimyak.o
                0x0000000000002278                set_clear_buffer
 .text.set_skip_further_commands
                0x0000000000002280        0x8 lib-vimyak/vimyak.o
                0x0000000000002280                set_skip_further_commands
 .text.set_repeatable_key
                0x0000000000002288        0x8 lib-vimyak/vimyak.o
                0x0000000000002288                set_repeatable_key
 .text.set_repeatable_modified_key
                0x0000000000002290        0x8 lib-vimyak/vimyak.o
                0x0000000000002290                set_repeatable_modified_key
 .text._handle_sending_of_keys
                0x0000000000002298       0x70 lib-vimyak/vimyak.o
                0x0000000000002298                _handle_sending_of_keys
 .text._LEDhandler
                0x0000000000002308       0x4a lib-vimyak/vimyak.o
                0x0000000000002308                _LEDhandler
 .text._vimyak_reset
                0x0000000000002352        0xa lib-vimyak/vimyak.o
                0x0000000000002352                _vimyak_reset
 .text.vimyak_init
                0x000000000000235c        0x2 lib-vimyak/vimyak.o
                0x000000000000235c                vimyak_init
 .text._key_handler
                0x000000000000235e       0x2a lib-vimyak/vimyak.o
                0x000000000000235e                _key_handler
 .text._pre_command_handler
                0x0000000000002388       0x12 lib-vimyak/vimyak.o
                0x0000000000002388                _pre_command_handler
 .text.vimyak_keyhandler
                0x000000000000239a       0x64 lib-vimyak/vimyak.o
                0x000000000000239a                vimyak_keyhandler
 .text.insert_mode_loop
                0x00000000000023fe       0xde lib-vimyak/modes/insert-mode.o
                0x00000000000023fe                insert_mode_loop
 .text._set_command_function
                0x00000000000024dc        0xa lib-vimyak/modes/mode-utilities.o
                0x00000000000024dc                _set_command_function
 .text._set_state
                0x00000000000024e6       0x3a lib-vimyak/modes/mode-utilities.o
                0x00000000000024e6                _set_state
 .text._do_command_reset
                0x0000000000002520        0x4 lib-vimyak/modes/mode-utilities.o
                0x0000000000002520                _do_command_reset
 .text._repeater_addition
                0x0000000000002524       0x1a lib-vimyak/modes/mode-utilities.o
                0x0000000000002524                _repeater_addition
 .text._reset_repeater
                0x000000000000253e        0x6 lib-vimyak/modes/mode-utilities.o
                0x000000000000253e                _reset_repeater
 .text._get_repeater
                0x0000000000002544        0x6 lib-vimyak/modes/mode-utilities.o
                0x0000000000002544                _get_repeater
 .text.__do_send
                0x000000000000254a       0x28 lib-vimyak/modes/mode-utilities.o
                0x000000000000254a                __do_send
 .text.__go_beginning_of_line
                0x0000000000002572       0x16 lib-vimyak/modes/mode-utilities.o
                0x0000000000002572                __go_beginning_of_line
 .text.__go_end_of_line
                0x0000000000002588       0x16 lib-vimyak/modes/mode-utilities.o
                0x0000000000002588                __go_end_of_line
 .text.__go_soft_beginning_of_line
                0x000000000000259e        0x4 lib-vimyak/modes/mode-utilities.o
                0x000000000000259e                __go_soft_beginning_of_line
 .text.__do_select_all_word
                0x00000000000025a2        0xc lib-vimyak/modes/mode-utilities.o
                0x00000000000025a2                __do_select_all_word
 .text.__do_copy_selection
                0x00000000000025ae        0xc lib-vimyak/modes/mode-utilities.o
                0x00000000000025ae                __do_copy_selection
 .text.__do_paste
                0x00000000000025ba        0xc lib-vimyak/modes/mode-utilities.o
                0x00000000000025ba                __do_paste
 .text.__do_delete_backwards
                0x00000000000025c6        0xa lib-vimyak/modes/mode-utilities.o
                0x00000000000025c6                __do_delete_backwards
 .text.__do_delete_forward
                0x00000000000025d0        0xa lib-vimyak/modes/mode-utilities.o
                0x00000000000025d0                __do_delete_forward
 .text.__do_set_mark
                0x00000000000025da        0xc lib-vimyak/modes/mode-utilities.o
                0x00000000000025da                __do_set_mark
 .text.__do_swap_with_mark
                0x00000000000025e6        0xc lib-vimyak/modes/mode-utilities.o
                0x00000000000025e6                __do_swap_with_mark
 .text.__do_select_line
                0x00000000000025f2        0xc lib-vimyak/modes/mode-utilities.o
                0x00000000000025f2                __do_select_line
 .text.__do_up  0x00000000000025fe       0x18 lib-vimyak/modes/mode-utilities.o
                0x00000000000025fe                __do_up
 .text.__do_down
                0x0000000000002616       0x18 lib-vimyak/modes/mode-utilities.o
                0x0000000000002616                __do_down
 .text.__do_left
                0x000000000000262e       0x18 lib-vimyak/modes/mode-utilities.o
                0x000000000000262e                __do_left
 .text.__do_right
                0x0000000000002646       0x18 lib-vimyak/modes/mode-utilities.o
                0x0000000000002646                __do_right
 .text.__do_left_word
                0x000000000000265e       0x1e lib-vimyak/modes/mode-utilities.o
                0x000000000000265e                __do_left_word
 .text.__do_right_word
                0x000000000000267c       0x1e lib-vimyak/modes/mode-utilities.o
                0x000000000000267c                __do_right_word
 .text.__do_scroll_up
                0x000000000000269a        0xc lib-vimyak/modes/mode-utilities.o
                0x000000000000269a                __do_scroll_up
 .text.__do_scroll_down
                0x00000000000026a6        0xc lib-vimyak/modes/mode-utilities.o
                0x00000000000026a6                __do_scroll_down
 .text.__do_insert_space
                0x00000000000026b2        0x6 lib-vimyak/modes/mode-utilities.o
                0x00000000000026b2                __do_insert_space
 .text.__go_page_down
                0x00000000000026b8        0xc lib-vimyak/modes/mode-utilities.o
                0x00000000000026b8                __go_page_down
 .text.__go_page_up
                0x00000000000026c4        0xc lib-vimyak/modes/mode-utilities.o
                0x00000000000026c4                __go_page_up
 .text.__do_select_all_file
                0x00000000000026d0        0xc lib-vimyak/modes/mode-utilities.o
                0x00000000000026d0                __do_select_all_file
 .text.__do_find_forward
                0x00000000000026dc        0xc lib-vimyak/modes/mode-utilities.o
                0x00000000000026dc                __do_find_forward
 .text.__do_find_backward
                0x00000000000026e8        0xa lib-vimyak/modes/mode-utilities.o
                0x00000000000026e8                __do_find_backward
 .text._do_command_space
                0x00000000000026f2        0xc lib-vimyak/modes/mode-utilities.o
                0x00000000000026f2                _do_command_space
 .text._do_command_option_alt_f
                0x00000000000026fe        0xc lib-vimyak/modes/mode-utilities.o
                0x00000000000026fe                _do_command_option_alt_f
 .text._do_command_alt_f
                0x000000000000270a        0xc lib-vimyak/modes/mode-utilities.o
                0x000000000000270a                _do_command_alt_f
 .text._single_key_handler_hack
                0x0000000000002716       0x3c lib-vimyak/modes/normal-mode.o
                0x0000000000002716                _single_key_handler_hack
 .text._do_save
                0x0000000000002752        0xc lib-vimyak/modes/normal-mode.o
                0x0000000000002752                _do_save
 .text._do_quit
                0x000000000000275e        0xc lib-vimyak/modes/normal-mode.o
                0x000000000000275e                _do_quit
 .text._do_end_of_line
                0x000000000000276a        0xc lib-vimyak/modes/normal-mode.o
                0x000000000000276a                _do_end_of_line
 .text._do_hard_beginning_of_line
                0x0000000000002776        0xc lib-vimyak/modes/normal-mode.o
                0x0000000000002776                _do_hard_beginning_of_line
 .text._do_find
                0x0000000000002782        0xc lib-vimyak/modes/normal-mode.o
                0x0000000000002782                _do_find
 .text._do_undo
                0x000000000000278e        0xc lib-vimyak/modes/normal-mode.o
                0x000000000000278e                _do_undo
 .text._subst_char
                0x000000000000279a        0xa lib-vimyak/modes/normal-mode.o
                0x000000000000279a                _subst_char
 .text._do_back_one_char
                0x00000000000027a4        0xa lib-vimyak/modes/normal-mode.o
                0x00000000000027a4                _do_back_one_char
 .text._do_select_next_char
                0x00000000000027ae        0xc lib-vimyak/modes/normal-mode.o
                0x00000000000027ae                _do_select_next_char
 .text._do_paste_previous_line
                0x00000000000027ba       0x2e lib-vimyak/modes/normal-mode.o
                0x00000000000027ba                _do_paste_previous_line
 .text._do_paste
                0x00000000000027e8       0x2e lib-vimyak/modes/normal-mode.o
                0x00000000000027e8                _do_paste
 .text._do_open_line_below
                0x0000000000002816       0x16 lib-vimyak/modes/normal-mode.o
                0x0000000000002816                _do_open_line_below
 .text._do_next_find_backward
                0x000000000000282c        0xa lib-vimyak/modes/normal-mode.o
                0x000000000000282c                _do_next_find_backward
 .text._do_next_find_forward
                0x0000000000002836        0xc lib-vimyak/modes/normal-mode.o
                0x0000000000002836                _do_next_find_forward
 .text._do_append_eol
                0x0000000000002842        0xc lib-vimyak/modes/normal-mode.o
                0x0000000000002842                _do_append_eol
 .text._do_append
                0x000000000000284e        0xa lib-vimyak/modes/normal-mode.o
                0x000000000000284e                _do_append
 .text._do_soft_beginning_of_line
                0x0000000000002858        0x2 lib-vimyak/modes/normal-mode.o
                0x0000000000002858                _do_soft_beginning_of_line
 .text._do_open_line_above
                0x000000000000285a       0x16 lib-vimyak/modes/normal-mode.o
                0x000000000000285a                _do_open_line_above
 .text._do_insert_soft_beginning_of_line
                0x0000000000002870        0x2 lib-vimyak/modes/normal-mode.o
                0x0000000000002870                _do_insert_soft_beginning_of_line
 .text._do_escape_and_find_forward
                0x0000000000002872       0x12 lib-vimyak/modes/normal-mode.o
                0x0000000000002872                _do_escape_and_find_forward
 .text._escape_and_find_char_forward
                0x0000000000002884       0x12 lib-vimyak/modes/normal-mode.o
                0x0000000000002884                _escape_and_find_char_forward
 .text._do_escape_and_find_backward
                0x0000000000002896       0x12 lib-vimyak/modes/normal-mode.o
                0x0000000000002896                _do_escape_and_find_backward
 .text._escape_and_find_char_backward
                0x00000000000028a8       0x12 lib-vimyak/modes/normal-mode.o
                0x00000000000028a8                _escape_and_find_char_backward
 .text._do_copy_selection
                0x00000000000028ba        0x2 lib-vimyak/modes/normal-mode.o
                0x00000000000028ba                _do_copy_selection
 .text._do_next_word
                0x00000000000028bc        0x4 lib-vimyak/modes/normal-mode.o
                0x00000000000028bc                _do_next_word
 .text._do_copy_word
                0x00000000000028c0       0x34 lib-vimyak/modes/normal-mode.o
                0x00000000000028c0                _do_copy_word
 .text._do_end_word
                0x00000000000028f4        0xc lib-vimyak/modes/normal-mode.o
                0x00000000000028f4                _do_end_word
 .text._do_delete_all_word
                0x0000000000002900        0xc lib-vimyak/modes/normal-mode.o
                0x0000000000002900                _do_delete_all_word
 .text._do_copy_all_word
                0x000000000000290c        0x8 lib-vimyak/modes/normal-mode.o
                0x000000000000290c                _do_copy_all_word
 .text._do_copy_line
                0x0000000000002914       0x38 lib-vimyak/modes/normal-mode.o
                0x0000000000002914                _do_copy_line
 .text._do_scroll_down
                0x000000000000294c        0x2 lib-vimyak/modes/normal-mode.o
                0x000000000000294c                _do_scroll_down
 .text._do_scroll_up
                0x000000000000294e        0x2 lib-vimyak/modes/normal-mode.o
                0x000000000000294e                _do_scroll_up
 .text._do_beginning_of_file
                0x0000000000002950        0x6 lib-vimyak/modes/normal-mode.o
                0x0000000000002950                _do_beginning_of_file
 .text._do_end_of_file
                0x0000000000002956        0x6 lib-vimyak/modes/normal-mode.o
                0x0000000000002956                _do_end_of_file
 .text._do_page_up
                0x000000000000295c        0x2 lib-vimyak/modes/normal-mode.o
                0x000000000000295c                _do_page_up
 .text._do_delete_to_end_of_line
                0x000000000000295e        0x8 lib-vimyak/modes/normal-mode.o
                0x000000000000295e                _do_delete_to_end_of_line
 .text._do_delete_word
                0x0000000000002966       0x32 lib-vimyak/modes/normal-mode.o
                0x0000000000002966                _do_delete_word
 .text._do_change_word
                0x0000000000002998       0x30 lib-vimyak/modes/normal-mode.o
                0x0000000000002998                _do_change_word
 .text._do_change_all_word
                0x00000000000029c8        0x6 lib-vimyak/modes/normal-mode.o
                0x00000000000029c8                _do_change_all_word
 .text._do_change_line
                0x00000000000029ce       0x36 lib-vimyak/modes/normal-mode.o
                0x00000000000029ce                _do_change_line
 .text._do_delete_line
                0x0000000000002a04       0x70 lib-vimyak/modes/normal-mode.o
                0x0000000000002a04                _do_delete_line
 .text._do_page_down
                0x0000000000002a74        0x2 lib-vimyak/modes/normal-mode.o
                0x0000000000002a74                _do_page_down
 .text._do_previous_word
                0x0000000000002a76        0x4 lib-vimyak/modes/normal-mode.o
                0x0000000000002a76                _do_previous_word
 .text.__colon  0x0000000000002a7a       0x20 lib-vimyak/modes/normal-mode.o
                0x0000000000002a7a                __colon
 .text._command_handler
                0x0000000000002a9a       0x14 lib-vimyak/modes/normal-mode.o
                0x0000000000002a9a                _command_handler
 .text.__colon_w
                0x0000000000002aae       0x10 lib-vimyak/modes/normal-mode.o
                0x0000000000002aae                __colon_w
 .text.__colon_q
                0x0000000000002abe       0x10 lib-vimyak/modes/normal-mode.o
                0x0000000000002abe                __colon_q
 .text.__y      0x0000000000002ace       0x40 lib-vimyak/modes/normal-mode.o
                0x0000000000002ace                __y
 .text.__ya     0x0000000000002b0e       0x10 lib-vimyak/modes/normal-mode.o
                0x0000000000002b0e                __ya
 .text.__g      0x0000000000002b1e       0x10 lib-vimyak/modes/normal-mode.o
                0x0000000000002b1e                __g
 .text.__d      0x0000000000002b2e       0x44 lib-vimyak/modes/normal-mode.o
                0x0000000000002b2e                __d
 .text.__da     0x0000000000002b72       0x10 lib-vimyak/modes/normal-mode.o
                0x0000000000002b72                __da
 .text.__c      0x0000000000002b82       0x30 lib-vimyak/modes/normal-mode.o
                0x0000000000002b82                __c
 .text.__ca     0x0000000000002bb2       0x14 lib-vimyak/modes/normal-mode.o
                0x0000000000002bb2                __ca
 .text._single_key_command
                0x0000000000002bc6        0xe lib-vimyak/modes/normal-mode.o
                0x0000000000002bc6                _single_key_command
 .text._empty_command
                0x0000000000002bd4      0x316 lib-vimyak/modes/normal-mode.o
                0x0000000000002bd4                _empty_command
 .text.normal_mode_loop
                0x0000000000002eea        0xa lib-vimyak/modes/normal-mode.o
                0x0000000000002eea                normal_mode_loop
 .text.normal_mode_setup
                0x0000000000002ef4        0xe lib-vimyak/modes/normal-mode.o
                0x0000000000002ef4                normal_mode_setup
 .text._do_visual_mode_exit_function
                0x0000000000002f02        0x2 lib-vimyak/modes/visual-mode.o
                0x0000000000002f02                _do_visual_mode_exit_function
 .text._empty_line_command
                0x0000000000002f04       0x9a lib-vimyak/modes/visual-mode.o
                0x0000000000002f04                _empty_line_command
 .text._empty_char_command
                0x0000000000002f9e       0xac lib-vimyak/modes/visual-mode.o
                0x0000000000002f9e                _empty_char_command
 .text._visual_mode_reset
                0x000000000000304a        0xa lib-vimyak/modes/visual-mode.o
                0x000000000000304a                _visual_mode_reset
 .text.visual_mode_char_loop
                0x0000000000003054        0xa lib-vimyak/modes/visual-mode.o
                0x0000000000003054                visual_mode_char_loop
 .text.visual_mode_char_setup
                0x000000000000305e       0x20 lib-vimyak/modes/visual-mode.o
                0x000000000000305e                visual_mode_char_setup
 .text.visual_mode_line_loop
                0x000000000000307e        0xa lib-vimyak/modes/visual-mode.o
                0x000000000000307e                visual_mode_line_loop
 .text.visual_mode_line_setup
                0x0000000000003088       0x2c lib-vimyak/modes/visual-mode.o
                0x0000000000003088                visual_mode_line_setup
 .text.libgcc   0x00000000000030b4        0xc /usr/local/Cellar/avr-gcc/4.7.2/lib/gcc/avr/4.7.2/avr5/libgcc.a(_tablejump.o)
                0x00000000000030b4                __tablejump2__
                0x00000000000030b8                __tablejump__
                0x00000000000030c0                . = ALIGN (0x2)
 *(.fini9)
 .fini9         0x00000000000030c0        0x0 /usr/local/Cellar/avr-gcc/4.7.2/lib/gcc/avr/4.7.2/avr5/libgcc.a(_exit.o)
                0x00000000000030c0                exit
                0x00000000000030c0                _exit
 *(.fini9)
 *(.fini8)
 *(.fini8)
 *(.fini7)
 *(.fini7)
 *(.fini6)
 *(.fini6)
 *(.fini5)
 *(.fini5)
 *(.fini4)
 *(.fini4)
 *(.fini3)
 *(.fini3)
 *(.fini2)
 *(.fini2)
 *(.fini1)
 *(.fini1)
 *(.fini0)
 .fini0         0x00000000000030c0        0x4 /usr/local/Cellar/avr-gcc/4.7.2/lib/gcc/avr/4.7.2/avr5/libgcc.a(_exit.o)
 *(.fini0)
                0x00000000000030c4                _etext = .

.data           0x0000000000800100       0x1a load address 0x00000000000030c4
                0x0000000000800100                PROVIDE (__data_start, .)
 *(.data)
 .data          0x0000000000800100        0x0 /usr/local/Cellar/avr-gcc/4.7.2/lib/gcc/avr/4.7.2/../../../../avr/lib/avr5/crtm32u4.o
 .data          0x0000000000800100        0x0 main.o
 .data          0x0000000000800100        0x0 keyboard/ergodox/controller.o
 .data          0x0000000000800100        0x0 keyboard/ergodox/controller/mcp23018.o
 .data          0x0000000000800100        0x0 keyboard/ergodox/controller/teensy-2-0.o
 .data          0x0000000000800100        0x0 keyboard/ergodox/layout/default--layout.o
 .data          0x0000000000800100        0x0 lib/key-functions/private.o
 .data          0x0000000000800100        0x0 lib/twi/teensy-2-0.o
 .data          0x0000000000800100        0x0 lib/usb/TODO.o
 .data          0x0000000000800100        0x0 lib/key-functions/public/basic.o
 .data          0x0000000000800100        0x0 lib/key-functions/public/device.o
 .data          0x0000000000800100        0x0 lib/key-functions/public/special.o
 .data          0x0000000000800100        0x0 lib-other/pjrc/usb_keyboard/usb_keyboard.o
 .data          0x0000000000800100        0x0 lib-vimyak/vimyak.o
 .data          0x0000000000800100        0x0 lib-vimyak/modes/insert-mode.o
 .data          0x0000000000800100        0x0 lib-vimyak/modes/mode-utilities.o
 .data          0x0000000000800100        0x0 lib-vimyak/modes/normal-mode.o
 .data          0x0000000000800100        0x0 lib-vimyak/modes/visual-mode.o
 .data          0x0000000000800100        0x0 /usr/local/Cellar/avr-gcc/4.7.2/lib/gcc/avr/4.7.2/avr5/libgcc.a(_exit.o)
 .data          0x0000000000800100        0x0 /usr/local/Cellar/avr-gcc/4.7.2/lib/gcc/avr/4.7.2/avr5/libgcc.a(_tablejump.o)
 .data          0x0000000000800100        0x0 /usr/local/Cellar/avr-gcc/4.7.2/lib/gcc/avr/4.7.2/avr5/libgcc.a(_copy_data.o)
 .data          0x0000000000800100        0x0 /usr/local/Cellar/avr-gcc/4.7.2/lib/gcc/avr/4.7.2/avr5/libgcc.a(_clear_bss.o)
 *(.data*)
 .data.layers_ids_in_use
                0x0000000000800100       0x14 main.o
                0x0000000000800100                layers_ids_in_use
 .data.main_kb_was_pressed
                0x0000000000800114        0x2 main.o
                0x0000000000800114                main_kb_was_pressed
 .data.main_kb_is_pressed
                0x0000000000800116        0x2 main.o
                0x0000000000800116                main_kb_is_pressed
 .data.keyboard_idle_config
                0x0000000000800118        0x1 lib-other/pjrc/usb_keyboard/usb_keyboard.o
 .data.keyboard_protocol
                0x0000000000800119        0x1 lib-other/pjrc/usb_keyboard/usb_keyboard.o
 *(.rodata)
 *(.rodata*)
 *(.gnu.linkonce.d*)
                0x000000000080011a                . = ALIGN (0x2)
                0x000000000080011a                _edata = .
                0x000000000080011a                PROVIDE (__data_end, .)

.bss            0x000000000080011a      0x18e
                0x000000000080011a                PROVIDE (__bss_start, .)
 *(.bss)
 *(.bss*)
 .bss.layers_head
                0x000000000080011a        0x1 main.o
                0x000000000080011a                layers_head
 .bss.keyboard_keys_temp
                0x000000000080011b        0x6 main.o
                0x000000000080011b                keyboard_keys_temp
 .bss.keyboard_modifier_keys_temp
                0x0000000000800121        0x1 main.o
                0x0000000000800121                keyboard_modifier_keys_temp
 .bss._main_kb_was_pressed
                0x0000000000800122       0x54 main.o
 .bss._main_kb_is_pressed
                0x0000000000800176       0x54 main.o
 .bss.layer_ids
                0x00000000008001ca       0x14 lib/key-functions/public/basic.o
 .bss.keyboard_leds
                0x00000000008001de        0x1 lib-other/pjrc/usb_keyboard/usb_keyboard.o
                0x00000000008001de                keyboard_leds
 .bss.keyboard_keys
                0x00000000008001df        0x6 lib-other/pjrc/usb_keyboard/usb_keyboard.o
                0x00000000008001df                keyboard_keys
 .bss.keyboard_modifier_keys
                0x00000000008001e5        0x1 lib-other/pjrc/usb_keyboard/usb_keyboard.o
                0x00000000008001e5                keyboard_modifier_keys
 .bss.usb_configuration
                0x00000000008001e6        0x1 lib-other/pjrc/usb_keyboard/usb_keyboard.o
 .bss.keyboard_idle_count
                0x00000000008001e7        0x1 lib-other/pjrc/usb_keyboard/usb_keyboard.o
 .bss.div4.1611
                0x00000000008001e8        0x1 lib-other/pjrc/usb_keyboard/usb_keyboard.o
 *(COMMON)
 COMMON         0x00000000008001e9       0x84 main.o
                0x00000000008001e9                main_loop_row
                0x00000000008001ea                main_layers_pressed
                0x000000000080023e                main_arg_row
                0x000000000080023f                main_arg_layer
                0x0000000000800240                layers
                0x0000000000800268                main_arg_was_pressed
                0x0000000000800269                main_arg_is_pressed
                0x000000000080026a                main_loop_col
                0x000000000080026b                main_arg_layer_offset
                0x000000000080026c                main_arg_col
 COMMON         0x000000000080026d        0xb lib-vimyak/vimyak.o
                0x000000000080026d                _keypress_message_sent
                0x000000000080026e                _exit_function
                0x0000000000800270                _repeating_key
                0x0000000000800271                _command_function
                0x0000000000800273                _repeating_modified_key
                0x0000000000800274                _flush_keys
                0x0000000000800275                _keyboard_state
                0x0000000000800276                _ignore_rest_of_keys
                0x0000000000800277                _previous_state
 COMMON         0x0000000000800278       0x2b lib-vimyak/modes/mode-utilities.o
                0x0000000000800278                _cmd_array
                0x00000000008002a0                my_modifiers
                0x00000000008002a1                _cmd_array_index
                0x00000000008002a2                _repeater
 COMMON         0x00000000008002a3        0x3 lib-vimyak/modes/normal-mode.o
                0x00000000008002a3                __modifier
                0x00000000008002a4                __key
                0x00000000008002a5                repeater_index
 COMMON         0x00000000008002a6        0x2 lib-vimyak/modes/visual-mode.o
                0x00000000008002a6                _visual_mode_line_count
                0x00000000008002a8                PROVIDE (__bss_end, .)
                0x00000000000030c4                __data_load_start = LOADADDR (.data)
                0x00000000000030de                __data_load_end = (__data_load_start + SIZEOF (.data))

.noinit         0x00000000008002a8        0x0
                0x00000000008002a8                PROVIDE (__noinit_start, .)
 *(.noinit*)
                0x00000000008002a8                PROVIDE (__noinit_end, .)
                0x00000000008002a8                _end = .
                0x00000000008002a8                PROVIDE (__heap_start, .)

.eeprom         0x0000000000810000        0x0
 *(.eeprom*)
                0x0000000000810000                __eeprom_end = .

.fuse
 *(.fuse)
 *(.lfuse)
 *(.hfuse)
 *(.efuse)

.lock
 *(.lock*)

.signature
 *(.signature*)

.stab           0x0000000000000000      0x6cc
 *(.stab)
 .stab          0x0000000000000000      0x6cc /usr/local/Cellar/avr-gcc/4.7.2/lib/gcc/avr/4.7.2/../../../../avr/lib/avr5/crtm32u4.o

.stabstr        0x0000000000000000       0x81
 *(.stabstr)
 .stabstr       0x0000000000000000       0x81 /usr/local/Cellar/avr-gcc/4.7.2/lib/gcc/avr/4.7.2/../../../../avr/lib/avr5/crtm32u4.o

.stab.excl
 *(.stab.excl)

.stab.exclstr
 *(.stab.exclstr)

.stab.index
 *(.stab.index)

.stab.indexstr
 *(.stab.indexstr)

.comment        0x0000000000000000       0x11
 *(.comment)
 .comment       0x0000000000000000       0x11 main.o
                                         0x12 (size before relaxing)
 .comment       0x0000000000000000       0x12 keyboard/ergodox/controller.o
 .comment       0x0000000000000000       0x12 keyboard/ergodox/controller/mcp23018.o
 .comment       0x0000000000000000       0x12 keyboard/ergodox/controller/teensy-2-0.o
 .comment       0x0000000000000000       0x12 keyboard/ergodox/layout/default--layout.o
 .comment       0x0000000000000000       0x12 lib/key-functions/private.o
 .comment       0x0000000000000000       0x12 lib/twi/teensy-2-0.o
 .comment       0x0000000000000000       0x12 lib/usb/TODO.o
 .comment       0x0000000000000000       0x12 lib/key-functions/public/basic.o
 .comment       0x0000000000000000       0x12 lib/key-functions/public/device.o
 .comment       0x0000000000000000       0x12 lib/key-functions/public/special.o
 .comment       0x0000000000000000       0x12 lib-other/pjrc/usb_keyboard/usb_keyboard.o
 .comment       0x0000000000000000       0x12 lib-vimyak/vimyak.o
 .comment       0x0000000000000000       0x12 lib-vimyak/modes/insert-mode.o
 .comment       0x0000000000000000       0x12 lib-vimyak/modes/mode-utilities.o
 .comment       0x0000000000000000       0x12 lib-vimyak/modes/normal-mode.o
 .comment       0x0000000000000000       0x12 lib-vimyak/modes/visual-mode.o

.debug
 *(.debug)

.line
 *(.line)

.debug_srcinfo
 *(.debug_srcinfo)

.debug_sfnames
 *(.debug_sfnames)

.debug_aranges  0x0000000000000000       0x80
 *(.debug_aranges)
 .debug_aranges
                0x0000000000000000       0x20 /usr/local/Cellar/avr-gcc/4.7.2/lib/gcc/avr/4.7.2/avr5/libgcc.a(_exit.o)
 .debug_aranges
                0x0000000000000020       0x20 /usr/local/Cellar/avr-gcc/4.7.2/lib/gcc/avr/4.7.2/avr5/libgcc.a(_tablejump.o)
 .debug_aranges
                0x0000000000000040       0x20 /usr/local/Cellar/avr-gcc/4.7.2/lib/gcc/avr/4.7.2/avr5/libgcc.a(_copy_data.o)
 .debug_aranges
                0x0000000000000060       0x20 /usr/local/Cellar/avr-gcc/4.7.2/lib/gcc/avr/4.7.2/avr5/libgcc.a(_clear_bss.o)

.debug_pubnames
 *(.debug_pubnames)

.debug_info     0x0000000000000000      0x230
 *(.debug_info)
 .debug_info    0x0000000000000000       0x8c /usr/local/Cellar/avr-gcc/4.7.2/lib/gcc/avr/4.7.2/avr5/libgcc.a(_exit.o)
 .debug_info    0x000000000000008c       0x8c /usr/local/Cellar/avr-gcc/4.7.2/lib/gcc/avr/4.7.2/avr5/libgcc.a(_tablejump.o)
 .debug_info    0x0000000000000118       0x8c /usr/local/Cellar/avr-gcc/4.7.2/lib/gcc/avr/4.7.2/avr5/libgcc.a(_copy_data.o)
 .debug_info    0x00000000000001a4       0x8c /usr/local/Cellar/avr-gcc/4.7.2/lib/gcc/avr/4.7.2/avr5/libgcc.a(_clear_bss.o)
 *(.gnu.linkonce.wi.*)

.debug_abbrev   0x0000000000000000       0x50
 *(.debug_abbrev)
 .debug_abbrev  0x0000000000000000       0x14 /usr/local/Cellar/avr-gcc/4.7.2/lib/gcc/avr/4.7.2/avr5/libgcc.a(_exit.o)
 .debug_abbrev  0x0000000000000014       0x14 /usr/local/Cellar/avr-gcc/4.7.2/lib/gcc/avr/4.7.2/avr5/libgcc.a(_tablejump.o)
 .debug_abbrev  0x0000000000000028       0x14 /usr/local/Cellar/avr-gcc/4.7.2/lib/gcc/avr/4.7.2/avr5/libgcc.a(_copy_data.o)
 .debug_abbrev  0x000000000000003c       0x14 /usr/local/Cellar/avr-gcc/4.7.2/lib/gcc/avr/4.7.2/avr5/libgcc.a(_clear_bss.o)

.debug_line     0x0000000000000000      0x17f
 *(.debug_line)
 .debug_line    0x0000000000000000       0x5b /usr/local/Cellar/avr-gcc/4.7.2/lib/gcc/avr/4.7.2/avr5/libgcc.a(_exit.o)
 .debug_line    0x000000000000005b       0x5f /usr/local/Cellar/avr-gcc/4.7.2/lib/gcc/avr/4.7.2/avr5/libgcc.a(_tablejump.o)
 .debug_line    0x00000000000000ba       0x64 /usr/local/Cellar/avr-gcc/4.7.2/lib/gcc/avr/4.7.2/avr5/libgcc.a(_copy_data.o)
 .debug_line    0x000000000000011e       0x61 /usr/local/Cellar/avr-gcc/4.7.2/lib/gcc/avr/4.7.2/avr5/libgcc.a(_clear_bss.o)

.debug_frame
 *(.debug_frame)

.debug_str
 *(.debug_str)

.debug_loc
 *(.debug_loc)

.debug_macinfo
 *(.debug_macinfo)

.debug_pubtypes
 *(.debug_pubtypes)

.debug_ranges
 *(.debug_ranges)

.debug_macro
 *(.debug_macro)
OUTPUT(firmware.elf elf32-avr)
LOAD linker stubs

Cross Reference Table

Symbol                                            File
_LEDhandler                                       lib-vimyak/vimyak.o
__bad_interrupt                                   /usr/local/Cellar/avr-gcc/4.7.2/lib/gcc/avr/4.7.2/../../../../avr/lib/avr5/crtm32u4.o
__bss_end                                         /usr/local/Cellar/avr-gcc/4.7.2/lib/gcc/avr/4.7.2/avr5/libgcc.a(_clear_bss.o)
__bss_start                                       /usr/local/Cellar/avr-gcc/4.7.2/lib/gcc/avr/4.7.2/avr5/libgcc.a(_clear_bss.o)
__c                                               lib-vimyak/modes/normal-mode.o
__ca                                              lib-vimyak/modes/normal-mode.o
__colon                                           lib-vimyak/modes/normal-mode.o
__colon_q                                         lib-vimyak/modes/normal-mode.o
__colon_w                                         lib-vimyak/modes/normal-mode.o
__d                                               lib-vimyak/modes/normal-mode.o
__da                                              lib-vimyak/modes/normal-mode.o
__data_end                                        /usr/local/Cellar/avr-gcc/4.7.2/lib/gcc/avr/4.7.2/avr5/libgcc.a(_copy_data.o)
__data_load_start                                 /usr/local/Cellar/avr-gcc/4.7.2/lib/gcc/avr/4.7.2/avr5/libgcc.a(_copy_data.o)
__data_start                                      /usr/local/Cellar/avr-gcc/4.7.2/lib/gcc/avr/4.7.2/avr5/libgcc.a(_copy_data.o)
__do_clear_bss                                    /usr/local/Cellar/avr-gcc/4.7.2/lib/gcc/avr/4.7.2/avr5/libgcc.a(_clear_bss.o)
                                                  lib-vimyak/modes/visual-mode.o
                                                  lib-vimyak/modes/normal-mode.o
                                                  lib-vimyak/modes/mode-utilities.o
                                                  lib-vimyak/modes/insert-mode.o
                                                  lib-vimyak/vimyak.o
                                                  lib-other/pjrc/usb_keyboard/usb_keyboard.o
                                                  lib/key-functions/public/special.o
                                                  lib/key-functions/public/basic.o
                                                  main.o
__do_copy_data                                    /usr/local/Cellar/avr-gcc/4.7.2/lib/gcc/avr/4.7.2/avr5/libgcc.a(_copy_data.o)
                                                  lib-other/pjrc/usb_keyboard/usb_keyboard.o
                                                  main.o
__do_copy_selection                               lib-vimyak/modes/mode-utilities.o
                                                  lib-vimyak/modes/visual-mode.o
                                                  lib-vimyak/modes/normal-mode.o
__do_delay                                        lib-vimyak/modes/mode-utilities.o
__do_delete_backwards                             lib-vimyak/modes/mode-utilities.o
                                                  lib-vimyak/modes/visual-mode.o
                                                  lib-vimyak/modes/normal-mode.o
__do_delete_forward                               lib-vimyak/modes/mode-utilities.o
                                                  lib-vimyak/modes/normal-mode.o
                                                  lib-vimyak/modes/insert-mode.o
__do_down                                         lib-vimyak/modes/mode-utilities.o
                                                  lib-vimyak/modes/visual-mode.o
                                                  lib-vimyak/modes/normal-mode.o
__do_find_backward                                lib-vimyak/modes/mode-utilities.o
                                                  lib-vimyak/modes/normal-mode.o
__do_find_forward                                 lib-vimyak/modes/mode-utilities.o
                                                  lib-vimyak/modes/normal-mode.o
__do_insert_space                                 lib-vimyak/modes/mode-utilities.o
                                                  lib-vimyak/modes/normal-mode.o
__do_left                                         lib-vimyak/modes/mode-utilities.o
                                                  lib-vimyak/modes/visual-mode.o
                                                  lib-vimyak/modes/normal-mode.o
__do_left_word                                    lib-vimyak/modes/mode-utilities.o
                                                  lib-vimyak/modes/visual-mode.o
                                                  lib-vimyak/modes/normal-mode.o
__do_paste                                        lib-vimyak/modes/mode-utilities.o
                                                  lib-vimyak/modes/normal-mode.o
                                                  lib-vimyak/modes/insert-mode.o
__do_right                                        lib-vimyak/modes/mode-utilities.o
                                                  lib-vimyak/modes/visual-mode.o
                                                  lib-vimyak/modes/normal-mode.o
__do_right_word                                   lib-vimyak/modes/mode-utilities.o
                                                  lib-vimyak/modes/visual-mode.o
                                                  lib-vimyak/modes/normal-mode.o
__do_scroll_down                                  lib-vimyak/modes/mode-utilities.o
                                                  lib-vimyak/modes/normal-mode.o
__do_scroll_up                                    lib-vimyak/modes/mode-utilities.o
                                                  lib-vimyak/modes/normal-mode.o
__do_select_all_file                              lib-vimyak/modes/mode-utilities.o
                                                  lib-vimyak/modes/normal-mode.o
__do_select_all_word                              lib-vimyak/modes/mode-utilities.o
                                                  lib-vimyak/modes/normal-mode.o
__do_select_line                                  lib-vimyak/modes/mode-utilities.o
                                                  lib-vimyak/modes/visual-mode.o
__do_send                                         lib-vimyak/modes/mode-utilities.o
                                                  lib-vimyak/modes/visual-mode.o
                                                  lib-vimyak/modes/normal-mode.o
                                                  lib-vimyak/modes/insert-mode.o
__do_set_mark                                     lib-vimyak/modes/mode-utilities.o
                                                  lib-vimyak/modes/visual-mode.o
                                                  lib-vimyak/modes/normal-mode.o
__do_swap_with_mark                               lib-vimyak/modes/mode-utilities.o
                                                  lib-vimyak/modes/visual-mode.o
                                                  lib-vimyak/modes/normal-mode.o
__do_up                                           lib-vimyak/modes/mode-utilities.o
                                                  lib-vimyak/modes/visual-mode.o
__g                                               lib-vimyak/modes/normal-mode.o
__go_beginning_of_file                            lib-vimyak/modes/mode-utilities.o
__go_beginning_of_line                            lib-vimyak/modes/mode-utilities.o
                                                  lib-vimyak/modes/visual-mode.o
                                                  lib-vimyak/modes/normal-mode.o
__go_end_of_file                                  lib-vimyak/modes/mode-utilities.o
__go_end_of_line                                  lib-vimyak/modes/mode-utilities.o
                                                  lib-vimyak/modes/visual-mode.o
                                                  lib-vimyak/modes/normal-mode.o
__go_page_down                                    lib-vimyak/modes/mode-utilities.o
                                                  lib-vimyak/modes/normal-mode.o
__go_page_up                                      lib-vimyak/modes/mode-utilities.o
                                                  lib-vimyak/modes/normal-mode.o
__go_scroll_page_down                             lib-vimyak/modes/mode-utilities.o
__go_scroll_page_up                               lib-vimyak/modes/mode-utilities.o
__go_soft_beginning_of_line                       lib-vimyak/modes/mode-utilities.o
                                                  lib-vimyak/modes/normal-mode.o
__go_soft_beginning_of_lineNONScrivener           lib-vimyak/modes/mode-utilities.o
__heap_end                                        /usr/local/Cellar/avr-gcc/4.7.2/lib/gcc/avr/4.7.2/../../../../avr/lib/avr5/crtm32u4.o
__init                                            /usr/local/Cellar/avr-gcc/4.7.2/lib/gcc/avr/4.7.2/../../../../avr/lib/avr5/crtm32u4.o
__key                                             lib-vimyak/modes/normal-mode.o
__modifier                                        lib-vimyak/modes/normal-mode.o
__stack                                           /usr/local/Cellar/avr-gcc/4.7.2/lib/gcc/avr/4.7.2/../../../../avr/lib/avr5/crtm32u4.o
__tablejump2__                                    /usr/local/Cellar/avr-gcc/4.7.2/lib/gcc/avr/4.7.2/avr5/libgcc.a(_tablejump.o)
                                                  lib-vimyak/modes/normal-mode.o
__tablejump__                                     /usr/local/Cellar/avr-gcc/4.7.2/lib/gcc/avr/4.7.2/avr5/libgcc.a(_tablejump.o)
__vector_1                                        /usr/local/Cellar/avr-gcc/4.7.2/lib/gcc/avr/4.7.2/../../../../avr/lib/avr5/crtm32u4.o
__vector_10                                       lib-other/pjrc/usb_keyboard/usb_keyboard.o
                                                  /usr/local/Cellar/avr-gcc/4.7.2/lib/gcc/avr/4.7.2/../../../../avr/lib/avr5/crtm32u4.o
__vector_11                                       lib-other/pjrc/usb_keyboard/usb_keyboard.o
                                                  /usr/local/Cellar/avr-gcc/4.7.2/lib/gcc/avr/4.7.2/../../../../avr/lib/avr5/crtm32u4.o
__vector_12                                       /usr/local/Cellar/avr-gcc/4.7.2/lib/gcc/avr/4.7.2/../../../../avr/lib/avr5/crtm32u4.o
__vector_13                                       /usr/local/Cellar/avr-gcc/4.7.2/lib/gcc/avr/4.7.2/../../../../avr/lib/avr5/crtm32u4.o
__vector_14                                       /usr/local/Cellar/avr-gcc/4.7.2/lib/gcc/avr/4.7.2/../../../../avr/lib/avr5/crtm32u4.o
__vector_15                                       /usr/local/Cellar/avr-gcc/4.7.2/lib/gcc/avr/4.7.2/../../../../avr/lib/avr5/crtm32u4.o
__vector_16                                       /usr/local/Cellar/avr-gcc/4.7.2/lib/gcc/avr/4.7.2/../../../../avr/lib/avr5/crtm32u4.o
__vector_17                                       /usr/local/Cellar/avr-gcc/4.7.2/lib/gcc/avr/4.7.2/../../../../avr/lib/avr5/crtm32u4.o
__vector_18                                       /usr/local/Cellar/avr-gcc/4.7.2/lib/gcc/avr/4.7.2/../../../../avr/lib/avr5/crtm32u4.o
__vector_19                                       /usr/local/Cellar/avr-gcc/4.7.2/lib/gcc/avr/4.7.2/../../../../avr/lib/avr5/crtm32u4.o
__vector_2                                        /usr/local/Cellar/avr-gcc/4.7.2/lib/gcc/avr/4.7.2/../../../../avr/lib/avr5/crtm32u4.o
__vector_20                                       /usr/local/Cellar/avr-gcc/4.7.2/lib/gcc/avr/4.7.2/../../../../avr/lib/avr5/crtm32u4.o
__vector_21                                       /usr/local/Cellar/avr-gcc/4.7.2/lib/gcc/avr/4.7.2/../../../../avr/lib/avr5/crtm32u4.o
__vector_22                                       /usr/local/Cellar/avr-gcc/4.7.2/lib/gcc/avr/4.7.2/../../../../avr/lib/avr5/crtm32u4.o
__vector_23                                       /usr/local/Cellar/avr-gcc/4.7.2/lib/gcc/avr/4.7.2/../../../../avr/lib/avr5/crtm32u4.o
__vector_24                                       /usr/local/Cellar/avr-gcc/4.7.2/lib/gcc/avr/4.7.2/../../../../avr/lib/avr5/crtm32u4.o
__vector_25                                       /usr/local/Cellar/avr-gcc/4.7.2/lib/gcc/avr/4.7.2/../../../../avr/lib/avr5/crtm32u4.o
__vector_26                                       /usr/local/Cellar/avr-gcc/4.7.2/lib/gcc/avr/4.7.2/../../../../avr/lib/avr5/crtm32u4.o
__vector_27                                       /usr/local/Cellar/avr-gcc/4.7.2/lib/gcc/avr/4.7.2/../../../../avr/lib/avr5/crtm32u4.o
__vector_28                                       /usr/local/Cellar/avr-gcc/4.7.2/lib/gcc/avr/4.7.2/../../../../avr/lib/avr5/crtm32u4.o
__vector_29                                       /usr/local/Cellar/avr-gcc/4.7.2/lib/gcc/avr/4.7.2/../../../../avr/lib/avr5/crtm32u4.o
__vector_3                                        /usr/local/Cellar/avr-gcc/4.7.2/lib/gcc/avr/4.7.2/../../../../avr/lib/avr5/crtm32u4.o
__vector_30                                       /usr/local/Cellar/avr-gcc/4.7.2/lib/gcc/avr/4.7.2/../../../../avr/lib/avr5/crtm32u4.o
__vector_31                                       /usr/local/Cellar/avr-gcc/4.7.2/lib/gcc/avr/4.7.2/../../../../avr/lib/avr5/crtm32u4.o
__vector_32                                       /usr/local/Cellar/avr-gcc/4.7.2/lib/gcc/avr/4.7.2/../../../../avr/lib/avr5/crtm32u4.o
__vector_33                                       /usr/local/Cellar/avr-gcc/4.7.2/lib/gcc/avr/4.7.2/../../../../avr/lib/avr5/crtm32u4.o
__vector_34                                       /usr/local/Cellar/avr-gcc/4.7.2/lib/gcc/avr/4.7.2/../../../../avr/lib/avr5/crtm32u4.o
__vector_35                                       /usr/local/Cellar/avr-gcc/4.7.2/lib/gcc/avr/4.7.2/../../../../avr/lib/avr5/crtm32u4.o
__vector_36                                       /usr/local/Cellar/avr-gcc/4.7.2/lib/gcc/avr/4.7.2/../../../../avr/lib/avr5/crtm32u4.o
__vector_37                                       /usr/local/Cellar/avr-gcc/4.7.2/lib/gcc/avr/4.7.2/../../../../avr/lib/avr5/crtm32u4.o
__vector_38                                       /usr/local/Cellar/avr-gcc/4.7.2/lib/gcc/avr/4.7.2/../../../../avr/lib/avr5/crtm32u4.o
__vector_39                                       /usr/local/Cellar/avr-gcc/4.7.2/lib/gcc/avr/4.7.2/../../../../avr/lib/avr5/crtm32u4.o
__vector_4                                        /usr/local/Cellar/avr-gcc/4.7.2/lib/gcc/avr/4.7.2/../../../../avr/lib/avr5/crtm32u4.o
__vector_40                                       /usr/local/Cellar/avr-gcc/4.7.2/lib/gcc/avr/4.7.2/../../../../avr/lib/avr5/crtm32u4.o
__vector_41                                       /usr/local/Cellar/avr-gcc/4.7.2/lib/gcc/avr/4.7.2/../../../../avr/lib/avr5/crtm32u4.o
__vector_42                                       /usr/local/Cellar/avr-gcc/4.7.2/lib/gcc/avr/4.7.2/../../../../avr/lib/avr5/crtm32u4.o
__vector_5                                        /usr/local/Cellar/avr-gcc/4.7.2/lib/gcc/avr/4.7.2/../../../../avr/lib/avr5/crtm32u4.o
__vector_6                                        /usr/local/Cellar/avr-gcc/4.7.2/lib/gcc/avr/4.7.2/../../../../avr/lib/avr5/crtm32u4.o
__vector_7                                        /usr/local/Cellar/avr-gcc/4.7.2/lib/gcc/avr/4.7.2/../../../../avr/lib/avr5/crtm32u4.o
__vector_8                                        /usr/local/Cellar/avr-gcc/4.7.2/lib/gcc/avr/4.7.2/../../../../avr/lib/avr5/crtm32u4.o
__vector_9                                        /usr/local/Cellar/avr-gcc/4.7.2/lib/gcc/avr/4.7.2/../../../../avr/lib/avr5/crtm32u4.o
__vector_default                                  /usr/local/Cellar/avr-gcc/4.7.2/lib/gcc/avr/4.7.2/../../../../avr/lib/avr5/crtm32u4.o
__vectors                                         /usr/local/Cellar/avr-gcc/4.7.2/lib/gcc/avr/4.7.2/../../../../avr/lib/avr5/crtm32u4.o
__y                                               lib-vimyak/modes/normal-mode.o
__ya                                              lib-vimyak/modes/normal-mode.o
_add_command                                      lib-vimyak/modes/mode-utilities.o
_cmd_array                                        lib-vimyak/modes/mode-utilities.o
_cmd_array_index                                  lib-vimyak/modes/mode-utilities.o
_command_function                                 lib-vimyak/modes/visual-mode.o
                                                  lib-vimyak/modes/normal-mode.o
                                                  lib-vimyak/modes/mode-utilities.o
                                                  lib-vimyak/modes/insert-mode.o
                                                  lib-vimyak/vimyak.o
_command_handler                                  lib-vimyak/modes/normal-mode.o
                                                  lib-vimyak/modes/insert-mode.o
_do_append                                        lib-vimyak/modes/normal-mode.o
_do_append_eol                                    lib-vimyak/modes/normal-mode.o
_do_back_one_char                                 lib-vimyak/modes/normal-mode.o
_do_beginning_of_file                             lib-vimyak/modes/normal-mode.o
_do_change_all_word                               lib-vimyak/modes/normal-mode.o
_do_change_line                                   lib-vimyak/modes/normal-mode.o
_do_change_word                                   lib-vimyak/modes/normal-mode.o
_do_command_alt_f                                 lib-vimyak/modes/mode-utilities.o
                                                  lib-vimyak/modes/normal-mode.o
                                                  lib-vimyak/modes/insert-mode.o
_do_command_option_alt_f                          lib-vimyak/modes/mode-utilities.o
                                                  lib-vimyak/modes/normal-mode.o
                                                  lib-vimyak/modes/insert-mode.o
_do_command_reset                                 lib-vimyak/modes/mode-utilities.o
                                                  lib-vimyak/modes/normal-mode.o
                                                  lib-vimyak/modes/insert-mode.o
                                                  lib-vimyak/vimyak.o
_do_command_space                                 lib-vimyak/modes/mode-utilities.o
                                                  lib-vimyak/modes/normal-mode.o
                                                  lib-vimyak/modes/insert-mode.o
_do_copy_all_word                                 lib-vimyak/modes/normal-mode.o
_do_copy_line                                     lib-vimyak/modes/normal-mode.o
_do_copy_selection                                lib-vimyak/modes/normal-mode.o
_do_copy_word                                     lib-vimyak/modes/normal-mode.o
_do_delete_all_word                               lib-vimyak/modes/normal-mode.o
_do_delete_line                                   lib-vimyak/modes/normal-mode.o
_do_delete_to_end_of_line                         lib-vimyak/modes/normal-mode.o
_do_delete_word                                   lib-vimyak/modes/normal-mode.o
_do_end_of_file                                   lib-vimyak/modes/normal-mode.o
_do_end_of_line                                   lib-vimyak/modes/normal-mode.o
_do_end_word                                      lib-vimyak/modes/normal-mode.o
_do_escape_and_find_backward                      lib-vimyak/modes/normal-mode.o
_do_escape_and_find_forward                       lib-vimyak/modes/normal-mode.o
_do_find                                          lib-vimyak/modes/normal-mode.o
_do_hard_beginning_of_line                        lib-vimyak/modes/normal-mode.o
_do_insert_soft_beginning_of_line                 lib-vimyak/modes/normal-mode.o
_do_next_find_backward                            lib-vimyak/modes/normal-mode.o
_do_next_find_forward                             lib-vimyak/modes/normal-mode.o
_do_next_word                                     lib-vimyak/modes/normal-mode.o
_do_open_line_above                               lib-vimyak/modes/normal-mode.o
_do_open_line_below                               lib-vimyak/modes/normal-mode.o
_do_page_down                                     lib-vimyak/modes/normal-mode.o
_do_page_up                                       lib-vimyak/modes/normal-mode.o
_do_paste                                         lib-vimyak/modes/normal-mode.o
_do_paste_previous_line                           lib-vimyak/modes/normal-mode.o
_do_previous_word                                 lib-vimyak/modes/normal-mode.o
_do_quit                                          lib-vimyak/modes/normal-mode.o
_do_repeat                                        lib-vimyak/modes/mode-utilities.o
_do_save                                          lib-vimyak/modes/normal-mode.o
_do_scroll_down                                   lib-vimyak/modes/normal-mode.o
_do_scroll_up                                     lib-vimyak/modes/normal-mode.o
_do_select_next_char                              lib-vimyak/modes/normal-mode.o
_do_soft_beginning_of_line                        lib-vimyak/modes/normal-mode.o
_do_undo                                          lib-vimyak/modes/normal-mode.o
_do_visual_mode_exit_function                     lib-vimyak/modes/visual-mode.o
_do_visual_mode_line_exit_function                lib-vimyak/modes/normal-mode.o
_empty_char_command                               lib-vimyak/modes/visual-mode.o
_empty_command                                    lib-vimyak/modes/normal-mode.o
_empty_line_command                               lib-vimyak/modes/visual-mode.o
_escape_and_find_char_backward                    lib-vimyak/modes/normal-mode.o
_escape_and_find_char_forward                     lib-vimyak/modes/normal-mode.o
_exit                                             /usr/local/Cellar/avr-gcc/4.7.2/lib/gcc/avr/4.7.2/avr5/libgcc.a(_exit.o)
_exit_function                                    lib-vimyak/modes/visual-mode.o
                                                  lib-vimyak/modes/normal-mode.o
                                                  lib-vimyak/modes/mode-utilities.o
                                                  lib-vimyak/modes/insert-mode.o
                                                  lib-vimyak/vimyak.o
_flush_keys                                       lib-vimyak/vimyak.o
_get_repeater                                     lib-vimyak/modes/mode-utilities.o
                                                  lib-vimyak/modes/normal-mode.o
_handle_sending_of_keys                           lib-vimyak/vimyak.o
_ignore_rest_of_keys                              lib-vimyak/vimyak.o
_kb_layout                                        keyboard/ergodox/layout/default--layout.o
                                                  lib/key-functions/public/special.o
                                                  lib/key-functions/public/basic.o
_kb_layout_press                                  keyboard/ergodox/layout/default--layout.o
                                                  main.o
_kb_layout_release                                keyboard/ergodox/layout/default--layout.o
                                                  main.o
_kbfun_is_pressed                                 lib/key-functions/private.o
                                                  lib/key-functions/public/special.o
                                                  lib/key-functions/public/basic.o
_kbfun_press_release                              lib/key-functions/private.o
                                                  lib/key-functions/public/special.o
                                                  lib/key-functions/public/basic.o
_key_handler                                      lib-vimyak/vimyak.o
_keyboard_state                                   lib-vimyak/vimyak.o
_keypress_message_sent                            lib-vimyak/vimyak.o
_pre_command_handler                              lib-vimyak/vimyak.o
_previous_state                                   lib-vimyak/vimyak.o
_repeater                                         lib-vimyak/modes/mode-utilities.o
_repeater_addition                                lib-vimyak/modes/mode-utilities.o
                                                  lib-vimyak/modes/normal-mode.o
_repeating_key                                    lib-vimyak/vimyak.o
_repeating_modified_key                           lib-vimyak/vimyak.o
_reset_repeat                                     lib-vimyak/modes/mode-utilities.o
_reset_repeater                                   lib-vimyak/modes/mode-utilities.o
                                                  lib-vimyak/modes/normal-mode.o
                                                  lib-vimyak/vimyak.o
_set_command_function                             lib-vimyak/modes/mode-utilities.o
                                                  lib-vimyak/modes/normal-mode.o
_set_state                                        lib-vimyak/modes/mode-utilities.o
                                                  lib-vimyak/modes/visual-mode.o
                                                  lib-vimyak/modes/normal-mode.o
                                                  lib-vimyak/modes/insert-mode.o
_single_key_command                               lib-vimyak/modes/normal-mode.o
_single_key_handler_hack                          lib-vimyak/modes/normal-mode.o
_subst_char                                       lib-vimyak/modes/normal-mode.o
_vimyak_reset                                     lib-vimyak/vimyak.o
_visual_mode_line_count                           lib-vimyak/modes/visual-mode.o
_visual_mode_reset                                lib-vimyak/modes/visual-mode.o
                                                  lib-vimyak/vimyak.o
exit                                              /usr/local/Cellar/avr-gcc/4.7.2/lib/gcc/avr/4.7.2/avr5/libgcc.a(_exit.o)
                                                  /usr/local/Cellar/avr-gcc/4.7.2/lib/gcc/avr/4.7.2/../../../../avr/lib/avr5/crtm32u4.o
get_keyboard_state                                lib-vimyak/vimyak.o
                                                  lib-vimyak/modes/insert-mode.o
insert_mode_loop                                  lib-vimyak/modes/insert-mode.o
                                                  lib-vimyak/vimyak.o
kb_init                                           keyboard/ergodox/controller.o
                                                  main.o
kb_update_matrix                                  keyboard/ergodox/controller.o
                                                  main.o
kbfun_2_keys_capslock_press_release               lib/key-functions/public/special.o
kbfun_jump_to_bootloader                          lib/key-functions/public/device.o
                                                  keyboard/ergodox/layout/default--layout.o
kbfun_layer_pop_1                                 lib/key-functions/public/basic.o
                                                  keyboard/ergodox/layout/default--layout.o
kbfun_layer_pop_10                                lib/key-functions/public/basic.o
                                                  keyboard/ergodox/layout/default--layout.o
kbfun_layer_pop_2                                 lib/key-functions/public/basic.o
                                                  keyboard/ergodox/layout/default--layout.o
kbfun_layer_pop_3                                 lib/key-functions/public/basic.o
                                                  keyboard/ergodox/layout/default--layout.o
kbfun_layer_pop_4                                 lib/key-functions/public/basic.o
                                                  keyboard/ergodox/layout/default--layout.o
kbfun_layer_pop_5                                 lib/key-functions/public/basic.o
                                                  keyboard/ergodox/layout/default--layout.o
kbfun_layer_pop_6                                 lib/key-functions/public/basic.o
                                                  keyboard/ergodox/layout/default--layout.o
kbfun_layer_pop_7                                 lib/key-functions/public/basic.o
                                                  keyboard/ergodox/layout/default--layout.o
kbfun_layer_pop_8                                 lib/key-functions/public/basic.o
                                                  keyboard/ergodox/layout/default--layout.o
kbfun_layer_pop_9                                 lib/key-functions/public/basic.o
                                                  keyboard/ergodox/layout/default--layout.o
kbfun_layer_pop_all                               keyboard/ergodox/layout/default--layout.o
kbfun_layer_pop_numpad                            lib/key-functions/public/special.o
kbfun_layer_push_1                                lib/key-functions/public/basic.o
                                                  keyboard/ergodox/layout/default--layout.o
kbfun_layer_push_10                               lib/key-functions/public/basic.o
kbfun_layer_push_2                                lib/key-functions/public/basic.o
kbfun_layer_push_3                                lib/key-functions/public/basic.o
kbfun_layer_push_4                                lib/key-functions/public/basic.o
kbfun_layer_push_5                                lib/key-functions/public/basic.o
kbfun_layer_push_6                                lib/key-functions/public/basic.o
kbfun_layer_push_7                                lib/key-functions/public/basic.o
kbfun_layer_push_8                                lib/key-functions/public/basic.o
kbfun_layer_push_9                                lib/key-functions/public/basic.o
kbfun_layer_push_numpad                           lib/key-functions/public/special.o
kbfun_press_release                               lib/key-functions/public/basic.o
                                                  lib/key-functions/public/special.o
                                                  keyboard/ergodox/layout/default--layout.o
kbfun_shift_press_release                         lib/key-functions/public/special.o
kbfun_toggle                                      lib/key-functions/public/basic.o
kbfun_transparent                                 lib/key-functions/public/basic.o
                                                  keyboard/ergodox/layout/default--layout.o
keyboard_keys                                     lib-other/pjrc/usb_keyboard/usb_keyboard.o
                                                  lib-vimyak/modes/mode-utilities.o
                                                  lib-vimyak/vimyak.o
keyboard_keys_temp                                main.o
                                                  lib-vimyak/modes/mode-utilities.o
                                                  lib-vimyak/vimyak.o
                                                  lib/key-functions/private.o
keyboard_leds                                     lib-other/pjrc/usb_keyboard/usb_keyboard.o
keyboard_modifier_keys                            lib-other/pjrc/usb_keyboard/usb_keyboard.o
                                                  lib-vimyak/modes/mode-utilities.o
                                                  lib-vimyak/vimyak.o
keyboard_modifier_keys_temp                       main.o
                                                  lib-vimyak/modes/mode-utilities.o
                                                  lib-vimyak/vimyak.o
                                                  lib/key-functions/private.o
layers                                            main.o
layers_head                                       main.o
layers_ids_in_use                                 main.o
main                                              main.o
                                                  /usr/local/Cellar/avr-gcc/4.7.2/lib/gcc/avr/4.7.2/../../../../avr/lib/avr5/crtm32u4.o
main_arg_col                                      lib/key-functions/public/special.o
                                                  lib/key-functions/public/basic.o
                                                  main.o
main_arg_is_pressed                               lib/key-functions/public/special.o
                                                  lib/key-functions/public/basic.o
                                                  main.o
main_arg_layer                                    lib/key-functions/public/special.o
                                                  lib/key-functions/public/basic.o
                                                  main.o
main_arg_layer_offset                             lib/key-functions/public/basic.o
                                                  main.o
main_arg_row                                      lib/key-functions/public/special.o
                                                  lib/key-functions/public/basic.o
                                                  main.o
main_arg_was_pressed                              main.o
main_exec_key                                     main.o
                                                  lib/key-functions/public/basic.o
main_kb_is_pressed                                main.o
main_kb_was_pressed                               main.o
main_layers_get_offset_id                         main.o
main_layers_peek                                  main.o
                                                  lib/key-functions/public/basic.o
main_layers_pop_id                                main.o
                                                  lib/key-functions/public/special.o
                                                  lib/key-functions/public/basic.o
main_layers_pressed                               lib/key-functions/public/basic.o
                                                  main.o
main_layers_push                                  main.o
                                                  lib/key-functions/public/special.o
                                                  lib/key-functions/public/basic.o
main_loop_col                                     main.o
main_loop_row                                     main.o
mcp23018_init                                     keyboard/ergodox/controller/mcp23018.o
                                                  keyboard/ergodox/controller.o
mcp23018_update_matrix                            keyboard/ergodox/controller/mcp23018.o
                                                  keyboard/ergodox/controller.o
my_modifiers                                      lib-vimyak/modes/normal-mode.o
                                                  lib-vimyak/modes/mode-utilities.o
normal_mode_loop                                  lib-vimyak/modes/normal-mode.o
                                                  lib-vimyak/vimyak.o
normal_mode_setup                                 lib-vimyak/modes/normal-mode.o
                                                  lib-vimyak/modes/mode-utilities.o
repeater_index                                    lib-vimyak/modes/normal-mode.o
set_clear_buffer                                  lib-vimyak/vimyak.o
                                                  lib-vimyak/modes/insert-mode.o
set_keyboard_state                                lib-vimyak/vimyak.o
                                                  lib-vimyak/modes/mode-utilities.o
set_repeatable_key                                lib-vimyak/vimyak.o
                                                  lib-vimyak/modes/normal-mode.o
                                                  lib-vimyak/modes/insert-mode.o
set_repeatable_modified_key                       lib-vimyak/vimyak.o
                                                  lib-vimyak/modes/visual-mode.o
                                                  lib-vimyak/modes/normal-mode.o
set_skip_further_commands                         lib-vimyak/vimyak.o
                                                  lib-vimyak/modes/insert-mode.o
teensy_init                                       keyboard/ergodox/controller/teensy-2-0.o
                                                  keyboard/ergodox/controller.o
teensy_update_matrix                              keyboard/ergodox/controller/teensy-2-0.o
                                                  keyboard/ergodox/controller.o
twi_init                                          lib/twi/teensy-2-0.o
                                                  keyboard/ergodox/controller/teensy-2-0.o
twi_read                                          lib/twi/teensy-2-0.o
                                                  keyboard/ergodox/controller/mcp23018.o
twi_send                                          lib/twi/teensy-2-0.o
                                                  keyboard/ergodox/controller/mcp23018.o
twi_start                                         lib/twi/teensy-2-0.o
                                                  keyboard/ergodox/controller/mcp23018.o
twi_stop                                          lib/twi/teensy-2-0.o
                                                  keyboard/ergodox/controller/mcp23018.o
usb_configured                                    lib-other/pjrc/usb_keyboard/usb_keyboard.o
                                                  main.o
usb_init                                          lib-other/pjrc/usb_keyboard/usb_keyboard.o
                                                  main.o
usb_keyboard_press                                lib-other/pjrc/usb_keyboard/usb_keyboard.o
usb_keyboard_send                                 lib-other/pjrc/usb_keyboard/usb_keyboard.o
                                                  lib-vimyak/modes/mode-utilities.o
                                                  lib-vimyak/vimyak.o
                                                  lib/key-functions/public/special.o
vimyak_init                                       lib-vimyak/vimyak.o
                                                  main.o
vimyak_keyhandler                                 lib-vimyak/vimyak.o
                                                  lib-vimyak/modes/mode-utilities.o
                                                  main.o
visual_mode_char_loop                             lib-vimyak/modes/visual-mode.o
                                                  lib-vimyak/vimyak.o
visual_mode_char_setup                            lib-vimyak/modes/visual-mode.o
                                                  lib-vimyak/modes/mode-utilities.o
visual_mode_line_loop                             lib-vimyak/modes/visual-mode.o
                                                  lib-vimyak/vimyak.o
visual_mode_line_setup                            lib-vimyak/modes/visual-mode.o
                                                  lib-vimyak/modes/mode-utilities.o
