Archive member included because of file (symbol)

/usr/local/Cellar/avr-gcc/4.7.2/lib/gcc/avr/4.7.2/avr5/libgcc.a(_exit.o)
                              /usr/local/Cellar/avr-gcc/4.7.2/lib/gcc/avr/4.7.2/../../../../avr/lib/avr5/crtm32u4.o (exit)
/usr/local/Cellar/avr-gcc/4.7.2/lib/gcc/avr/4.7.2/avr5/libgcc.a(_copy_data.o)
                              main.o (__do_copy_data)
/usr/local/Cellar/avr-gcc/4.7.2/lib/gcc/avr/4.7.2/avr5/libgcc.a(_clear_bss.o)
                              main.o (__do_clear_bss)

Allocating common symbols
Common symbol       size              file

main_loop_row       0x1               main.o
_keypress_message_sent
                    0x1               lib-vimyak/vimyak.o
main_layers_pressed
                    0x54              main.o
_repeating_key      0x1               lib-vimyak/vimyak.o
main_arg_row        0x1               main.o
main_arg_layer      0x1               main.o
my_modifiers        0x1               lib-vimyak/modes/mode-utilities.o
layers              0x28              main.o
main_arg_was_pressed
                    0x1               main.o
_flush_keys         0x1               lib-vimyak/vimyak.o
_keyboard_state     0x1               lib-vimyak/vimyak.o
main_arg_is_pressed
                    0x1               main.o
_ignore_rest_of_keys
                    0x1               lib-vimyak/vimyak.o
main_loop_col       0x1               main.o
main_arg_layer_offset
                    0x1               main.o
_previous_state     0x1               lib-vimyak/vimyak.o
main_arg_col        0x1               main.o

Discarded input sections

 .bss           0x0000000000000000        0x0 /usr/local/Cellar/avr-gcc/4.7.2/lib/gcc/avr/4.7.2/../../../../avr/lib/avr5/crtm32u4.o
 .text          0x0000000000000000        0x0 main.o
 .bss           0x0000000000000000        0x0 main.o
 .text.main_layers_get_offset_id
                0x0000000000000000       0x2a main.o
 .text          0x0000000000000000        0x0 keyboard/ergodox/controller.o
 .bss           0x0000000000000000        0x0 keyboard/ergodox/controller.o
 .text          0x0000000000000000        0x0 keyboard/ergodox/controller/mcp23018.o
 .bss           0x0000000000000000        0x0 keyboard/ergodox/controller/mcp23018.o
 .text          0x0000000000000000        0x0 keyboard/ergodox/controller/teensy-2-0.o
 .bss           0x0000000000000000        0x0 keyboard/ergodox/controller/teensy-2-0.o
 .text          0x0000000000000000        0x0 keyboard/ergodox/layout/default--layout.o
 .bss           0x0000000000000000        0x0 keyboard/ergodox/layout/default--layout.o
 .text          0x0000000000000000        0x0 lib/key-functions/private.o
 .bss           0x0000000000000000        0x0 lib/key-functions/private.o
 .text._kbfun_is_pressed
                0x0000000000000000       0x7c lib/key-functions/private.o
 .text          0x0000000000000000        0x0 lib/twi/teensy-2-0.o
 .bss           0x0000000000000000        0x0 lib/twi/teensy-2-0.o
 .text          0x0000000000000000        0x0 lib/usb/TODO.o
 .bss           0x0000000000000000        0x0 lib/usb/TODO.o
 .text          0x0000000000000000        0x0 lib/key-functions/public/basic.o
 .bss           0x0000000000000000        0x0 lib/key-functions/public/basic.o
 .text.kbfun_toggle
                0x0000000000000000       0x50 lib/key-functions/public/basic.o
 .text.kbfun_layer_push_2
                0x0000000000000000        0x6 lib/key-functions/public/basic.o
 .text.kbfun_layer_push_3
                0x0000000000000000        0x6 lib/key-functions/public/basic.o
 .text.kbfun_layer_push_4
                0x0000000000000000        0x6 lib/key-functions/public/basic.o
 .text.kbfun_layer_push_5
                0x0000000000000000        0x6 lib/key-functions/public/basic.o
 .text.kbfun_layer_push_6
                0x0000000000000000        0x6 lib/key-functions/public/basic.o
 .text.kbfun_layer_push_7
                0x0000000000000000        0x6 lib/key-functions/public/basic.o
 .text.kbfun_layer_push_8
                0x0000000000000000        0x6 lib/key-functions/public/basic.o
 .text.kbfun_layer_push_9
                0x0000000000000000        0x6 lib/key-functions/public/basic.o
 .text.kbfun_layer_push_10
                0x0000000000000000        0x6 lib/key-functions/public/basic.o
 .text          0x0000000000000000        0x0 lib/key-functions/public/device.o
 .bss           0x0000000000000000        0x0 lib/key-functions/public/device.o
 .text          0x0000000000000000        0x0 lib/key-functions/public/special.o
 .bss           0x0000000000000000        0x0 lib/key-functions/public/special.o
 .text.numpad_toggle_numlock
                0x0000000000000000       0x18 lib/key-functions/public/special.o
 .text.kbfun_shift_press_release
                0x0000000000000000        0xe lib/key-functions/public/special.o
 .text.kbfun_2_keys_capslock_press_release
                0x0000000000000000       0xbe lib/key-functions/public/special.o
 .text.kbfun_layer_push_numpad
                0x0000000000000000       0x42 lib/key-functions/public/special.o
 .text.kbfun_layer_pop_numpad
                0x0000000000000000       0x10 lib/key-functions/public/special.o
 .bss.keys_pressed.1654
                0x0000000000000000        0x1 lib/key-functions/public/special.o
 .bss.lshift_pressed.1655
                0x0000000000000000        0x1 lib/key-functions/public/special.o
 .bss.rshift_pressed.1656
                0x0000000000000000        0x1 lib/key-functions/public/special.o
 .bss.numpad_layer_id
                0x0000000000000000        0x1 lib/key-functions/public/special.o
 .text          0x0000000000000000        0x0 lib-other/pjrc/usb_keyboard/usb_keyboard.o
 .bss           0x0000000000000000        0x0 lib-other/pjrc/usb_keyboard/usb_keyboard.o
 .text.usb_keyboard_press
                0x0000000000000000       0x1e lib-other/pjrc/usb_keyboard/usb_keyboard.o
 .text          0x0000000000000000        0x0 lib-vimyak/vimyak.o
 .bss           0x0000000000000000        0x0 lib-vimyak/vimyak.o
 .text.set_clear_buffer
                0x0000000000000000        0x8 lib-vimyak/vimyak.o
 .text._vimyak_reset
                0x0000000000000000        0x6 lib-vimyak/vimyak.o
 .text          0x0000000000000000        0x0 lib-vimyak/modes/mode-utilities.o
 .bss           0x0000000000000000        0x0 lib-vimyak/modes/mode-utilities.o
 .text.__debug_it
                0x0000000000000000       0x34 lib-vimyak/modes/mode-utilities.o
 .text.__debug_num
                0x0000000000000000       0x3c lib-vimyak/modes/mode-utilities.o
 .text.__do_delay
                0x0000000000000000        0xe lib-vimyak/modes/mode-utilities.o
 .text.__go_beginning_of_line
                0x0000000000000000       0x18 lib-vimyak/modes/mode-utilities.o
 .text.__go_end_of_line
                0x0000000000000000       0x18 lib-vimyak/modes/mode-utilities.o
 .text.__go_soft_beginning_of_lineNONScrivener
                0x0000000000000000        0xe lib-vimyak/modes/mode-utilities.o
 .text.__go_soft_beginning_of_line
                0x0000000000000000        0x6 lib-vimyak/modes/mode-utilities.o
 .text.__do_select_all_word
                0x0000000000000000        0xe lib-vimyak/modes/mode-utilities.o
 .text.__do_copy_selection
                0x0000000000000000        0xe lib-vimyak/modes/mode-utilities.o
 .text.__do_delete_backwards
                0x0000000000000000        0xc lib-vimyak/modes/mode-utilities.o
 .text.__do_set_mark
                0x0000000000000000        0xe lib-vimyak/modes/mode-utilities.o
 .text.__do_swap_with_mark
                0x0000000000000000        0xe lib-vimyak/modes/mode-utilities.o
 .text.__do_select_line
                0x0000000000000000        0xe lib-vimyak/modes/mode-utilities.o
 .text.__do_up  0x0000000000000000       0x1a lib-vimyak/modes/mode-utilities.o
 .text.__do_left
                0x0000000000000000       0x1a lib-vimyak/modes/mode-utilities.o
 .text.__do_right
                0x0000000000000000       0x1a lib-vimyak/modes/mode-utilities.o
 .text.__do_left_word
                0x0000000000000000       0x20 lib-vimyak/modes/mode-utilities.o
 .text.__do_right_word
                0x0000000000000000       0x20 lib-vimyak/modes/mode-utilities.o
 .text.__do_scroll_up
                0x0000000000000000        0xe lib-vimyak/modes/mode-utilities.o
 .text.__do_scroll_down
                0x0000000000000000        0xe lib-vimyak/modes/mode-utilities.o
 .rodata.CSWTCH.48
                0x0000000000000000        0xa lib-vimyak/modes/mode-utilities.o
 .rodata.CSWTCH.51
                0x0000000000000000        0xa lib-vimyak/modes/mode-utilities.o
 .text          0x0000000000000000        0x0 lib-vimyak/modes/normal-mode.o
 .bss           0x0000000000000000        0x0 lib-vimyak/modes/normal-mode.o
 .text          0x0000000000000000        0x0 lib-vimyak/modes/visual-mode.o
 .bss           0x0000000000000000        0x0 lib-vimyak/modes/visual-mode.o
 .text          0x0000000000000000        0x0 /usr/local/Cellar/avr-gcc/4.7.2/lib/gcc/avr/4.7.2/avr5/libgcc.a(_exit.o)
 .bss           0x0000000000000000        0x0 /usr/local/Cellar/avr-gcc/4.7.2/lib/gcc/avr/4.7.2/avr5/libgcc.a(_exit.o)
 .text.libgcc.mul
                0x0000000000000000        0x0 /usr/local/Cellar/avr-gcc/4.7.2/lib/gcc/avr/4.7.2/avr5/libgcc.a(_exit.o)
 .text.libgcc.div
                0x0000000000000000        0x0 /usr/local/Cellar/avr-gcc/4.7.2/lib/gcc/avr/4.7.2/avr5/libgcc.a(_exit.o)
 .text.libgcc   0x0000000000000000        0x0 /usr/local/Cellar/avr-gcc/4.7.2/lib/gcc/avr/4.7.2/avr5/libgcc.a(_exit.o)
 .text.libgcc.prologue
                0x0000000000000000        0x0 /usr/local/Cellar/avr-gcc/4.7.2/lib/gcc/avr/4.7.2/avr5/libgcc.a(_exit.o)
 .text.libgcc.builtins
                0x0000000000000000        0x0 /usr/local/Cellar/avr-gcc/4.7.2/lib/gcc/avr/4.7.2/avr5/libgcc.a(_exit.o)
 .text.libgcc.fmul
                0x0000000000000000        0x0 /usr/local/Cellar/avr-gcc/4.7.2/lib/gcc/avr/4.7.2/avr5/libgcc.a(_exit.o)
 .text          0x0000000000000000        0x0 /usr/local/Cellar/avr-gcc/4.7.2/lib/gcc/avr/4.7.2/avr5/libgcc.a(_copy_data.o)
 .bss           0x0000000000000000        0x0 /usr/local/Cellar/avr-gcc/4.7.2/lib/gcc/avr/4.7.2/avr5/libgcc.a(_copy_data.o)
 .text.libgcc.mul
                0x0000000000000000        0x0 /usr/local/Cellar/avr-gcc/4.7.2/lib/gcc/avr/4.7.2/avr5/libgcc.a(_copy_data.o)
 .text.libgcc.div
                0x0000000000000000        0x0 /usr/local/Cellar/avr-gcc/4.7.2/lib/gcc/avr/4.7.2/avr5/libgcc.a(_copy_data.o)
 .text.libgcc   0x0000000000000000        0x0 /usr/local/Cellar/avr-gcc/4.7.2/lib/gcc/avr/4.7.2/avr5/libgcc.a(_copy_data.o)
 .text.libgcc.prologue
                0x0000000000000000        0x0 /usr/local/Cellar/avr-gcc/4.7.2/lib/gcc/avr/4.7.2/avr5/libgcc.a(_copy_data.o)
 .text.libgcc.builtins
                0x0000000000000000        0x0 /usr/local/Cellar/avr-gcc/4.7.2/lib/gcc/avr/4.7.2/avr5/libgcc.a(_copy_data.o)
 .text.libgcc.fmul
                0x0000000000000000        0x0 /usr/local/Cellar/avr-gcc/4.7.2/lib/gcc/avr/4.7.2/avr5/libgcc.a(_copy_data.o)
 .text          0x0000000000000000        0x0 /usr/local/Cellar/avr-gcc/4.7.2/lib/gcc/avr/4.7.2/avr5/libgcc.a(_clear_bss.o)
 .bss           0x0000000000000000        0x0 /usr/local/Cellar/avr-gcc/4.7.2/lib/gcc/avr/4.7.2/avr5/libgcc.a(_clear_bss.o)
 .text.libgcc.mul
                0x0000000000000000        0x0 /usr/local/Cellar/avr-gcc/4.7.2/lib/gcc/avr/4.7.2/avr5/libgcc.a(_clear_bss.o)
 .text.libgcc.div
                0x0000000000000000        0x0 /usr/local/Cellar/avr-gcc/4.7.2/lib/gcc/avr/4.7.2/avr5/libgcc.a(_clear_bss.o)
 .text.libgcc   0x0000000000000000        0x0 /usr/local/Cellar/avr-gcc/4.7.2/lib/gcc/avr/4.7.2/avr5/libgcc.a(_clear_bss.o)
 .text.libgcc.prologue
                0x0000000000000000        0x0 /usr/local/Cellar/avr-gcc/4.7.2/lib/gcc/avr/4.7.2/avr5/libgcc.a(_clear_bss.o)
 .text.libgcc.builtins
                0x0000000000000000        0x0 /usr/local/Cellar/avr-gcc/4.7.2/lib/gcc/avr/4.7.2/avr5/libgcc.a(_clear_bss.o)
 .text.libgcc.fmul
                0x0000000000000000        0x0 /usr/local/Cellar/avr-gcc/4.7.2/lib/gcc/avr/4.7.2/avr5/libgcc.a(_clear_bss.o)

Memory Configuration

Name             Origin             Length             Attributes
text             0x0000000000000000 0x0000000000020000 xr
data             0x0000000000800060 0x000000000000ffa0 rw !x
eeprom           0x0000000000810000 0x0000000000010000 rw !x
fuse             0x0000000000820000 0x0000000000000400 rw !x
lock             0x0000000000830000 0x0000000000000400 rw !x
signature        0x0000000000840000 0x0000000000000400 rw !x
*default*        0x0000000000000000 0xffffffffffffffff

Linker script and memory map

Address of section .data set to 0x800100
LOAD /usr/local/Cellar/avr-gcc/4.7.2/lib/gcc/avr/4.7.2/../../../../avr/lib/avr5/crtm32u4.o
LOAD main.o
LOAD keyboard/ergodox/controller.o
LOAD keyboard/ergodox/controller/mcp23018.o
LOAD keyboard/ergodox/controller/teensy-2-0.o
LOAD keyboard/ergodox/layout/default--layout.o
LOAD lib/key-functions/private.o
LOAD lib/twi/teensy-2-0.o
LOAD lib/usb/TODO.o
LOAD lib/key-functions/public/basic.o
LOAD lib/key-functions/public/device.o
LOAD lib/key-functions/public/special.o
LOAD lib-other/pjrc/usb_keyboard/usb_keyboard.o
LOAD lib-vimyak/vimyak.o
LOAD lib-vimyak/modes/mode-utilities.o
LOAD lib-vimyak/modes/normal-mode.o
LOAD lib-vimyak/modes/visual-mode.o
LOAD /usr/local/Cellar/avr-gcc/4.7.2/lib/gcc/avr/4.7.2/avr5/libgcc.a
LOAD /usr/local/Cellar/avr-gcc/4.7.2/lib/gcc/avr/4.7.2/../../../../avr/lib/avr5/libc.a
LOAD /usr/local/Cellar/avr-gcc/4.7.2/lib/gcc/avr/4.7.2/avr5/libgcc.a

.hash
 *(.hash)

.dynsym
 *(.dynsym)

.dynstr
 *(.dynstr)

.gnu.version
 *(.gnu.version)

.gnu.version_d
 *(.gnu.version_d)

.gnu.version_r
 *(.gnu.version_r)

.rel.init
 *(.rel.init)

.rela.init
 *(.rela.init)

.rel.text
 *(.rel.text)
 *(.rel.text.*)
 *(.rel.gnu.linkonce.t*)

.rela.text
 *(.rela.text)
 *(.rela.text.*)
 *(.rela.gnu.linkonce.t*)

.rel.fini
 *(.rel.fini)

.rela.fini
 *(.rela.fini)

.rel.rodata
 *(.rel.rodata)
 *(.rel.rodata.*)
 *(.rel.gnu.linkonce.r*)

.rela.rodata
 *(.rela.rodata)
 *(.rela.rodata.*)
 *(.rela.gnu.linkonce.r*)

.rel.data
 *(.rel.data)
 *(.rel.data.*)
 *(.rel.gnu.linkonce.d*)

.rela.data
 *(.rela.data)
 *(.rela.data.*)
 *(.rela.gnu.linkonce.d*)

.rel.ctors
 *(.rel.ctors)

.rela.ctors
 *(.rela.ctors)

.rel.dtors
 *(.rel.dtors)

.rela.dtors
 *(.rela.dtors)

.rel.got
 *(.rel.got)

.rela.got
 *(.rela.got)

.rel.bss
 *(.rel.bss)

.rela.bss
 *(.rela.bss)

.rel.plt
 *(.rel.plt)

.rela.plt
 *(.rela.plt)

.text           0x0000000000000000     0x239a
 *(.vectors)
 .vectors       0x0000000000000000       0xac /usr/local/Cellar/avr-gcc/4.7.2/lib/gcc/avr/4.7.2/../../../../avr/lib/avr5/crtm32u4.o
                0x0000000000000000                __vectors
                0x0000000000000000                __vector_default
 *(.vectors)
 *(.progmem.gcc*)
 *(.progmem*)
 .progmem.data._kb_layout_release
                0x00000000000000ac      0x690 keyboard/ergodox/layout/default--layout.o
                0x00000000000000ac                _kb_layout_release
 .progmem.data._kb_layout_press
                0x000000000000073c      0x690 keyboard/ergodox/layout/default--layout.o
                0x000000000000073c                _kb_layout_press
 .progmem.data._kb_layout
                0x0000000000000dcc      0x348 keyboard/ergodox/layout/default--layout.o
                0x0000000000000dcc                _kb_layout
 .progmem.data.descriptor_list
                0x0000000000001114       0x31 lib-other/pjrc/usb_keyboard/usb_keyboard.o
 .progmem.data.endpoint_config_table
                0x0000000000001145        0x6 lib-other/pjrc/usb_keyboard/usb_keyboard.o
 .progmem.data.device_descriptor
                0x000000000000114b       0x12 lib-other/pjrc/usb_keyboard/usb_keyboard.o
 .progmem.data.config1_descriptor
                0x000000000000115d       0x22 lib-other/pjrc/usb_keyboard/usb_keyboard.o
 .progmem.data.keyboard_hid_report_desc
                0x000000000000117f       0x3f lib-other/pjrc/usb_keyboard/usb_keyboard.o
 .progmem.data.string0
                0x00000000000011be        0x4 lib-other/pjrc/usb_keyboard/usb_keyboard.o
 .progmem.data.string1
                0x00000000000011c2       0x1a lib-other/pjrc/usb_keyboard/usb_keyboard.o
 .progmem.data.string2
                0x00000000000011dc       0x38 lib-other/pjrc/usb_keyboard/usb_keyboard.o
                0x0000000000001214                . = ALIGN (0x2)
                0x0000000000001214                __trampolines_start = .
 *(.trampolines)
 .trampolines   0x0000000000001214        0x0 linker stubs
 *(.trampolines*)
                0x0000000000001214                __trampolines_end = .
 *(.jumptables)
 *(.jumptables*)
 *(.lowtext)
 *(.lowtext*)
                0x0000000000001214                __ctors_start = .
 *(.ctors)
                0x0000000000001214                __ctors_end = .
                0x0000000000001214                __dtors_start = .
 *(.dtors)
                0x0000000000001214                __dtors_end = .
 SORT(*)(.ctors)
 SORT(*)(.dtors)
 *(.init0)
 .init0         0x0000000000001214        0x0 /usr/local/Cellar/avr-gcc/4.7.2/lib/gcc/avr/4.7.2/../../../../avr/lib/avr5/crtm32u4.o
                0x0000000000001214                __init
 *(.init0)
 *(.init1)
 *(.init1)
 *(.init2)
 .init2         0x0000000000001214        0xc /usr/local/Cellar/avr-gcc/4.7.2/lib/gcc/avr/4.7.2/../../../../avr/lib/avr5/crtm32u4.o
 *(.init2)
 *(.init3)
 *(.init3)
 *(.init4)
 .init4         0x0000000000001220       0x16 /usr/local/Cellar/avr-gcc/4.7.2/lib/gcc/avr/4.7.2/avr5/libgcc.a(_copy_data.o)
                0x0000000000001220                __do_copy_data
 .init4         0x0000000000001236       0x10 /usr/local/Cellar/avr-gcc/4.7.2/lib/gcc/avr/4.7.2/avr5/libgcc.a(_clear_bss.o)
                0x0000000000001236                __do_clear_bss
 *(.init4)
 *(.init5)
 *(.init5)
 *(.init6)
 *(.init6)
 *(.init7)
 *(.init7)
 *(.init8)
 *(.init8)
 *(.init9)
 .init9         0x0000000000001246        0x6 /usr/local/Cellar/avr-gcc/4.7.2/lib/gcc/avr/4.7.2/../../../../avr/lib/avr5/crtm32u4.o
 *(.init9)
 *(.text)
 .text          0x000000000000124c        0x4 /usr/local/Cellar/avr-gcc/4.7.2/lib/gcc/avr/4.7.2/../../../../avr/lib/avr5/crtm32u4.o
                0x000000000000124c                __vector_42
                0x000000000000124c                __vector_22
                0x000000000000124c                __vector_28
                0x000000000000124c                __vector_1
                0x000000000000124c                __vector_32
                0x000000000000124c                __vector_34
                0x000000000000124c                __vector_24
                0x000000000000124c                __vector_12
                0x000000000000124c                __bad_interrupt
                0x000000000000124c                __vector_6
                0x000000000000124c                __vector_31
                0x000000000000124c                __vector_35
                0x000000000000124c                __vector_39
                0x000000000000124c                __vector_3
                0x000000000000124c                __vector_23
                0x000000000000124c                __vector_30
                0x000000000000124c                __vector_25
                0x000000000000124c                __vector_13
                0x000000000000124c                __vector_17
                0x000000000000124c                __vector_19
                0x000000000000124c                __vector_7
                0x000000000000124c                __vector_41
                0x000000000000124c                __vector_27
                0x000000000000124c                __vector_5
                0x000000000000124c                __vector_33
                0x000000000000124c                __vector_37
                0x000000000000124c                __vector_4
                0x000000000000124c                __vector_9
                0x000000000000124c                __vector_2
                0x000000000000124c                __vector_21
                0x000000000000124c                __vector_15
                0x000000000000124c                __vector_36
                0x000000000000124c                __vector_29
                0x000000000000124c                __vector_40
                0x000000000000124c                __vector_8
                0x000000000000124c                __vector_26
                0x000000000000124c                __vector_14
                0x000000000000124c                __vector_16
                0x000000000000124c                __vector_18
                0x000000000000124c                __vector_20
                0x000000000000124c                __vector_38
                0x0000000000001250                . = ALIGN (0x2)
 *(.text.*)
 .text.main_exec_key
                0x0000000000001250       0x60 main.o
                0x0000000000001250                main_exec_key
 .text.main_layers_peek
                0x00000000000012b0       0x1e main.o
                0x00000000000012b0                main_layers_peek
 .text.startup.main
                0x00000000000012ce      0x156 main.o
                0x00000000000012ce                main
 .text.main_layers_push
                0x0000000000001424       0x44 main.o
                0x0000000000001424                main_layers_push
 .text.main_layers_pop_id
                0x0000000000001468       0x70 main.o
                0x0000000000001468                main_layers_pop_id
 .text.kb_init  0x00000000000014d8       0x18 keyboard/ergodox/controller.o
                0x00000000000014d8                kb_init
 .text.kb_update_matrix
                0x00000000000014f0       0x24 keyboard/ergodox/controller.o
                0x00000000000014f0                kb_update_matrix
 .text.mcp23018_init
                0x0000000000001514       0x56 keyboard/ergodox/controller/mcp23018.o
                0x0000000000001514                mcp23018_init
 .text.mcp23018_update_matrix
                0x000000000000156a       0xf4 keyboard/ergodox/controller/mcp23018.o
                0x000000000000156a                mcp23018_update_matrix
 .text.teensy_init
                0x000000000000165e      0x192 keyboard/ergodox/controller/teensy-2-0.o
                0x000000000000165e                teensy_init
 .text.teensy_update_matrix
                0x00000000000017f0      0x29e keyboard/ergodox/controller/teensy-2-0.o
                0x00000000000017f0                teensy_update_matrix
 .text.kbfun_layer_pop_all
                0x0000000000001a8e       0x14 keyboard/ergodox/layout/default--layout.o
                0x0000000000001a8e                kbfun_layer_pop_all
 .text._kbfun_press_release
                0x0000000000001aa2       0xe8 lib/key-functions/private.o
                0x0000000000001aa2                _kbfun_press_release
 .text.twi_init
                0x0000000000001b8a       0x12 lib/twi/teensy-2-0.o
                0x0000000000001b8a                twi_init
 .text.twi_start
                0x0000000000001b9c       0x2e lib/twi/teensy-2-0.o
                0x0000000000001b9c                twi_start
 .text.twi_stop
                0x0000000000001bca       0x10 lib/twi/teensy-2-0.o
                0x0000000000001bca                twi_stop
 .text.twi_send
                0x0000000000001bda       0x3c lib/twi/teensy-2-0.o
                0x0000000000001bda                twi_send
 .text.twi_read
                0x0000000000001c16       0x2c lib/twi/teensy-2-0.o
                0x0000000000001c16                twi_read
 .text.layer_pop
                0x0000000000001c42       0x1e lib/key-functions/public/basic.o
 .text.layer_push
                0x0000000000001c60       0x4e lib/key-functions/public/basic.o
 .text.kbfun_press_release
                0x0000000000001cae       0x2e lib/key-functions/public/basic.o
                0x0000000000001cae                kbfun_press_release
 .text.kbfun_transparent
                0x0000000000001cdc       0x2c lib/key-functions/public/basic.o
                0x0000000000001cdc                kbfun_transparent
 .text.kbfun_layer_push_1
                0x0000000000001d08        0x4 lib/key-functions/public/basic.o
                0x0000000000001d08                kbfun_layer_push_1
 .text.kbfun_layer_pop_1
                0x0000000000001d0c        0x4 lib/key-functions/public/basic.o
                0x0000000000001d0c                kbfun_layer_pop_1
 .text.kbfun_layer_pop_2
                0x0000000000001d10        0x4 lib/key-functions/public/basic.o
                0x0000000000001d10                kbfun_layer_pop_2
 .text.kbfun_layer_pop_3
                0x0000000000001d14        0x4 lib/key-functions/public/basic.o
                0x0000000000001d14                kbfun_layer_pop_3
 .text.kbfun_layer_pop_4
                0x0000000000001d18        0x4 lib/key-functions/public/basic.o
                0x0000000000001d18                kbfun_layer_pop_4
 .text.kbfun_layer_pop_5
                0x0000000000001d1c        0x4 lib/key-functions/public/basic.o
                0x0000000000001d1c                kbfun_layer_pop_5
 .text.kbfun_layer_pop_6
                0x0000000000001d20        0x4 lib/key-functions/public/basic.o
                0x0000000000001d20                kbfun_layer_pop_6
 .text.kbfun_layer_pop_7
                0x0000000000001d24        0x4 lib/key-functions/public/basic.o
                0x0000000000001d24                kbfun_layer_pop_7
 .text.kbfun_layer_pop_8
                0x0000000000001d28        0x4 lib/key-functions/public/basic.o
                0x0000000000001d28                kbfun_layer_pop_8
 .text.kbfun_layer_pop_9
                0x0000000000001d2c        0x4 lib/key-functions/public/basic.o
                0x0000000000001d2c                kbfun_layer_pop_9
 .text.kbfun_layer_pop_10
                0x0000000000001d30        0x4 lib/key-functions/public/basic.o
                0x0000000000001d30                kbfun_layer_pop_10
 .text.kbfun_jump_to_bootloader
                0x0000000000001d34       0x64 lib/key-functions/public/device.o
                0x0000000000001d34                kbfun_jump_to_bootloader
 .text.usb_wait_in_ready
                0x0000000000001d98        0xa lib-other/pjrc/usb_keyboard/usb_keyboard.o
 .text.usb_init
                0x0000000000001da2       0x2e lib-other/pjrc/usb_keyboard/usb_keyboard.o
                0x0000000000001da2                usb_init
 .text.usb_configured
                0x0000000000001dd0        0x6 lib-other/pjrc/usb_keyboard/usb_keyboard.o
                0x0000000000001dd0                usb_configured
 .text.usb_keyboard_send
                0x0000000000001dd6       0x70 lib-other/pjrc/usb_keyboard/usb_keyboard.o
                0x0000000000001dd6                usb_keyboard_send
 .text.__vector_10
                0x0000000000001e46       0xb4 lib-other/pjrc/usb_keyboard/usb_keyboard.o
                0x0000000000001e46                __vector_10
 .text.__vector_11
                0x0000000000001efa      0x2ca lib-other/pjrc/usb_keyboard/usb_keyboard.o
                0x0000000000001efa                __vector_11
 .text.set_mode
                0x00000000000021c4        0x6 lib-vimyak/vimyak.o
                0x00000000000021c4                set_mode
 .text.set_skip_further_commands
                0x00000000000021ca        0x8 lib-vimyak/vimyak.o
                0x00000000000021ca                set_skip_further_commands
 .text.set_repeatable_key
                0x00000000000021d2        0x8 lib-vimyak/vimyak.o
                0x00000000000021d2                set_repeatable_key
 .text._handle_sending_of_keys
                0x00000000000021da       0x70 lib-vimyak/vimyak.o
                0x00000000000021da                _handle_sending_of_keys
 .text._LEDhandler
                0x000000000000224a       0x24 lib-vimyak/vimyak.o
                0x000000000000224a                _LEDhandler
 .text.vimyak_init
                0x000000000000226e        0x6 lib-vimyak/vimyak.o
                0x000000000000226e                vimyak_init
 .text._key_handler
                0x0000000000002274       0x32 lib-vimyak/vimyak.o
                0x0000000000002274                _key_handler
 .text._pre_command_handler
                0x00000000000022a6       0x14 lib-vimyak/vimyak.o
                0x00000000000022a6                _pre_command_handler
 .text.vimyak_keyhandler
                0x00000000000022ba       0x76 lib-vimyak/vimyak.o
                0x00000000000022ba                vimyak_keyhandler
 .text.__do_send
                0x0000000000002330       0x28 lib-vimyak/modes/mode-utilities.o
                0x0000000000002330                __do_send
 .text.__do_down
                0x0000000000002358       0x18 lib-vimyak/modes/mode-utilities.o
                0x0000000000002358                __do_down
 .text.normal_mode_loop
                0x0000000000002370       0x26 lib-vimyak/modes/normal-mode.o
                0x0000000000002370                normal_mode_loop
                0x0000000000002396                . = ALIGN (0x2)
 *(.fini9)
 .fini9         0x0000000000002396        0x0 /usr/local/Cellar/avr-gcc/4.7.2/lib/gcc/avr/4.7.2/avr5/libgcc.a(_exit.o)
                0x0000000000002396                exit
                0x0000000000002396                _exit
 *(.fini9)
 *(.fini8)
 *(.fini8)
 *(.fini7)
 *(.fini7)
 *(.fini6)
 *(.fini6)
 *(.fini5)
 *(.fini5)
 *(.fini4)
 *(.fini4)
 *(.fini3)
 *(.fini3)
 *(.fini2)
 *(.fini2)
 *(.fini1)
 *(.fini1)
 *(.fini0)
 .fini0         0x0000000000002396        0x4 /usr/local/Cellar/avr-gcc/4.7.2/lib/gcc/avr/4.7.2/avr5/libgcc.a(_exit.o)
 *(.fini0)
                0x000000000000239a                _etext = .

.data           0x0000000000800100       0x1a load address 0x000000000000239a
                0x0000000000800100                PROVIDE (__data_start, .)
 *(.data)
 .data          0x0000000000800100        0x0 /usr/local/Cellar/avr-gcc/4.7.2/lib/gcc/avr/4.7.2/../../../../avr/lib/avr5/crtm32u4.o
 .data          0x0000000000800100        0x0 main.o
 .data          0x0000000000800100        0x0 keyboard/ergodox/controller.o
 .data          0x0000000000800100        0x0 keyboard/ergodox/controller/mcp23018.o
 .data          0x0000000000800100        0x0 keyboard/ergodox/controller/teensy-2-0.o
 .data          0x0000000000800100        0x0 keyboard/ergodox/layout/default--layout.o
 .data          0x0000000000800100        0x0 lib/key-functions/private.o
 .data          0x0000000000800100        0x0 lib/twi/teensy-2-0.o
 .data          0x0000000000800100        0x0 lib/usb/TODO.o
 .data          0x0000000000800100        0x0 lib/key-functions/public/basic.o
 .data          0x0000000000800100        0x0 lib/key-functions/public/device.o
 .data          0x0000000000800100        0x0 lib/key-functions/public/special.o
 .data          0x0000000000800100        0x0 lib-other/pjrc/usb_keyboard/usb_keyboard.o
 .data          0x0000000000800100        0x0 lib-vimyak/vimyak.o
 .data          0x0000000000800100        0x0 lib-vimyak/modes/mode-utilities.o
 .data          0x0000000000800100        0x0 lib-vimyak/modes/normal-mode.o
 .data          0x0000000000800100        0x0 lib-vimyak/modes/visual-mode.o
 .data          0x0000000000800100        0x0 /usr/local/Cellar/avr-gcc/4.7.2/lib/gcc/avr/4.7.2/avr5/libgcc.a(_exit.o)
 .data          0x0000000000800100        0x0 /usr/local/Cellar/avr-gcc/4.7.2/lib/gcc/avr/4.7.2/avr5/libgcc.a(_copy_data.o)
 .data          0x0000000000800100        0x0 /usr/local/Cellar/avr-gcc/4.7.2/lib/gcc/avr/4.7.2/avr5/libgcc.a(_clear_bss.o)
 *(.data*)
 .data.layers_ids_in_use
                0x0000000000800100       0x14 main.o
                0x0000000000800100                layers_ids_in_use
 .data.main_kb_was_pressed
                0x0000000000800114        0x2 main.o
                0x0000000000800114                main_kb_was_pressed
 .data.main_kb_is_pressed
                0x0000000000800116        0x2 main.o
                0x0000000000800116                main_kb_is_pressed
 .data.keyboard_idle_config
                0x0000000000800118        0x1 lib-other/pjrc/usb_keyboard/usb_keyboard.o
 .data.keyboard_protocol
                0x0000000000800119        0x1 lib-other/pjrc/usb_keyboard/usb_keyboard.o
 *(.rodata)
 *(.rodata*)
 *(.gnu.linkonce.d*)
                0x000000000080011a                . = ALIGN (0x2)
                0x000000000080011a                _edata = .
                0x000000000080011a                PROVIDE (__data_end, .)

.bss            0x000000000080011a      0x15a
                0x000000000080011a                PROVIDE (__bss_start, .)
 *(.bss)
 *(.bss*)
 .bss.layers_head
                0x000000000080011a        0x1 main.o
                0x000000000080011a                layers_head
 .bss.keyboard_keys_temp
                0x000000000080011b        0x6 main.o
                0x000000000080011b                keyboard_keys_temp
 .bss.keyboard_modifier_keys_temp
                0x0000000000800121        0x1 main.o
                0x0000000000800121                keyboard_modifier_keys_temp
 .bss._main_kb_was_pressed
                0x0000000000800122       0x54 main.o
 .bss._main_kb_is_pressed
                0x0000000000800176       0x54 main.o
 .bss.layer_ids
                0x00000000008001ca       0x14 lib/key-functions/public/basic.o
 .bss.keyboard_leds
                0x00000000008001de        0x1 lib-other/pjrc/usb_keyboard/usb_keyboard.o
                0x00000000008001de                keyboard_leds
 .bss.keyboard_keys
                0x00000000008001df        0x6 lib-other/pjrc/usb_keyboard/usb_keyboard.o
                0x00000000008001df                keyboard_keys
 .bss.keyboard_modifier_keys
                0x00000000008001e5        0x1 lib-other/pjrc/usb_keyboard/usb_keyboard.o
                0x00000000008001e5                keyboard_modifier_keys
 .bss.usb_configuration
                0x00000000008001e6        0x1 lib-other/pjrc/usb_keyboard/usb_keyboard.o
 .bss.keyboard_idle_count
                0x00000000008001e7        0x1 lib-other/pjrc/usb_keyboard/usb_keyboard.o
 .bss.div4.1611
                0x00000000008001e8        0x1 lib-other/pjrc/usb_keyboard/usb_keyboard.o
 *(COMMON)
 COMMON         0x00000000008001e9       0x84 main.o
                0x00000000008001e9                main_loop_row
                0x00000000008001ea                main_layers_pressed
                0x000000000080023e                main_arg_row
                0x000000000080023f                main_arg_layer
                0x0000000000800240                layers
                0x0000000000800268                main_arg_was_pressed
                0x0000000000800269                main_arg_is_pressed
                0x000000000080026a                main_loop_col
                0x000000000080026b                main_arg_layer_offset
                0x000000000080026c                main_arg_col
 COMMON         0x000000000080026d        0x6 lib-vimyak/vimyak.o
                0x000000000080026d                _keypress_message_sent
                0x000000000080026e                _repeating_key
                0x000000000080026f                _flush_keys
                0x0000000000800270                _keyboard_state
                0x0000000000800271                _ignore_rest_of_keys
                0x0000000000800272                _previous_state
 COMMON         0x0000000000800273        0x1 lib-vimyak/modes/mode-utilities.o
                0x0000000000800273                my_modifiers
                0x0000000000800274                PROVIDE (__bss_end, .)
                0x000000000000239a                __data_load_start = LOADADDR (.data)
                0x00000000000023b4                __data_load_end = (__data_load_start + SIZEOF (.data))

.noinit         0x0000000000800274        0x0
                0x0000000000800274                PROVIDE (__noinit_start, .)
 *(.noinit*)
                0x0000000000800274                PROVIDE (__noinit_end, .)
                0x0000000000800274                _end = .
                0x0000000000800274                PROVIDE (__heap_start, .)

.eeprom         0x0000000000810000        0x0
 *(.eeprom*)
                0x0000000000810000                __eeprom_end = .

.fuse
 *(.fuse)
 *(.lfuse)
 *(.hfuse)
 *(.efuse)

.lock
 *(.lock*)

.signature
 *(.signature*)

.stab           0x0000000000000000      0x6cc
 *(.stab)
 .stab          0x0000000000000000      0x6cc /usr/local/Cellar/avr-gcc/4.7.2/lib/gcc/avr/4.7.2/../../../../avr/lib/avr5/crtm32u4.o

.stabstr        0x0000000000000000       0x81
 *(.stabstr)
 .stabstr       0x0000000000000000       0x81 /usr/local/Cellar/avr-gcc/4.7.2/lib/gcc/avr/4.7.2/../../../../avr/lib/avr5/crtm32u4.o

.stab.excl
 *(.stab.excl)

.stab.exclstr
 *(.stab.exclstr)

.stab.index
 *(.stab.index)

.stab.indexstr
 *(.stab.indexstr)

.comment        0x0000000000000000       0x11
 *(.comment)
 .comment       0x0000000000000000       0x11 main.o
                                         0x12 (size before relaxing)
 .comment       0x0000000000000000       0x12 keyboard/ergodox/controller.o
 .comment       0x0000000000000000       0x12 keyboard/ergodox/controller/mcp23018.o
 .comment       0x0000000000000000       0x12 keyboard/ergodox/controller/teensy-2-0.o
 .comment       0x0000000000000000       0x12 keyboard/ergodox/layout/default--layout.o
 .comment       0x0000000000000000       0x12 lib/key-functions/private.o
 .comment       0x0000000000000000       0x12 lib/twi/teensy-2-0.o
 .comment       0x0000000000000000       0x12 lib/usb/TODO.o
 .comment       0x0000000000000000       0x12 lib/key-functions/public/basic.o
 .comment       0x0000000000000000       0x12 lib/key-functions/public/device.o
 .comment       0x0000000000000000       0x12 lib/key-functions/public/special.o
 .comment       0x0000000000000000       0x12 lib-other/pjrc/usb_keyboard/usb_keyboard.o
 .comment       0x0000000000000000       0x12 lib-vimyak/vimyak.o
 .comment       0x0000000000000000       0x12 lib-vimyak/modes/mode-utilities.o
 .comment       0x0000000000000000       0x12 lib-vimyak/modes/normal-mode.o
 .comment       0x0000000000000000       0x12 lib-vimyak/modes/visual-mode.o

.debug
 *(.debug)

.line
 *(.line)

.debug_srcinfo
 *(.debug_srcinfo)

.debug_sfnames
 *(.debug_sfnames)

.debug_aranges  0x0000000000000000       0x60
 *(.debug_aranges)
 .debug_aranges
                0x0000000000000000       0x20 /usr/local/Cellar/avr-gcc/4.7.2/lib/gcc/avr/4.7.2/avr5/libgcc.a(_exit.o)
 .debug_aranges
                0x0000000000000020       0x20 /usr/local/Cellar/avr-gcc/4.7.2/lib/gcc/avr/4.7.2/avr5/libgcc.a(_copy_data.o)
 .debug_aranges
                0x0000000000000040       0x20 /usr/local/Cellar/avr-gcc/4.7.2/lib/gcc/avr/4.7.2/avr5/libgcc.a(_clear_bss.o)

.debug_pubnames
 *(.debug_pubnames)

.debug_info     0x0000000000000000      0x1a4
 *(.debug_info)
 .debug_info    0x0000000000000000       0x8c /usr/local/Cellar/avr-gcc/4.7.2/lib/gcc/avr/4.7.2/avr5/libgcc.a(_exit.o)
 .debug_info    0x000000000000008c       0x8c /usr/local/Cellar/avr-gcc/4.7.2/lib/gcc/avr/4.7.2/avr5/libgcc.a(_copy_data.o)
 .debug_info    0x0000000000000118       0x8c /usr/local/Cellar/avr-gcc/4.7.2/lib/gcc/avr/4.7.2/avr5/libgcc.a(_clear_bss.o)
 *(.gnu.linkonce.wi.*)

.debug_abbrev   0x0000000000000000       0x3c
 *(.debug_abbrev)
 .debug_abbrev  0x0000000000000000       0x14 /usr/local/Cellar/avr-gcc/4.7.2/lib/gcc/avr/4.7.2/avr5/libgcc.a(_exit.o)
 .debug_abbrev  0x0000000000000014       0x14 /usr/local/Cellar/avr-gcc/4.7.2/lib/gcc/avr/4.7.2/avr5/libgcc.a(_copy_data.o)
 .debug_abbrev  0x0000000000000028       0x14 /usr/local/Cellar/avr-gcc/4.7.2/lib/gcc/avr/4.7.2/avr5/libgcc.a(_clear_bss.o)

.debug_line     0x0000000000000000      0x120
 *(.debug_line)
 .debug_line    0x0000000000000000       0x5b /usr/local/Cellar/avr-gcc/4.7.2/lib/gcc/avr/4.7.2/avr5/libgcc.a(_exit.o)
 .debug_line    0x000000000000005b       0x64 /usr/local/Cellar/avr-gcc/4.7.2/lib/gcc/avr/4.7.2/avr5/libgcc.a(_copy_data.o)
 .debug_line    0x00000000000000bf       0x61 /usr/local/Cellar/avr-gcc/4.7.2/lib/gcc/avr/4.7.2/avr5/libgcc.a(_clear_bss.o)

.debug_frame
 *(.debug_frame)

.debug_str
 *(.debug_str)

.debug_loc
 *(.debug_loc)

.debug_macinfo
 *(.debug_macinfo)

.debug_pubtypes
 *(.debug_pubtypes)

.debug_ranges
 *(.debug_ranges)

.debug_macro
 *(.debug_macro)
OUTPUT(firmware.elf elf32-avr)
LOAD linker stubs

Cross Reference Table

Symbol                                            File
_LEDhandler                                       lib-vimyak/vimyak.o
__bad_interrupt                                   /usr/local/Cellar/avr-gcc/4.7.2/lib/gcc/avr/4.7.2/../../../../avr/lib/avr5/crtm32u4.o
__bss_end                                         /usr/local/Cellar/avr-gcc/4.7.2/lib/gcc/avr/4.7.2/avr5/libgcc.a(_clear_bss.o)
__bss_start                                       /usr/local/Cellar/avr-gcc/4.7.2/lib/gcc/avr/4.7.2/avr5/libgcc.a(_clear_bss.o)
__data_end                                        /usr/local/Cellar/avr-gcc/4.7.2/lib/gcc/avr/4.7.2/avr5/libgcc.a(_copy_data.o)
__data_load_start                                 /usr/local/Cellar/avr-gcc/4.7.2/lib/gcc/avr/4.7.2/avr5/libgcc.a(_copy_data.o)
__data_start                                      /usr/local/Cellar/avr-gcc/4.7.2/lib/gcc/avr/4.7.2/avr5/libgcc.a(_copy_data.o)
__debug_it                                        lib-vimyak/modes/mode-utilities.o
__debug_num                                       lib-vimyak/modes/mode-utilities.o
__do_clear_bss                                    /usr/local/Cellar/avr-gcc/4.7.2/lib/gcc/avr/4.7.2/avr5/libgcc.a(_clear_bss.o)
                                                  lib-vimyak/modes/mode-utilities.o
                                                  lib-vimyak/vimyak.o
                                                  lib-other/pjrc/usb_keyboard/usb_keyboard.o
                                                  lib/key-functions/public/special.o
                                                  lib/key-functions/public/basic.o
                                                  main.o
__do_copy_data                                    /usr/local/Cellar/avr-gcc/4.7.2/lib/gcc/avr/4.7.2/avr5/libgcc.a(_copy_data.o)
                                                  lib-vimyak/modes/mode-utilities.o
                                                  lib-other/pjrc/usb_keyboard/usb_keyboard.o
                                                  main.o
__do_copy_selection                               lib-vimyak/modes/mode-utilities.o
__do_delay                                        lib-vimyak/modes/mode-utilities.o
__do_delete_backwards                             lib-vimyak/modes/mode-utilities.o
__do_down                                         lib-vimyak/modes/mode-utilities.o
                                                  lib-vimyak/modes/normal-mode.o
__do_left                                         lib-vimyak/modes/mode-utilities.o
__do_left_word                                    lib-vimyak/modes/mode-utilities.o
__do_right                                        lib-vimyak/modes/mode-utilities.o
__do_right_word                                   lib-vimyak/modes/mode-utilities.o
__do_scroll_down                                  lib-vimyak/modes/mode-utilities.o
__do_scroll_up                                    lib-vimyak/modes/mode-utilities.o
__do_select_all_word                              lib-vimyak/modes/mode-utilities.o
__do_select_line                                  lib-vimyak/modes/mode-utilities.o
__do_send                                         lib-vimyak/modes/mode-utilities.o
__do_set_mark                                     lib-vimyak/modes/mode-utilities.o
__do_swap_with_mark                               lib-vimyak/modes/mode-utilities.o
__do_up                                           lib-vimyak/modes/mode-utilities.o
__go_beginning_of_line                            lib-vimyak/modes/mode-utilities.o
__go_end_of_line                                  lib-vimyak/modes/mode-utilities.o
__go_soft_beginning_of_line                       lib-vimyak/modes/mode-utilities.o
__go_soft_beginning_of_lineNONScrivener           lib-vimyak/modes/mode-utilities.o
__heap_end                                        /usr/local/Cellar/avr-gcc/4.7.2/lib/gcc/avr/4.7.2/../../../../avr/lib/avr5/crtm32u4.o
__init                                            /usr/local/Cellar/avr-gcc/4.7.2/lib/gcc/avr/4.7.2/../../../../avr/lib/avr5/crtm32u4.o
__stack                                           /usr/local/Cellar/avr-gcc/4.7.2/lib/gcc/avr/4.7.2/../../../../avr/lib/avr5/crtm32u4.o
__vector_1                                        /usr/local/Cellar/avr-gcc/4.7.2/lib/gcc/avr/4.7.2/../../../../avr/lib/avr5/crtm32u4.o
__vector_10                                       lib-other/pjrc/usb_keyboard/usb_keyboard.o
                                                  /usr/local/Cellar/avr-gcc/4.7.2/lib/gcc/avr/4.7.2/../../../../avr/lib/avr5/crtm32u4.o
__vector_11                                       lib-other/pjrc/usb_keyboard/usb_keyboard.o
                                                  /usr/local/Cellar/avr-gcc/4.7.2/lib/gcc/avr/4.7.2/../../../../avr/lib/avr5/crtm32u4.o
__vector_12                                       /usr/local/Cellar/avr-gcc/4.7.2/lib/gcc/avr/4.7.2/../../../../avr/lib/avr5/crtm32u4.o
__vector_13                                       /usr/local/Cellar/avr-gcc/4.7.2/lib/gcc/avr/4.7.2/../../../../avr/lib/avr5/crtm32u4.o
__vector_14                                       /usr/local/Cellar/avr-gcc/4.7.2/lib/gcc/avr/4.7.2/../../../../avr/lib/avr5/crtm32u4.o
__vector_15                                       /usr/local/Cellar/avr-gcc/4.7.2/lib/gcc/avr/4.7.2/../../../../avr/lib/avr5/crtm32u4.o
__vector_16                                       /usr/local/Cellar/avr-gcc/4.7.2/lib/gcc/avr/4.7.2/../../../../avr/lib/avr5/crtm32u4.o
__vector_17                                       /usr/local/Cellar/avr-gcc/4.7.2/lib/gcc/avr/4.7.2/../../../../avr/lib/avr5/crtm32u4.o
__vector_18                                       /usr/local/Cellar/avr-gcc/4.7.2/lib/gcc/avr/4.7.2/../../../../avr/lib/avr5/crtm32u4.o
__vector_19                                       /usr/local/Cellar/avr-gcc/4.7.2/lib/gcc/avr/4.7.2/../../../../avr/lib/avr5/crtm32u4.o
__vector_2                                        /usr/local/Cellar/avr-gcc/4.7.2/lib/gcc/avr/4.7.2/../../../../avr/lib/avr5/crtm32u4.o
__vector_20                                       /usr/local/Cellar/avr-gcc/4.7.2/lib/gcc/avr/4.7.2/../../../../avr/lib/avr5/crtm32u4.o
__vector_21                                       /usr/local/Cellar/avr-gcc/4.7.2/lib/gcc/avr/4.7.2/../../../../avr/lib/avr5/crtm32u4.o
__vector_22                                       /usr/local/Cellar/avr-gcc/4.7.2/lib/gcc/avr/4.7.2/../../../../avr/lib/avr5/crtm32u4.o
__vector_23                                       /usr/local/Cellar/avr-gcc/4.7.2/lib/gcc/avr/4.7.2/../../../../avr/lib/avr5/crtm32u4.o
__vector_24                                       /usr/local/Cellar/avr-gcc/4.7.2/lib/gcc/avr/4.7.2/../../../../avr/lib/avr5/crtm32u4.o
__vector_25                                       /usr/local/Cellar/avr-gcc/4.7.2/lib/gcc/avr/4.7.2/../../../../avr/lib/avr5/crtm32u4.o
__vector_26                                       /usr/local/Cellar/avr-gcc/4.7.2/lib/gcc/avr/4.7.2/../../../../avr/lib/avr5/crtm32u4.o
__vector_27                                       /usr/local/Cellar/avr-gcc/4.7.2/lib/gcc/avr/4.7.2/../../../../avr/lib/avr5/crtm32u4.o
__vector_28                                       /usr/local/Cellar/avr-gcc/4.7.2/lib/gcc/avr/4.7.2/../../../../avr/lib/avr5/crtm32u4.o
__vector_29                                       /usr/local/Cellar/avr-gcc/4.7.2/lib/gcc/avr/4.7.2/../../../../avr/lib/avr5/crtm32u4.o
__vector_3                                        /usr/local/Cellar/avr-gcc/4.7.2/lib/gcc/avr/4.7.2/../../../../avr/lib/avr5/crtm32u4.o
__vector_30                                       /usr/local/Cellar/avr-gcc/4.7.2/lib/gcc/avr/4.7.2/../../../../avr/lib/avr5/crtm32u4.o
__vector_31                                       /usr/local/Cellar/avr-gcc/4.7.2/lib/gcc/avr/4.7.2/../../../../avr/lib/avr5/crtm32u4.o
__vector_32                                       /usr/local/Cellar/avr-gcc/4.7.2/lib/gcc/avr/4.7.2/../../../../avr/lib/avr5/crtm32u4.o
__vector_33                                       /usr/local/Cellar/avr-gcc/4.7.2/lib/gcc/avr/4.7.2/../../../../avr/lib/avr5/crtm32u4.o
__vector_34                                       /usr/local/Cellar/avr-gcc/4.7.2/lib/gcc/avr/4.7.2/../../../../avr/lib/avr5/crtm32u4.o
__vector_35                                       /usr/local/Cellar/avr-gcc/4.7.2/lib/gcc/avr/4.7.2/../../../../avr/lib/avr5/crtm32u4.o
__vector_36                                       /usr/local/Cellar/avr-gcc/4.7.2/lib/gcc/avr/4.7.2/../../../../avr/lib/avr5/crtm32u4.o
__vector_37                                       /usr/local/Cellar/avr-gcc/4.7.2/lib/gcc/avr/4.7.2/../../../../avr/lib/avr5/crtm32u4.o
__vector_38                                       /usr/local/Cellar/avr-gcc/4.7.2/lib/gcc/avr/4.7.2/../../../../avr/lib/avr5/crtm32u4.o
__vector_39                                       /usr/local/Cellar/avr-gcc/4.7.2/lib/gcc/avr/4.7.2/../../../../avr/lib/avr5/crtm32u4.o
__vector_4                                        /usr/local/Cellar/avr-gcc/4.7.2/lib/gcc/avr/4.7.2/../../../../avr/lib/avr5/crtm32u4.o
__vector_40                                       /usr/local/Cellar/avr-gcc/4.7.2/lib/gcc/avr/4.7.2/../../../../avr/lib/avr5/crtm32u4.o
__vector_41                                       /usr/local/Cellar/avr-gcc/4.7.2/lib/gcc/avr/4.7.2/../../../../avr/lib/avr5/crtm32u4.o
__vector_42                                       /usr/local/Cellar/avr-gcc/4.7.2/lib/gcc/avr/4.7.2/../../../../avr/lib/avr5/crtm32u4.o
__vector_5                                        /usr/local/Cellar/avr-gcc/4.7.2/lib/gcc/avr/4.7.2/../../../../avr/lib/avr5/crtm32u4.o
__vector_6                                        /usr/local/Cellar/avr-gcc/4.7.2/lib/gcc/avr/4.7.2/../../../../avr/lib/avr5/crtm32u4.o
__vector_7                                        /usr/local/Cellar/avr-gcc/4.7.2/lib/gcc/avr/4.7.2/../../../../avr/lib/avr5/crtm32u4.o
__vector_8                                        /usr/local/Cellar/avr-gcc/4.7.2/lib/gcc/avr/4.7.2/../../../../avr/lib/avr5/crtm32u4.o
__vector_9                                        /usr/local/Cellar/avr-gcc/4.7.2/lib/gcc/avr/4.7.2/../../../../avr/lib/avr5/crtm32u4.o
__vector_default                                  /usr/local/Cellar/avr-gcc/4.7.2/lib/gcc/avr/4.7.2/../../../../avr/lib/avr5/crtm32u4.o
__vectors                                         /usr/local/Cellar/avr-gcc/4.7.2/lib/gcc/avr/4.7.2/../../../../avr/lib/avr5/crtm32u4.o
_exit                                             /usr/local/Cellar/avr-gcc/4.7.2/lib/gcc/avr/4.7.2/avr5/libgcc.a(_exit.o)
_flush_keys                                       lib-vimyak/vimyak.o
_handle_sending_of_keys                           lib-vimyak/vimyak.o
_ignore_rest_of_keys                              lib-vimyak/vimyak.o
_kb_layout                                        keyboard/ergodox/layout/default--layout.o
                                                  lib/key-functions/public/special.o
                                                  lib/key-functions/public/basic.o
_kb_layout_press                                  keyboard/ergodox/layout/default--layout.o
                                                  main.o
_kb_layout_release                                keyboard/ergodox/layout/default--layout.o
                                                  main.o
_kbfun_is_pressed                                 lib/key-functions/private.o
                                                  lib/key-functions/public/special.o
                                                  lib/key-functions/public/basic.o
_kbfun_press_release                              lib/key-functions/private.o
                                                  lib/key-functions/public/special.o
                                                  lib/key-functions/public/basic.o
_key_handler                                      lib-vimyak/vimyak.o
_keyboard_state                                   lib-vimyak/vimyak.o
_keypress_message_sent                            lib-vimyak/vimyak.o
_pre_command_handler                              lib-vimyak/vimyak.o
_previous_state                                   lib-vimyak/vimyak.o
_repeating_key                                    lib-vimyak/vimyak.o
_vimyak_reset                                     lib-vimyak/vimyak.o
exit                                              /usr/local/Cellar/avr-gcc/4.7.2/lib/gcc/avr/4.7.2/avr5/libgcc.a(_exit.o)
                                                  /usr/local/Cellar/avr-gcc/4.7.2/lib/gcc/avr/4.7.2/../../../../avr/lib/avr5/crtm32u4.o
kb_init                                           keyboard/ergodox/controller.o
                                                  main.o
kb_update_matrix                                  keyboard/ergodox/controller.o
                                                  main.o
kbfun_2_keys_capslock_press_release               lib/key-functions/public/special.o
kbfun_jump_to_bootloader                          lib/key-functions/public/device.o
                                                  keyboard/ergodox/layout/default--layout.o
kbfun_layer_pop_1                                 lib/key-functions/public/basic.o
                                                  keyboard/ergodox/layout/default--layout.o
kbfun_layer_pop_10                                lib/key-functions/public/basic.o
                                                  keyboard/ergodox/layout/default--layout.o
kbfun_layer_pop_2                                 lib/key-functions/public/basic.o
                                                  keyboard/ergodox/layout/default--layout.o
kbfun_layer_pop_3                                 lib/key-functions/public/basic.o
                                                  keyboard/ergodox/layout/default--layout.o
kbfun_layer_pop_4                                 lib/key-functions/public/basic.o
                                                  keyboard/ergodox/layout/default--layout.o
kbfun_layer_pop_5                                 lib/key-functions/public/basic.o
                                                  keyboard/ergodox/layout/default--layout.o
kbfun_layer_pop_6                                 lib/key-functions/public/basic.o
                                                  keyboard/ergodox/layout/default--layout.o
kbfun_layer_pop_7                                 lib/key-functions/public/basic.o
                                                  keyboard/ergodox/layout/default--layout.o
kbfun_layer_pop_8                                 lib/key-functions/public/basic.o
                                                  keyboard/ergodox/layout/default--layout.o
kbfun_layer_pop_9                                 lib/key-functions/public/basic.o
                                                  keyboard/ergodox/layout/default--layout.o
kbfun_layer_pop_all                               keyboard/ergodox/layout/default--layout.o
kbfun_layer_pop_numpad                            lib/key-functions/public/special.o
kbfun_layer_push_1                                lib/key-functions/public/basic.o
                                                  keyboard/ergodox/layout/default--layout.o
kbfun_layer_push_10                               lib/key-functions/public/basic.o
kbfun_layer_push_2                                lib/key-functions/public/basic.o
kbfun_layer_push_3                                lib/key-functions/public/basic.o
kbfun_layer_push_4                                lib/key-functions/public/basic.o
kbfun_layer_push_5                                lib/key-functions/public/basic.o
kbfun_layer_push_6                                lib/key-functions/public/basic.o
kbfun_layer_push_7                                lib/key-functions/public/basic.o
kbfun_layer_push_8                                lib/key-functions/public/basic.o
kbfun_layer_push_9                                lib/key-functions/public/basic.o
kbfun_layer_push_numpad                           lib/key-functions/public/special.o
kbfun_press_release                               lib/key-functions/public/basic.o
                                                  lib/key-functions/public/special.o
                                                  keyboard/ergodox/layout/default--layout.o
kbfun_shift_press_release                         lib/key-functions/public/special.o
kbfun_toggle                                      lib/key-functions/public/basic.o
kbfun_transparent                                 lib/key-functions/public/basic.o
                                                  keyboard/ergodox/layout/default--layout.o
keyboard_keys                                     lib-other/pjrc/usb_keyboard/usb_keyboard.o
                                                  lib-vimyak/modes/mode-utilities.o
                                                  lib-vimyak/vimyak.o
keyboard_keys_temp                                main.o
                                                  lib-vimyak/vimyak.o
                                                  lib/key-functions/private.o
keyboard_leds                                     lib-other/pjrc/usb_keyboard/usb_keyboard.o
keyboard_modifier_keys                            lib-other/pjrc/usb_keyboard/usb_keyboard.o
                                                  lib-vimyak/modes/mode-utilities.o
                                                  lib-vimyak/vimyak.o
keyboard_modifier_keys_temp                       main.o
                                                  lib-vimyak/vimyak.o
                                                  lib/key-functions/private.o
layers                                            main.o
layers_head                                       main.o
layers_ids_in_use                                 main.o
main                                              main.o
                                                  /usr/local/Cellar/avr-gcc/4.7.2/lib/gcc/avr/4.7.2/../../../../avr/lib/avr5/crtm32u4.o
main_arg_col                                      lib/key-functions/public/special.o
                                                  lib/key-functions/public/basic.o
                                                  main.o
main_arg_is_pressed                               lib/key-functions/public/special.o
                                                  lib/key-functions/public/basic.o
                                                  main.o
main_arg_layer                                    lib/key-functions/public/special.o
                                                  lib/key-functions/public/basic.o
                                                  main.o
main_arg_layer_offset                             lib/key-functions/public/basic.o
                                                  main.o
main_arg_row                                      lib/key-functions/public/special.o
                                                  lib/key-functions/public/basic.o
                                                  main.o
main_arg_was_pressed                              main.o
main_exec_key                                     main.o
                                                  lib/key-functions/public/basic.o
main_kb_is_pressed                                main.o
main_kb_was_pressed                               main.o
main_layers_get_offset_id                         main.o
main_layers_peek                                  main.o
                                                  lib/key-functions/public/basic.o
main_layers_pop_id                                main.o
                                                  lib/key-functions/public/special.o
                                                  lib/key-functions/public/basic.o
main_layers_pressed                               lib/key-functions/public/basic.o
                                                  main.o
main_layers_push                                  main.o
                                                  lib/key-functions/public/special.o
                                                  lib/key-functions/public/basic.o
main_loop_col                                     main.o
main_loop_row                                     main.o
mcp23018_init                                     keyboard/ergodox/controller/mcp23018.o
                                                  keyboard/ergodox/controller.o
mcp23018_update_matrix                            keyboard/ergodox/controller/mcp23018.o
                                                  keyboard/ergodox/controller.o
my_modifiers                                      lib-vimyak/modes/mode-utilities.o
normal_mode_loop                                  lib-vimyak/modes/normal-mode.o
                                                  lib-vimyak/vimyak.o
set_clear_buffer                                  lib-vimyak/vimyak.o
set_mode                                          lib-vimyak/vimyak.o
                                                  lib-vimyak/modes/normal-mode.o
set_repeatable_key                                lib-vimyak/vimyak.o
                                                  lib-vimyak/modes/normal-mode.o
set_skip_further_commands                         lib-vimyak/vimyak.o
                                                  lib-vimyak/modes/normal-mode.o
teensy_init                                       keyboard/ergodox/controller/teensy-2-0.o
                                                  keyboard/ergodox/controller.o
teensy_update_matrix                              keyboard/ergodox/controller/teensy-2-0.o
                                                  keyboard/ergodox/controller.o
twi_init                                          lib/twi/teensy-2-0.o
                                                  keyboard/ergodox/controller/teensy-2-0.o
twi_read                                          lib/twi/teensy-2-0.o
                                                  keyboard/ergodox/controller/mcp23018.o
twi_send                                          lib/twi/teensy-2-0.o
                                                  keyboard/ergodox/controller/mcp23018.o
twi_start                                         lib/twi/teensy-2-0.o
                                                  keyboard/ergodox/controller/mcp23018.o
twi_stop                                          lib/twi/teensy-2-0.o
                                                  keyboard/ergodox/controller/mcp23018.o
usb_configured                                    lib-other/pjrc/usb_keyboard/usb_keyboard.o
                                                  main.o
usb_init                                          lib-other/pjrc/usb_keyboard/usb_keyboard.o
                                                  main.o
usb_keyboard_press                                lib-other/pjrc/usb_keyboard/usb_keyboard.o
usb_keyboard_send                                 lib-other/pjrc/usb_keyboard/usb_keyboard.o
                                                  lib-vimyak/modes/mode-utilities.o
                                                  lib-vimyak/vimyak.o
                                                  lib/key-functions/public/special.o
vimyak_init                                       lib-vimyak/vimyak.o
                                                  main.o
vimyak_keyhandler                                 lib-vimyak/vimyak.o
                                                  main.o
